Archive member included to satisfy reference by file (symbol)

C:/ST/STM32CubeIDE_1.16.0/STM32CubeIDE/plugins/com.st.stm32cube.ide.mcu.externaltools.gnu-tools-for-stm32.12.3.rel1.win32_1.1.0.202410251130/tools/bin/../lib/gcc/arm-none-eabi/12.3.1/../../../../arm-none-eabi/lib/thumb/v7e-m+fp/hard\libc_nano.a(libc_a-exit.o)
                              C:/ST/STM32CubeIDE_1.16.0/STM32CubeIDE/plugins/com.st.stm32cube.ide.mcu.externaltools.gnu-tools-for-stm32.12.3.rel1.win32_1.1.0.202410251130/tools/bin/../lib/gcc/arm-none-eabi/12.3.1/../../../../arm-none-eabi/lib/thumb/v7e-m+fp/hard/crt0.o (exit)
C:/ST/STM32CubeIDE_1.16.0/STM32CubeIDE/plugins/com.st.stm32cube.ide.mcu.externaltools.gnu-tools-for-stm32.12.3.rel1.win32_1.1.0.202410251130/tools/bin/../lib/gcc/arm-none-eabi/12.3.1/../../../../arm-none-eabi/lib/thumb/v7e-m+fp/hard\libc_nano.a(libc_a-findfp.o)
                              C:/ST/STM32CubeIDE_1.16.0/STM32CubeIDE/plugins/com.st.stm32cube.ide.mcu.externaltools.gnu-tools-for-stm32.12.3.rel1.win32_1.1.0.202410251130/tools/bin/../lib/gcc/arm-none-eabi/12.3.1/../../../../arm-none-eabi/lib/thumb/v7e-m+fp/hard\libc_nano.a(libc_a-exit.o) (__stdio_exit_handler)
C:/ST/STM32CubeIDE_1.16.0/STM32CubeIDE/plugins/com.st.stm32cube.ide.mcu.externaltools.gnu-tools-for-stm32.12.3.rel1.win32_1.1.0.202410251130/tools/bin/../lib/gcc/arm-none-eabi/12.3.1/../../../../arm-none-eabi/lib/thumb/v7e-m+fp/hard\libc_nano.a(libc_a-fwalk.o)
                              C:/ST/STM32CubeIDE_1.16.0/STM32CubeIDE/plugins/com.st.stm32cube.ide.mcu.externaltools.gnu-tools-for-stm32.12.3.rel1.win32_1.1.0.202410251130/tools/bin/../lib/gcc/arm-none-eabi/12.3.1/../../../../arm-none-eabi/lib/thumb/v7e-m+fp/hard\libc_nano.a(libc_a-findfp.o) (_fwalk_sglue)
C:/ST/STM32CubeIDE_1.16.0/STM32CubeIDE/plugins/com.st.stm32cube.ide.mcu.externaltools.gnu-tools-for-stm32.12.3.rel1.win32_1.1.0.202410251130/tools/bin/../lib/gcc/arm-none-eabi/12.3.1/../../../../arm-none-eabi/lib/thumb/v7e-m+fp/hard\libc_nano.a(libc_a-printf.o)
                              ./Core/Src/ApplicationCode.o (printf)
C:/ST/STM32CubeIDE_1.16.0/STM32CubeIDE/plugins/com.st.stm32cube.ide.mcu.externaltools.gnu-tools-for-stm32.12.3.rel1.win32_1.1.0.202410251130/tools/bin/../lib/gcc/arm-none-eabi/12.3.1/../../../../arm-none-eabi/lib/thumb/v7e-m+fp/hard\libc_nano.a(libc_a-puts.o)
                              ./Core/Src/ApplicationCode.o (puts)
C:/ST/STM32CubeIDE_1.16.0/STM32CubeIDE/plugins/com.st.stm32cube.ide.mcu.externaltools.gnu-tools-for-stm32.12.3.rel1.win32_1.1.0.202410251130/tools/bin/../lib/gcc/arm-none-eabi/12.3.1/../../../../arm-none-eabi/lib/thumb/v7e-m+fp/hard\libc_nano.a(libc_a-stdio.o)
                              C:/ST/STM32CubeIDE_1.16.0/STM32CubeIDE/plugins/com.st.stm32cube.ide.mcu.externaltools.gnu-tools-for-stm32.12.3.rel1.win32_1.1.0.202410251130/tools/bin/../lib/gcc/arm-none-eabi/12.3.1/../../../../arm-none-eabi/lib/thumb/v7e-m+fp/hard\libc_nano.a(libc_a-findfp.o) (__sread)
C:/ST/STM32CubeIDE_1.16.0/STM32CubeIDE/plugins/com.st.stm32cube.ide.mcu.externaltools.gnu-tools-for-stm32.12.3.rel1.win32_1.1.0.202410251130/tools/bin/../lib/gcc/arm-none-eabi/12.3.1/../../../../arm-none-eabi/lib/thumb/v7e-m+fp/hard\libc_nano.a(libc_a-wbuf.o)
                              C:/ST/STM32CubeIDE_1.16.0/STM32CubeIDE/plugins/com.st.stm32cube.ide.mcu.externaltools.gnu-tools-for-stm32.12.3.rel1.win32_1.1.0.202410251130/tools/bin/../lib/gcc/arm-none-eabi/12.3.1/../../../../arm-none-eabi/lib/thumb/v7e-m+fp/hard\libc_nano.a(libc_a-puts.o) (__swbuf_r)
C:/ST/STM32CubeIDE_1.16.0/STM32CubeIDE/plugins/com.st.stm32cube.ide.mcu.externaltools.gnu-tools-for-stm32.12.3.rel1.win32_1.1.0.202410251130/tools/bin/../lib/gcc/arm-none-eabi/12.3.1/../../../../arm-none-eabi/lib/thumb/v7e-m+fp/hard\libc_nano.a(libc_a-wsetup.o)
                              C:/ST/STM32CubeIDE_1.16.0/STM32CubeIDE/plugins/com.st.stm32cube.ide.mcu.externaltools.gnu-tools-for-stm32.12.3.rel1.win32_1.1.0.202410251130/tools/bin/../lib/gcc/arm-none-eabi/12.3.1/../../../../arm-none-eabi/lib/thumb/v7e-m+fp/hard\libc_nano.a(libc_a-puts.o) (__swsetup_r)
C:/ST/STM32CubeIDE_1.16.0/STM32CubeIDE/plugins/com.st.stm32cube.ide.mcu.externaltools.gnu-tools-for-stm32.12.3.rel1.win32_1.1.0.202410251130/tools/bin/../lib/gcc/arm-none-eabi/12.3.1/../../../../arm-none-eabi/lib/thumb/v7e-m+fp/hard\libc_nano.a(libc_a-memset.o)
                              C:/ST/STM32CubeIDE_1.16.0/STM32CubeIDE/plugins/com.st.stm32cube.ide.mcu.externaltools.gnu-tools-for-stm32.12.3.rel1.win32_1.1.0.202410251130/tools/bin/../lib/gcc/arm-none-eabi/12.3.1/../../../../arm-none-eabi/lib/thumb/v7e-m+fp/hard/crt0.o (memset)
C:/ST/STM32CubeIDE_1.16.0/STM32CubeIDE/plugins/com.st.stm32cube.ide.mcu.externaltools.gnu-tools-for-stm32.12.3.rel1.win32_1.1.0.202410251130/tools/bin/../lib/gcc/arm-none-eabi/12.3.1/../../../../arm-none-eabi/lib/thumb/v7e-m+fp/hard\libc_nano.a(libc_a-closer.o)
[...]
Memory Configuration

Name             Origin             Length             Attributes
CCMRAM           0x10000000         0x00010000         xrw
RAM              0x20000000         0x00030000         xrw
FLASH            0x08000000         0x00200000         xr
*default*        0x00000000         0xffffffff

Linker script and memory map

LOAD C:/ST/STM32CubeIDE_1.16.0/STM32CubeIDE/plugins/com.st.stm32cube.ide.mcu.externaltools.gnu-tools-for-stm32.12.3.rel1.win32_1.1.0.202410251130/tools/bin/../lib/gcc/arm-none-eabi/12.3.1/thumb/v7e-m+fp/hard/crti.o
LOAD C:/ST/STM32CubeIDE_1.16.0/STM32CubeIDE/plugins/com.st.stm32cube.ide.mcu.externaltools.gnu-tools-for-stm32.12.3.rel1.win32_1.1.0.202410251130/tools/bin/../lib/gcc/arm-none-eabi/12.3.1/thumb/v7e-m+fp/hard/crtbegin.o
LOAD C:/ST/STM32CubeIDE_1.16.0/STM32CubeIDE/plugins/com.st.stm32cube.ide.mcu.externaltools.gnu-tools-for-stm32.12.3.rel1.win32_1.1.0.202410251130/tools/bin/../lib/gcc/arm-none-eabi/12.3.1/../../../../arm-none-eabi/lib/thumb/v7e-m+fp/hard/crt0.o
LOAD ./Core/Src/ApplicationCode.o
LOAD ./Core/Src/LCD_Driver.o
LOAD ./Core/Src/draw.o
LOAD ./Core/Src/fonts.o
LOAD ./Core/Src/game.o
LOAD ./Core/Src/gameBoard.o
LOAD ./Core/Src/ili9341.o
LOAD ./Core/Src/main.o
LOAD ./Core/Src/pieces.o
LOAD ./Core/Src/rand.o
LOAD ./Core/Src/screens.o
LOAD ./Core/Src/stm32f4xx_hal_msp.o
LOAD ./Core/Src/stm32f4xx_it.o
LOAD ./Core/Src/stmpe811.o
LOAD ./Core/Src/syscalls.o
LOAD ./Core/Src/sysmem.o
LOAD ./Core/Src/system_stm32f4xx.o
LOAD ./Core/Startup/startup_stm32f429zitx.o
LOAD ./Drivers/STM32F4xx_HAL_Driver/Src/stm32f4xx_hal.o
LOAD ./Drivers/STM32F4xx_HAL_Driver/Src/stm32f4xx_hal_cortex.o
LOAD ./Drivers/STM32F4xx_HAL_Driver/Src/stm32f4xx_hal_dma.o
LOAD ./Drivers/STM32F4xx_HAL_Driver/Src/stm32f4xx_hal_dma_ex.o
LOAD ./Drivers/STM32F4xx_HAL_Driver/Src/stm32f4xx_hal_dsi.o
LOAD ./Drivers/STM32F4xx_HAL_Driver/Src/stm32f4xx_hal_exti.o
LOAD ./Drivers/STM32F4xx_HAL_Driver/Src/stm32f4xx_hal_flash.o
LOAD ./Drivers/STM32F4xx_HAL_Driver/Src/stm32f4xx_hal_flash_ex.o
LOAD ./Drivers/STM32F4xx_HAL_Driver/Src/stm32f4xx_hal_flash_ramfunc.o
LOAD ./Drivers/STM32F4xx_HAL_Driver/Src/stm32f4xx_hal_gpio.o
LOAD ./Drivers/STM32F4xx_HAL_Driver/Src/stm32f4xx_hal_i2c.o
LOAD ./Drivers/STM32F4xx_HAL_Driver/Src/stm32f4xx_hal_i2c_ex.o
LOAD ./Drivers/STM32F4xx_HAL_Driver/Src/stm32f4xx_hal_ltdc.o
LOAD ./Drivers/STM32F4xx_HAL_Driver/Src/stm32f4xx_hal_ltdc_ex.o
LOAD ./Drivers/STM32F4xx_HAL_Driver/Src/stm32f4xx_hal_pwr.o
LOAD ./Drivers/STM32F4xx_HAL_Driver/Src/stm32f4xx_hal_pwr_ex.o
LOAD ./Drivers/STM32F4xx_HAL_Driver/Src/stm32f4xx_hal_rcc.o
LOAD ./Drivers/STM32F4xx_HAL_Driver/Src/stm32f4xx_hal_rcc_ex.o
LOAD ./Drivers/STM32F4xx_HAL_Driver/Src/stm32f4xx_hal_rng.o
LOAD ./Drivers/STM32F4xx_HAL_Driver/Src/stm32f4xx_hal_spi.o
LOAD ./Drivers/STM32F4xx_HAL_Driver/Src/stm32f4xx_hal_tim.o
LOAD ./Drivers/STM32F4xx_HAL_Driver/Src/stm32f4xx_hal_tim_ex.o
START GROUP
LOAD C:/ST/STM32CubeIDE_1.16.0/STM32CubeIDE/plugins/com.st.stm32cube.ide.mcu.externaltools.gnu-tools-for-stm32.12.3.rel1.win32_1.1.0.202410251130/tools/bin/../lib/gcc/arm-none-eabi/12.3.1/../../../../arm-none-eabi/lib/thumb/v7e-m+fp/hard\libc_nano.a
LOAD C:/ST/STM32CubeIDE_1.16.0/STM32CubeIDE/plugins/com.st.stm32cube.ide.mcu.externaltools.gnu-tools-for-stm32.12.3.rel1.win32_1.1.0.202410251130/tools/bin/../lib/gcc/arm-none-eabi/12.3.1/../../../../arm-none-eabi/lib/thumb/v7e-m+fp/hard\libm.a
END GROUP
START GROUP
LOAD C:/ST/STM32CubeIDE_1.16.0/STM32CubeIDE/plugins/com.st.stm32cube.ide.mcu.externaltools.gnu-tools-for-stm32.12.3.rel1.win32_1.1.0.202410251130/tools/bin/../lib/gcc/arm-none-eabi/12.3.1/thumb/v7e-m+fp/hard\libgcc.a
LOAD C:/ST/STM32CubeIDE_1.16.0/STM32CubeIDE/plugins/com.st.stm32cube.ide.mcu.externaltools.gnu-tools-for-stm32.12.3.rel1.win32_1.1.0.202410251130/tools/bin/../lib/gcc/arm-none-eabi/12.3.1/../../../../arm-none-eabi/lib/thumb/v7e-m+fp/hard\libc_nano.a
END GROUP
START GROUP
LOAD C:/ST/STM32CubeIDE_1.16.0/STM32CubeIDE/plugins/com.st.stm32cube.ide.mcu.externaltools.gnu-tools-for-stm32.12.3.rel1.win32_1.1.0.202410251130/tools/bin/../lib/gcc/arm-none-eabi/12.3.1/thumb/v7e-m+fp/hard\libgcc.a
LOAD C:/ST/STM32CubeIDE_1.16.0/STM32CubeIDE/plugins/com.st.stm32cube.ide.mcu.externaltools.gnu-tools-for-stm32.12.3.rel1.win32_1.1.0.202410251130/tools/bin/../lib/gcc/arm-none-eabi/12.3.1/../../../../arm-none-eabi/lib/thumb/v7e-m+fp/hard\libc_nano.a
LOAD C:/ST/STM32CubeIDE_1.16.0/STM32CubeIDE/plugins/com.st.stm32cube.ide.mcu.externaltools.gnu-tools-for-stm32.12.3.rel1.win32_1.1.0.202410251130/tools/bin/../lib/gcc/arm-none-eabi/12.3.1/../../../../arm-none-eabi/lib/thumb/v7e-m+fp/hard\libnosys.a
END GROUP
START GROUP
LOAD C:/ST/STM32CubeIDE_1.16.0/STM32CubeIDE/plugins/com.st.stm32cube.ide.mcu.externaltools.gnu-tools-for-stm32.12.3.rel1.win32_1.1.0.202410251130/tools/bin/../lib/gcc/arm-none-eabi/12.3.1/thumb/v7e-m+fp/hard\libgcc.a
LOAD C:/ST/STM32CubeIDE_1.16.0/STM32CubeIDE/plugins/com.st.stm32cube.ide.mcu.externaltools.gnu-tools-for-stm32.12.3.rel1.win32_1.1.0.202410251130/tools/bin/../lib/gcc/arm-none-eabi/12.3.1/../../../../arm-none-eabi/lib/thumb/v7e-m+fp/hard\libc_nano.a
LOAD C:/ST/STM32CubeIDE_1.16.0/STM32CubeIDE/plugins/com.st.stm32cube.ide.mcu.externaltools.gnu-tools-for-stm32.12.3.rel1.win32_1.1.0.202410251130/tools/bin/../lib/gcc/arm-none-eabi/12.3.1/../../../../arm-none-eabi/lib/thumb/v7e-m+fp/hard\libnosys.a
END GROUP
LOAD C:/ST/STM32CubeIDE_1.16.0/STM32CubeIDE/plugins/com.st.stm32cube.ide.mcu.externaltools.gnu-tools-for-stm32.12.3.rel1.win32_1.1.0.202410251130/tools/bin/../lib/gcc/arm-none-eabi/12.3.1/thumb/v7e-m+fp/hard/crtend.o
LOAD C:/ST/STM32CubeIDE_1.16.0/STM32CubeIDE/plugins/com.st.stm32cube.ide.mcu.externaltools.gnu-tools-for-stm32.12.3.rel1.win32_1.1.0.202410251130/tools/bin/../lib/gcc/arm-none-eabi/12.3.1/thumb/v7e-m+fp/hard/crtn.o
                0x20030000                        _estack = (ORIGIN (RAM) + LENGTH (RAM))
                0x00000200                        _Min_Heap_Size = 0x200
                0x00000400                        _Min_Stack_Size = 0x400

.isr_vector     0x08000000      0x1ac
                0x08000000                        . = ALIGN (0x4)
 *(.isr_vector)
 .isr_vector    0x08000000      0x1ac ./Core/Startup/startup_stm32f429zitx.o
                0x08000000                g_pfnVectors
                0x080001ac                        . = ALIGN (0x4)

.text           0x080001b0     0x73a8
                0x080001b0                        . = ALIGN (0x4)
 *(.text)
 .text          0x080001b0       0x40 C:/ST/STM32CubeIDE_1.16.0/STM32CubeIDE/plugins/com.st.stm32cube.ide.mcu.externaltools.gnu-tools-for-stm32.12.3.rel1.win32_1.1.0.202410251130/tools/bin/../lib/gcc/arm-none-eabi/12.3.1/thumb/v7e-m+fp/hard/crtbegin.o
 .text          0x080001f0       0xa0 C:/ST/STM32CubeIDE_1.16.0/STM32CubeIDE/plugins/com.st.stm32cube.ide.mcu.externaltools.gnu-tools-for-stm32.12.3.rel1.win32_1.1.0.202410251130/tools/bin/../lib/gcc/arm-none-eabi/12.3.1/../../../../arm-none-eabi/lib/thumb/v7e-m+fp/hard\libc_nano.a(libc_a-memchr.o)
                0x080001f0                memchr
 .text          0x08000290       0x30 C:/ST/STM32CubeIDE_1.16.0/STM32CubeIDE/plugins/com.st.stm32cube.ide.mcu.externaltools.gnu-tools-for-stm32.12.3.rel1.win32_1.1.0.202410251130/tools/bin/../lib/gcc/arm-none-eabi/12.3.1/thumb/v7e-m+fp/hard\libgcc.a(_aeabi_uldivmod.o)
                0x08000290                __aeabi_uldivmod
 .text          0x080002c0      0x2bc C:/ST/STM32CubeIDE_1.16.0/STM32CubeIDE/plugins/com.st.stm32cube.ide.mcu.externaltools.gnu-tools-for-stm32.12.3.rel1.win32_1.1.0.202410251130/tools/bin/../lib/gcc/arm-none-eabi/12.3.1/thumb/v7e-m+fp/hard\libgcc.a(_udivmoddi4.o)
                0x080002c0                __udivmoddi4
 .text          0x0800057c        0x4 C:/ST/STM32CubeIDE_1.16.0/STM32CubeIDE/plugins/com.st.stm32cube.ide.mcu.externaltools.gnu-tools-for-stm32.12.3.rel1.win32_1.1.0.202410251130/tools/bin/../lib/gcc/arm-none-eabi/12.3.1/thumb/v7e-m+fp/hard\libgcc.a(_dvmd_tls.o)
                0x0800057c                __aeabi_idiv0
                0x0800057c                __aeabi_ldiv0
 *(.text*)
 .text.ApplicationInit
                0x08000580       0x34 ./Core/Src/ApplicationCode.o
                0x08000580                ApplicationInit
 .text.Determine_Touch_Quadrant
                0x080005b4       0xc6 ./Core/Src/ApplicationCode.o
                0x080005b4                Determine_Touch_Quadrant
 *fill*         0x0800067a        0x2 
 .text.LCDTouchScreenInterruptGPIOInit
                0x0800067c       0x74 ./Core/Src/ApplicationCode.o
                0x0800067c                LCDTouchScreenInterruptGPIOInit
 .text.EXTI15_10_IRQHandler
                0x080006f0      0x1b8 ./Core/Src/ApplicationCode.o
                0x080006f0                EXTI15_10_IRQHandler
 .text.LCD_GPIO_Init
                0x080008a8      0x190 ./Core/Src/LCD_Driver.o
                0x080008a8                LCD_GPIO_Init
 .text.LTCD_Layer_Init
                0x08000a38       0x80 ./Core/Src/LCD_Driver.o
                0x08000a38                LTCD_Layer_Init
 .text.LTCD__Init
                0x08000ab8       0xbc ./Core/Src/LCD_Driver.o
                0x08000ab8                LTCD__Init
 .text.LCD_Draw_Pixel
                0x08000b74       0x48 ./Core/Src/LCD_Driver.o
                0x08000b74                LCD_Draw_Pixel
 .text.LCD_Draw_Circle_Fill
                0x08000bbc       0xa6 ./Core/Src/LCD_Driver.o
                0x08000bbc                LCD_Draw_Circle_Fill
 .text.LCD_Draw_Rectangle_Fill
                0x08000c62       0x78 ./Core/Src/LCD_Driver.o
                0x08000c62                LCD_Draw_Rectangle_Fill
 .text.Draw_BottomLeft_to_TopRight_Triangle_Fill
                0x08000cda       0x6c ./Core/Src/LCD_Driver.o
                0x08000cda                Draw_BottomLeft_to_TopRight_Triangle_Fill
 *fill*         0x08000d46        0x2 
 .text.LCD_Clear
                0x08000d48       0x44 ./Core/Src/LCD_Driver.o
                0x08000d48                LCD_Clear
 .text.LCD_SetTextColor
                0x08000d8c       0x20 ./Core/Src/LCD_Driver.o
                0x08000d8c                LCD_SetTextColor
 .text.LCD_SetFont
                0x08000dac       0x20 ./Core/Src/LCD_Driver.o
                0x08000dac                LCD_SetFont
 .text.LCD_Draw_Char
                0x08000dcc       0xdc ./Core/Src/LCD_Driver.o
                0x08000dcc                LCD_Draw_Char
 .text.LCD_DisplayChar
                0x08000ea8       0x44 ./Core/Src/LCD_Driver.o
                0x08000ea8                LCD_DisplayChar
 .text.LCD_DisplayString
                0x08000eec       0x54 ./Core/Src/LCD_Driver.o
                0x08000eec                LCD_DisplayString
 .text.LCD_Error_Handler
                0x08000f40        0xc ./Core/Src/LCD_Driver.o
                0x08000f40                LCD_Error_Handler
 .text.InitializeLCDTouch
                0x08000f4c       0x16 ./Core/Src/LCD_Driver.o
                0x08000f4c                InitializeLCDTouch
 .text.DetermineTouchPosition
                0x08000f62       0x16 ./Core/Src/LCD_Driver.o
                0x08000f62                DetermineTouchPosition
 .text.ReadRegisterFromTouchModule
                0x08000f78       0x1c ./Core/Src/LCD_Driver.o
                0x08000f78                ReadRegisterFromTouchModule
 .text.WriteDataToTouchModule
                0x08000f94       0x24 ./Core/Src/LCD_Driver.o
                0x08000f94                WriteDataToTouchModule
 .text.Draw_Arrow_Up
                0x08000fb8       0xa2 ./Core/Src/draw.o
                0x08000fb8                Draw_Arrow_Up
 .text.Draw_Arrow_Down
                0x0800105a       0xa2 ./Core/Src/draw.o
                0x0800105a                Draw_Arrow_Down
 .text.Draw_Arrow_Left
                0x080010fc       0xa2 ./Core/Src/draw.o
                0x080010fc                Draw_Arrow_Left
 .text.Draw_Arrow_Right
                0x0800119e       0xa2 ./Core/Src/draw.o
                0x0800119e                Draw_Arrow_Right
 .text.Draw_Arrows_On_Screen
                0x08001240       0x7c ./Core/Src/draw.o
                0x08001240                Draw_Arrows_On_Screen
 .text.Draw_Tetris_Block
                0x080012bc       0xf4 ./Core/Src/draw.o
                0x080012bc                Draw_Tetris_Block
 .text.Fill_Tetris_Board
                0x080013b0       0xb6 ./Core/Src/draw.o
                0x080013b0                Fill_Tetris_Board
 *fill*         0x08001466        0x2 
 .text.DrawTetrominoByIndex
                0x08001468       0xbc ./Core/Src/draw.o
                0x08001468                DrawTetrominoByIndex
 .text.LCD_Draw_Rounded_Rectangle_Fill
                0x08001524      0x18a ./Core/Src/draw.o
                0x08001524                LCD_Draw_Rounded_Rectangle_Fill
 *fill*         0x080016ae        0x2 
 .text.initGame
                0x080016b0       0x38 ./Core/Src/game.o
                0x080016b0                initGame
 .text.movePieceDown
                0x080016e8       0x3a ./Core/Src/game.o
                0x080016e8                movePieceDown
 *fill*         0x08001722        0x2 
 .text.lockPiece
                0x08001724       0xb4 ./Core/Src/game.o
                0x08001724                lockPiece
 .text.collision
                0x080017d8       0x9a ./Core/Src/game.o
                0x080017d8                collision
 .text.rotatePiece
                0x08001872       0xac ./Core/Src/game.o
                0x08001872                rotatePiece
 .text.dropPiece
                0x0800191e       0x2a ./Core/Src/game.o
                0x0800191e                dropPiece
 .text.handleInput
                0x08001948       0xdc ./Core/Src/game.o
                0x08001948                handleInput
 .text.initializeBoard
                0x08001a24       0x50 ./Core/Src/gameBoard.o
                0x08001a24                initializeBoard
 .text.boardWithPiece
                0x08001a74      0x180 ./Core/Src/gameBoard.o
                0x08001a74                boardWithPiece
 .text.ili9341_Init
                0x08001bf4      0x294 ./Core/Src/ili9341.o
                0x08001bf4                ili9341_Init
 .text.ili9341_Write_Reg
                0x08001e88       0x1a ./Core/Src/ili9341.o
                0x08001e88                ili9341_Write_Reg
 .text.ili9341_Send_Data
                0x08001ea2       0x1a ./Core/Src/ili9341.o
                0x08001ea2                ili9341_Send_Data
 .text.SPI_Init
                0x08001ebc       0x74 ./Core/Src/ili9341.o
 .text.SPI_Write
                0x08001f30       0x3c ./Core/Src/ili9341.o
 .text.SPI_Error
                0x08001f6c       0x18 ./Core/Src/ili9341.o
 .text.SPI_MspInit
                0x08001f84       0x74 ./Core/Src/ili9341.o
 .text.LCD_IO_Init
                0x08001ff8       0xf0 ./Core/Src/ili9341.o
                0x08001ff8                LCD_IO_Init
 .text.LCD_IO_WriteData
                0x080020e8       0x44 ./Core/Src/ili9341.o
                0x080020e8                LCD_IO_WriteData
 .text.LCD_IO_WriteReg
                0x0800212c       0x44 ./Core/Src/ili9341.o
                0x0800212c                LCD_IO_WriteReg
 .text.LCD_Delay
                0x08002170       0x16 ./Core/Src/ili9341.o
                0x08002170                LCD_Delay
 .text.main     0x08002186       0x1c ./Core/Src/main.o
                0x08002186                main
 *fill*         0x080021a2        0x2 
 .text.SystemClock_Config
                0x080021a4       0xd4 ./Core/Src/main.o
                0x080021a4                SystemClock_Config
 .text.MX_RNG_Init
                0x08002278       0x28 ./Core/Src/main.o
 .text.Error_Handler
                0x080022a0        0xc ./Core/Src/main.o
                0x080022a0                Error_Handler
 .text.initializeRandomPiece
                0x080022ac       0x88 ./Core/Src/pieces.o
                0x080022ac                initializeRandomPiece
 .text.piceIndexToColors
                0x08002334       0x28 ./Core/Src/pieces.o
                0x08002334                piceIndexToColors
 .text.rand     0x0800235c       0x18 ./Core/Src/rand.o
                0x0800235c                rand
 .text.showStartScreen
                0x08002374       0xa8 ./Core/Src/screens.o
                0x08002374                showStartScreen
 .text.startClicked
                0x0800241c       0x42 ./Core/Src/screens.o
                0x0800241c                startClicked
 *fill*         0x0800245e        0x2 
 .text.showGameScreen
                0x08002460       0x38 ./Core/Src/screens.o
                0x08002460                showGameScreen
 .text.HAL_MspInit
                0x08002498       0x50 ./Core/Src/stm32f4xx_hal_msp.o
                0x08002498                HAL_MspInit
 .text.HAL_I2C_MspInit
                0x080024e8       0xd4 ./Core/Src/stm32f4xx_hal_msp.o
                0x080024e8                HAL_I2C_MspInit
 .text.HAL_LTDC_MspInit
                0x080025bc      0x250 ./Core/Src/stm32f4xx_hal_msp.o
                0x080025bc                HAL_LTDC_MspInit
 .text.HAL_RNG_MspInit
                0x0800280c       0x44 ./Core/Src/stm32f4xx_hal_msp.o
                0x0800280c                HAL_RNG_MspInit
 .text.HAL_SPI_MspInit
                0x08002850       0x90 ./Core/Src/stm32f4xx_hal_msp.o
                0x08002850                HAL_SPI_MspInit
 .text.HAL_SPI_MspDeInit
                0x080028e0       0x3c ./Core/Src/stm32f4xx_hal_msp.o
                0x080028e0                HAL_SPI_MspDeInit
 .text.NMI_Handler
                0x0800291c        0x8 ./Core/Src/stm32f4xx_it.o
                0x0800291c                NMI_Handler
 .text.HardFault_Handler
                0x08002924        0x8 ./Core/Src/stm32f4xx_it.o
                0x08002924                HardFault_Handler
 .text.MemManage_Handler
                0x0800292c        0x8 ./Core/Src/stm32f4xx_it.o
                0x0800292c                MemManage_Handler
 .text.BusFault_Handler
                0x08002934        0x8 ./Core/Src/stm32f4xx_it.o
                0x08002934                BusFault_Handler
 .text.UsageFault_Handler
                0x0800293c        0x8 ./Core/Src/stm32f4xx_it.o
                0x0800293c                UsageFault_Handler
 .text.SVC_Handler
                0x08002944        0xe ./Core/Src/stm32f4xx_it.o
                0x08002944                SVC_Handler
 .text.DebugMon_Handler
                0x08002952        0xe ./Core/Src/stm32f4xx_it.o
                0x08002952                DebugMon_Handler
 .text.PendSV_Handler
                0x08002960        0xe ./Core/Src/stm32f4xx_it.o
                0x08002960                PendSV_Handler
 .text.SysTick_Handler
                0x0800296e        0xc ./Core/Src/stm32f4xx_it.o
                0x0800296e                SysTick_Handler
 *fill*         0x0800297a        0x2 
 .text.TIM5_IRQHandler
                0x0800297c       0x14 ./Core/Src/stm32f4xx_it.o
                0x0800297c                TIM5_IRQHandler
 .text.__NVIC_EnableIRQ
                0x08002990       0x3c ./Core/Src/stmpe811.o
 .text.STMPE811_Init
                0x080029cc      0x18e ./Core/Src/stmpe811.o
                0x080029cc                STMPE811_Init
 .text.STMPE811_Read
                0x08002b5a       0x22 ./Core/Src/stmpe811.o
                0x08002b5a                STMPE811_Read
 .text.STMPE811_Write
                0x08002b7c       0x24 ./Core/Src/stmpe811.o
                0x08002b7c                STMPE811_Write
 .text.STMPE811_DetermineTouchPosition
                0x08002ba0       0xee ./Core/Src/stmpe811.o
                0x08002ba0                STMPE811_DetermineTouchPosition
 *fill*         0x08002c8e        0x2 
 .text.enableInterruptSupportForTouch
                0x08002c90       0x64 ./Core/Src/stmpe811.o
                0x08002c90                enableInterruptSupportForTouch
 .text.verifyHAL_I2C_IS_OKAY
                0x08002cf4       0x20 ./Core/Src/stmpe811.o
                0x08002cf4                verifyHAL_I2C_IS_OKAY
 .text.I2C3_Init
                0x08002d14       0x7c ./Core/Src/stmpe811.o
 .text.I2C3_MspInit
                0x08002d90       0xa8 ./Core/Src/stmpe811.o
 .text.I2C3_Write
                0x08002e38       0x54 ./Core/Src/stmpe811.o
                0x08002e38                I2C3_Write
 .text.I2C3_Read
                0x08002e8c       0x4c ./Core/Src/stmpe811.o
                0x08002e8c                I2C3_Read
 .text.I2C3_MulitByteRead
                0x08002ed8       0x44 ./Core/Src/stmpe811.o
                0x08002ed8                I2C3_MulitByteRead
 .text.TM_STMPE811_ReadX
                0x08002f1c       0xbc ./Core/Src/stmpe811.o
                0x08002f1c                TM_STMPE811_ReadX
 .text.TM_STMPE811_ReadY
                0x08002fd8       0xa4 ./Core/Src/stmpe811.o
                0x08002fd8                TM_STMPE811_ReadY
 .text.initialise_monitor_handles
                0x0800307c        0xe ./Core/Src/syscalls.o
                0x0800307c                initialise_monitor_handles
 .text._read    0x0800308a       0x3a ./Core/Src/syscalls.o
                0x0800308a                _read
 .text._write   0x080030c4       0x38 ./Core/Src/syscalls.o
                0x080030c4                _write
 .text._close   0x080030fc       0x18 ./Core/Src/syscalls.o
                0x080030fc                _close
 .text._fstat   0x08003114       0x20 ./Core/Src/syscalls.o
                0x08003114                _fstat
 .text._isatty  0x08003134       0x16 ./Core/Src/syscalls.o
                0x08003134                _isatty
 .text._lseek   0x0800314a       0x1a ./Core/Src/syscalls.o
                0x0800314a                _lseek
 .text._sbrk    0x08003164       0x6c ./Core/Src/sysmem.o
                0x08003164                _sbrk
 .text.SystemInit
                0x080031d0       0x24 ./Core/Src/system_stm32f4xx.o
                0x080031d0                SystemInit
 .text.Reset_Handler
                0x080031f4       0x50 ./Core/Startup/startup_stm32f429zitx.o
                0x080031f4                Reset_Handler
 .text.Default_Handler
                0x08003244        0x2 ./Core/Startup/startup_stm32f429zitx.o
                0x08003244                RTC_Alarm_IRQHandler
                0x08003244                HASH_RNG_IRQHandler
                0x08003244                EXTI2_IRQHandler
                0x08003244                TIM8_CC_IRQHandler
                0x08003244                UART8_IRQHandler
                0x08003244                SPI4_IRQHandler
                0x08003244                TIM1_CC_IRQHandler
                0x08003244                DMA2_Stream5_IRQHandler
                0x08003244                DMA1_Stream5_IRQHandler
                0x08003244                PVD_IRQHandler
                0x08003244                SDIO_IRQHandler
                0x08003244                TAMP_STAMP_IRQHandler
                0x08003244                CAN2_RX1_IRQHandler
                0x08003244                EXTI3_IRQHandler
                0x08003244                TIM8_TRG_COM_TIM14_IRQHandler
                0x08003244                TIM1_UP_TIM10_IRQHandler
                0x08003244                TIM8_UP_TIM13_IRQHandler
                0x08003244                I2C3_ER_IRQHandler
                0x08003244                EXTI0_IRQHandler
                0x08003244                I2C2_EV_IRQHandler
                0x08003244                DMA1_Stream2_IRQHandler
                0x08003244                CAN1_RX0_IRQHandler
                0x08003244                FPU_IRQHandler
                0x08003244                OTG_HS_WKUP_IRQHandler
                0x08003244                LTDC_ER_IRQHandler
                0x08003244                CAN2_SCE_IRQHandler
                0x08003244                DMA2_Stream2_IRQHandler
                0x08003244                SPI1_IRQHandler
                0x08003244                TIM6_DAC_IRQHandler
                0x08003244                TIM1_BRK_TIM9_IRQHandler
                0x08003244                DCMI_IRQHandler
                0x08003244                CAN2_RX0_IRQHandler
                0x08003244                DMA2_Stream3_IRQHandler
                0x08003244                USART6_IRQHandler
                0x08003244                USART3_IRQHandler
                0x08003244                CAN1_RX1_IRQHandler
                0x08003244                UART5_IRQHandler
                0x08003244                DMA2_Stream0_IRQHandler
                0x08003244                TIM4_IRQHandler
                0x08003244                I2C1_EV_IRQHandler
                0x08003244                DMA1_Stream6_IRQHandler
                0x08003244                DMA1_Stream1_IRQHandler
                0x08003244                UART4_IRQHandler
                0x08003244                TIM3_IRQHandler
                0x08003244                RCC_IRQHandler
                0x08003244                TIM8_BRK_TIM12_IRQHandler
                0x08003244                Default_Handler
                0x08003244                ADC_IRQHandler
                0x08003244                DMA1_Stream7_IRQHandler
                0x08003244                SPI5_IRQHandler
                0x08003244                TIM7_IRQHandler
                0x08003244                CAN2_TX_IRQHandler
                0x08003244                DMA2_Stream7_IRQHandler
                0x08003244                I2C3_EV_IRQHandler
                0x08003244                EXTI9_5_IRQHandler
                0x08003244                RTC_WKUP_IRQHandler
                0x08003244                LTDC_IRQHandler
                0x08003244                ETH_WKUP_IRQHandler
                0x08003244                SPI2_IRQHandler
                0x08003244                OTG_HS_EP1_IN_IRQHandler
                0x08003244                DMA1_Stream0_IRQHandler
                0x08003244                CAN1_TX_IRQHandler
                0x08003244                EXTI4_IRQHandler
                0x08003244                ETH_IRQHandler
                0x08003244                OTG_HS_EP1_OUT_IRQHandler
                0x08003244                WWDG_IRQHandler
                0x08003244                SPI6_IRQHandler
                0x08003244                TIM2_IRQHandler
                0x08003244                OTG_FS_WKUP_IRQHandler
                0x08003244                TIM1_TRG_COM_TIM11_IRQHandler
                0x08003244                OTG_HS_IRQHandler
                0x08003244                DMA2D_IRQHandler
                0x08003244                EXTI1_IRQHandler
                0x08003244                UART7_IRQHandler
                0x08003244                USART2_IRQHandler
                0x08003244                I2C2_ER_IRQHandler
                0x08003244                DMA2_Stream1_IRQHandler
                0x08003244                CAN1_SCE_IRQHandler
                0x08003244                FLASH_IRQHandler
                0x08003244                DMA2_Stream4_IRQHandler
                0x08003244                USART1_IRQHandler
                0x08003244                OTG_FS_IRQHandler
                0x08003244                SPI3_IRQHandler
                0x08003244                DMA1_Stream4_IRQHandler
                0x08003244                I2C1_ER_IRQHandler
                0x08003244                FMC_IRQHandler
                0x08003244                DMA2_Stream6_IRQHandler
                0x08003244                SAI1_IRQHandler
                0x08003244                DMA1_Stream3_IRQHandler
 *fill*         0x08003246        0x2 
 .text.HAL_Init
                0x08003248       0x44 ./Drivers/STM32F4xx_HAL_Driver/Src/stm32f4xx_hal.o
                0x08003248                HAL_Init
 .text.HAL_InitTick
                0x0800328c       0x60 ./Drivers/STM32F4xx_HAL_Driver/Src/stm32f4xx_hal.o
                0x0800328c                HAL_InitTick
 .text.HAL_IncTick
                0x080032ec       0x28 ./Drivers/STM32F4xx_HAL_Driver/Src/stm32f4xx_hal.o
                0x080032ec                HAL_IncTick
 .text.HAL_GetTick
                0x08003314       0x18 ./Drivers/STM32F4xx_HAL_Driver/Src/stm32f4xx_hal.o
                0x08003314                HAL_GetTick
 .text.HAL_Delay
                0x0800332c       0x48 ./Drivers/STM32F4xx_HAL_Driver/Src/stm32f4xx_hal.o
                0x0800332c                HAL_Delay
 .text.__NVIC_SetPriorityGrouping
                0x08003374       0x48 ./Drivers/STM32F4xx_HAL_Driver/Src/stm32f4xx_hal_cortex.o
 .text.__NVIC_GetPriorityGrouping
                0x080033bc       0x1c ./Drivers/STM32F4xx_HAL_Driver/Src/stm32f4xx_hal_cortex.o
 .text.__NVIC_EnableIRQ
                0x080033d8       0x3c ./Drivers/STM32F4xx_HAL_Driver/Src/stm32f4xx_hal_cortex.o
 .text.__NVIC_DisableIRQ
                0x08003414       0x48 ./Drivers/STM32F4xx_HAL_Driver/Src/stm32f4xx_hal_cortex.o
 .text.__NVIC_ClearPendingIRQ
                0x0800345c       0x3c ./Drivers/STM32F4xx_HAL_Driver/Src/stm32f4xx_hal_cortex.o
 .text.__NVIC_SetPriority
                0x08003498       0x54 ./Drivers/STM32F4xx_HAL_Driver/Src/stm32f4xx_hal_cortex.o
 .text.NVIC_EncodePriority
                0x080034ec       0x66 ./Drivers/STM32F4xx_HAL_Driver/Src/stm32f4xx_hal_cortex.o
 *fill*         0x08003552        0x2 
 .text.SysTick_Config
                0x08003554       0x44 ./Drivers/STM32F4xx_HAL_Driver/Src/stm32f4xx_hal_cortex.o
 .text.HAL_NVIC_SetPriorityGrouping
                0x08003598       0x16 ./Drivers/STM32F4xx_HAL_Driver/Src/stm32f4xx_hal_cortex.o
                0x08003598                HAL_NVIC_SetPriorityGrouping
 .text.HAL_NVIC_SetPriority
                0x080035ae       0x38 ./Drivers/STM32F4xx_HAL_Driver/Src/stm32f4xx_hal_cortex.o
                0x080035ae                HAL_NVIC_SetPriority
 .text.HAL_NVIC_EnableIRQ
                0x080035e6       0x1c ./Drivers/STM32F4xx_HAL_Driver/Src/stm32f4xx_hal_cortex.o
                0x080035e6                HAL_NVIC_EnableIRQ
 .text.HAL_NVIC_DisableIRQ
                0x08003602       0x1c ./Drivers/STM32F4xx_HAL_Driver/Src/stm32f4xx_hal_cortex.o
                0x08003602                HAL_NVIC_DisableIRQ
 .text.HAL_SYSTICK_Config
                0x0800361e       0x18 ./Drivers/STM32F4xx_HAL_Driver/Src/stm32f4xx_hal_cortex.o
                0x0800361e                HAL_SYSTICK_Config
 .text.HAL_NVIC_ClearPendingIRQ
                0x08003636       0x1c ./Drivers/STM32F4xx_HAL_Driver/Src/stm32f4xx_hal_cortex.o
                0x08003636                HAL_NVIC_ClearPendingIRQ
 *fill*         0x08003652        0x2 
 .text.HAL_EXTI_ClearPending
                0x08003654       0x30 ./Drivers/STM32F4xx_HAL_Driver/Src/stm32f4xx_hal_exti.o
                0x08003654                HAL_EXTI_ClearPending
 .text.HAL_GPIO_Init
                0x08003684      0x358 ./Drivers/STM32F4xx_HAL_Driver/Src/stm32f4xx_hal_gpio.o
                0x08003684                HAL_GPIO_Init
 .text.HAL_GPIO_DeInit
                0x080039dc      0x218 ./Drivers/STM32F4xx_HAL_Driver/Src/stm32f4xx_hal_gpio.o
                0x080039dc                HAL_GPIO_DeInit
 .text.HAL_GPIO_WritePin
                0x08003bf4       0x32 ./Drivers/STM32F4xx_HAL_Driver/Src/stm32f4xx_hal_gpio.o
                0x08003bf4                HAL_GPIO_WritePin
 *fill*         0x08003c26        0x2 
 .text.HAL_I2C_Init
                0x08003c28      0x288 ./Drivers/STM32F4xx_HAL_Driver/Src/stm32f4xx_hal_i2c.o
                0x08003c28                HAL_I2C_Init
 .text.HAL_I2C_Mem_Write
                0x08003eb0      0x1f4 ./Drivers/STM32F4xx_HAL_Driver/Src/stm32f4xx_hal_i2c.o
                0x08003eb0                HAL_I2C_Mem_Write
 .text.HAL_I2C_Mem_Read
                0x080040a4      0x464 ./Drivers/STM32F4xx_HAL_Driver/Src/stm32f4xx_hal_i2c.o
                0x080040a4                HAL_I2C_Mem_Read
 .text.I2C_RequestMemoryWrite
                0x08004508      0x12c ./Drivers/STM32F4xx_HAL_Driver/Src/stm32f4xx_hal_i2c.o
 .text.I2C_RequestMemoryRead
                0x08004634      0x1d0 ./Drivers/STM32F4xx_HAL_Driver/Src/stm32f4xx_hal_i2c.o
 .text.I2C_WaitOnFlagUntilTimeout
                0x08004804       0xf4 ./Drivers/STM32F4xx_HAL_Driver/Src/stm32f4xx_hal_i2c.o
 .text.I2C_WaitOnMasterAddressFlagUntilTimeout
                0x080048f8      0x140 ./Drivers/STM32F4xx_HAL_Driver/Src/stm32f4xx_hal_i2c.o
 .text.I2C_WaitOnTXEFlagUntilTimeout
                0x08004a38       0x90 ./Drivers/STM32F4xx_HAL_Driver/Src/stm32f4xx_hal_i2c.o
 .text.I2C_WaitOnBTFFlagUntilTimeout
                0x08004ac8       0x90 ./Drivers/STM32F4xx_HAL_Driver/Src/stm32f4xx_hal_i2c.o
 .text.I2C_WaitOnRXNEFlagUntilTimeout
                0x08004b58       0xba ./Drivers/STM32F4xx_HAL_Driver/Src/stm32f4xx_hal_i2c.o
 .text.I2C_IsAcknowledgeFailed
                0x08004c12       0x5e ./Drivers/STM32F4xx_HAL_Driver/Src/stm32f4xx_hal_i2c.o
 .text.HAL_LTDC_Init
                0x08004c70      0x1a0 ./Drivers/STM32F4xx_HAL_Driver/Src/stm32f4xx_hal_ltdc.o
                0x08004c70                HAL_LTDC_Init
 .text.HAL_LTDC_ConfigLayer
                0x08004e10       0x7c ./Drivers/STM32F4xx_HAL_Driver/Src/stm32f4xx_hal_ltdc.o
                0x08004e10                HAL_LTDC_ConfigLayer
 .text.LTDC_SetConfig
                0x08004e8c      0x32e ./Drivers/STM32F4xx_HAL_Driver/Src/stm32f4xx_hal_ltdc.o
 *fill*         0x080051ba        0x2 
 .text.HAL_RCC_OscConfig
                0x080051bc      0x4f0 ./Drivers/STM32F4xx_HAL_Driver/Src/stm32f4xx_hal_rcc.o
                0x080051bc                HAL_RCC_OscConfig
 .text.HAL_RCC_ClockConfig
                0x080056ac      0x1cc ./Drivers/STM32F4xx_HAL_Driver/Src/stm32f4xx_hal_rcc.o
                0x080056ac                HAL_RCC_ClockConfig
 .text.HAL_RCC_GetSysClockFreq
                0x08005878      0x20c ./Drivers/STM32F4xx_HAL_Driver/Src/stm32f4xx_hal_rcc.o
                0x08005878                HAL_RCC_GetSysClockFreq
 .text.HAL_RCC_GetHCLKFreq
                0x08005a84       0x18 ./Drivers/STM32F4xx_HAL_Driver/Src/stm32f4xx_hal_rcc.o
                0x08005a84                HAL_RCC_GetHCLKFreq
 .text.HAL_RCC_GetPCLK1Freq
                0x08005a9c       0x28 ./Drivers/STM32F4xx_HAL_Driver/Src/stm32f4xx_hal_rcc.o
                0x08005a9c                HAL_RCC_GetPCLK1Freq
 .text.HAL_RCCEx_PeriphCLKConfig
                0x08005ac4      0x380 ./Drivers/STM32F4xx_HAL_Driver/Src/stm32f4xx_hal_rcc_ex.o
                0x08005ac4                HAL_RCCEx_PeriphCLKConfig
 .text.HAL_RNG_Init
                0x08005e44       0x54 ./Drivers/STM32F4xx_HAL_Driver/Src/stm32f4xx_hal_rng.o
                0x08005e44                HAL_RNG_Init
 .text.HAL_SPI_Init
                0x08005e98      0x112 ./Drivers/STM32F4xx_HAL_Driver/Src/stm32f4xx_hal_spi.o
                0x08005e98                HAL_SPI_Init
 .text.HAL_SPI_DeInit
                0x08005faa       0x50 ./Drivers/STM32F4xx_HAL_Driver/Src/stm32f4xx_hal_spi.o
                0x08005faa                HAL_SPI_DeInit
 .text.HAL_SPI_Transmit
                0x08005ffa      0x288 ./Drivers/STM32F4xx_HAL_Driver/Src/stm32f4xx_hal_spi.o
                0x08005ffa                HAL_SPI_Transmit
 .text.HAL_SPI_GetState
                0x08006282       0x1c ./Drivers/STM32F4xx_HAL_Driver/Src/stm32f4xx_hal_spi.o
                0x08006282                HAL_SPI_GetState
 *fill*         0x0800629e        0x2 
 .text.SPI_WaitFlagStateUntilTimeout
                0x080062a0      0x110 ./Drivers/STM32F4xx_HAL_Driver/Src/stm32f4xx_hal_spi.o
 .text.SPI_EndRxTxTransaction
                0x080063b0       0xa8 ./Drivers/STM32F4xx_HAL_Driver/Src/stm32f4xx_hal_spi.o
 .text.HAL_TIM_IRQHandler
                0x08006458      0x1e0 ./Drivers/STM32F4xx_HAL_Driver/Src/stm32f4xx_hal_tim.o
                0x08006458                HAL_TIM_IRQHandler
 .text.HAL_TIM_PeriodElapsedCallback
                0x08006638       0x14 ./Drivers/STM32F4xx_HAL_Driver/Src/stm32f4xx_hal_tim.o
                0x08006638                HAL_TIM_PeriodElapsedCallback
 .text.HAL_TIM_OC_DelayElapsedCallback
                0x0800664c       0x14 ./Drivers/STM32F4xx_HAL_Driver/Src/stm32f4xx_hal_tim.o
                0x0800664c                HAL_TIM_OC_DelayElapsedCallback
 .text.HAL_TIM_IC_CaptureCallback
                0x08006660       0x14 ./Drivers/STM32F4xx_HAL_Driver/Src/stm32f4xx_hal_tim.o
                0x08006660                HAL_TIM_IC_CaptureCallback
 .text.HAL_TIM_PWM_PulseFinishedCallback
                0x08006674       0x14 ./Drivers/STM32F4xx_HAL_Driver/Src/stm32f4xx_hal_tim.o
                0x08006674                HAL_TIM_PWM_PulseFinishedCallback
 .text.HAL_TIM_TriggerCallback
                0x08006688       0x14 ./Drivers/STM32F4xx_HAL_Driver/Src/stm32f4xx_hal_tim.o
                0x08006688                HAL_TIM_TriggerCallback
 .text.HAL_TIMEx_CommutCallback
                0x0800669c       0x14 ./Drivers/STM32F4xx_HAL_Driver/Src/stm32f4xx_hal_tim_ex.o
                0x0800669c                HAL_TIMEx_CommutCallback
 .text.HAL_TIMEx_BreakCallback
                0x080066b0       0x14 ./Drivers/STM32F4xx_HAL_Driver/Src/stm32f4xx_hal_tim_ex.o
                0x080066b0                HAL_TIMEx_BreakCallback
 .text.std      0x080066c4       0x6c C:/ST/STM32CubeIDE_1.16.0/STM32CubeIDE/plugins/com.st.stm32cube.ide.mcu.externaltools.gnu-tools-for-stm32.12.3.rel1.win32_1.1.0.202410251130/tools/bin/../lib/gcc/arm-none-eabi/12.3.1/../../../../arm-none-eabi/lib/thumb/v7e-m+fp/hard\libc_nano.a(libc_a-findfp.o)
 .text.stdio_exit_handler
                0x08006730       0x18 C:/ST/STM32CubeIDE_1.16.0/STM32CubeIDE/plugins/com.st.stm32cube.ide.mcu.externaltools.gnu-tools-for-stm32.12.3.rel1.win32_1.1.0.202410251130/tools/bin/../lib/gcc/arm-none-eabi/12.3.1/../../../../arm-none-eabi/lib/thumb/v7e-m+fp/hard\libc_nano.a(libc_a-findfp.o)
 .text.cleanup_stdio
                0x08006748       0x40 C:/ST/STM32CubeIDE_1.16.0/STM32CubeIDE/plugins/com.st.stm32cube.ide.mcu.externaltools.gnu-tools-for-stm32.12.3.rel1.win32_1.1.0.202410251130/tools/bin/../lib/gcc/arm-none-eabi/12.3.1/../../../../arm-none-eabi/lib/thumb/v7e-m+fp/hard\libc_nano.a(libc_a-findfp.o)
 .text.global_stdio_init.part.0
                0x08006788       0x3c C:/ST/STM32CubeIDE_1.16.0/STM32CubeIDE/plugins/com.st.stm32cube.ide.mcu.externaltools.gnu-tools-for-stm32.12.3.rel1.win32_1.1.0.202410251130/tools/bin/../lib/gcc/arm-none-eabi/12.3.1/../../../../arm-none-eabi/lib/thumb/v7e-m+fp/hard\libc_nano.a(libc_a-findfp.o)
 .text.__sfp_lock_acquire
                0x080067c4        0xc C:/ST/STM32CubeIDE_1.16.0/STM32CubeIDE/plugins/com.st.stm32cube.ide.mcu.externaltools.gnu-tools-for-stm32.12.3.rel1.win32_1.1.0.202410251130/tools/bin/../lib/gcc/arm-none-eabi/12.3.1/../../../../arm-none-eabi/lib/thumb/v7e-m+fp/hard\libc_nano.a(libc_a-findfp.o)
                0x080067c4                __sfp_lock_acquire
 .text.__sfp_lock_release
                0x080067d0        0xc C:/ST/STM32CubeIDE_1.16.0/STM32CubeIDE/plugins/com.st.stm32cube.ide.mcu.externaltools.gnu-tools-for-stm32.12.3.rel1.win32_1.1.0.202410251130/tools/bin/../lib/gcc/arm-none-eabi/12.3.1/../../../../arm-none-eabi/lib/thumb/v7e-m+fp/hard\libc_nano.a(libc_a-findfp.o)
                0x080067d0                __sfp_lock_release
 .text.__sinit  0x080067dc       0x30 C:/ST/STM32CubeIDE_1.16.0/STM32CubeIDE/plugins/com.st.stm32cube.ide.mcu.externaltools.gnu-tools-for-stm32.12.3.rel1.win32_1.1.0.202410251130/tools/bin/../lib/gcc/arm-none-eabi/12.3.1/../../../../arm-none-eabi/lib/thumb/v7e-m+fp/hard\libc_nano.a(libc_a-findfp.o)
                0x080067dc                __sinit
 .text._fwalk_sglue
                0x0800680c       0x3c C:/ST/STM32CubeIDE_1.16.0/STM32CubeIDE/plugins/com.st.stm32cube.ide.mcu.externaltools.gnu-tools-for-stm32.12.3.rel1.win32_1.1.0.202410251130/tools/bin/../lib/gcc/arm-none-eabi/12.3.1/../../../../arm-none-eabi/lib/thumb/v7e-m+fp/hard\libc_nano.a(libc_a-fwalk.o)
                0x0800680c                _fwalk_sglue
 .text.printf   0x08006848       0x24 C:/ST/STM32CubeIDE_1.16.0/STM32CubeIDE/plugins/com.st.stm32cube.ide.mcu.externaltools.gnu-tools-for-stm32.12.3.rel1.win32_1.1.0.202410251130/tools/bin/../lib/gcc/arm-none-eabi/12.3.1/../../../../arm-none-eabi/lib/thumb/v7e-m+fp/hard\libc_nano.a(libc_a-printf.o)
                0x08006848                iprintf
                0x08006848                printf
 .text.__sread  0x0800686c       0x22 C:/ST/STM32CubeIDE_1.16.0/STM32CubeIDE/plugins/com.st.stm32cube.ide.mcu.externaltools.gnu-tools-for-stm32.12.3.rel1.win32_1.1.0.202410251130/tools/bin/../lib/gcc/arm-none-eabi/12.3.1/../../../../arm-none-eabi/lib/thumb/v7e-m+fp/hard\libc_nano.a(libc_a-stdio.o)
                0x0800686c                __sread
 .text.__swrite
                0x0800688e       0x38 C:/ST/STM32CubeIDE_1.16.0/STM32CubeIDE/plugins/com.st.stm32cube.ide.mcu.externaltools.gnu-tools-for-stm32.12.3.rel1.win32_1.1.0.202410251130/tools/bin/../lib/gcc/arm-none-eabi/12.3.1/../../../../arm-none-eabi/lib/thumb/v7e-m+fp/hard\libc_nano.a(libc_a-stdio.o)
                0x0800688e                __swrite
 .text.__sseek  0x080068c6       0x24 C:/ST/STM32CubeIDE_1.16.0/STM32CubeIDE/plugins/com.st.stm32cube.ide.mcu.externaltools.gnu-tools-for-stm32.12.3.rel1.win32_1.1.0.202410251130/tools/bin/../lib/gcc/arm-none-eabi/12.3.1/../../../../arm-none-eabi/lib/thumb/v7e-m+fp/hard\libc_nano.a(libc_a-stdio.o)
                0x080068c6                __sseek
 .text.__sclose
                0x080068ea        0x8 C:/ST/STM32CubeIDE_1.16.0/STM32CubeIDE/plugins/com.st.stm32cube.ide.mcu.externaltools.gnu-tools-for-stm32.12.3.rel1.win32_1.1.0.202410251130/tools/bin/../lib/gcc/arm-none-eabi/12.3.1/../../../../arm-none-eabi/lib/thumb/v7e-m+fp/hard\libc_nano.a(libc_a-stdio.o)
                0x080068ea                __sclose
 .text.__swbuf_r
                0x080068f2       0x7c C:/ST/STM32CubeIDE_1.16.0/STM32CubeIDE/plugins/com.st.stm32cube.ide.mcu.externaltools.gnu-tools-for-stm32.12.3.rel1.win32_1.1.0.202410251130/tools/bin/../lib/gcc/arm-none-eabi/12.3.1/../../../../arm-none-eabi/lib/thumb/v7e-m+fp/hard\libc_nano.a(libc_a-wbuf.o)
                0x080068f2                __swbuf_r
 *fill*         0x0800696e        0x2 
 .text.__swsetup_r
                0x08006970       0xac C:/ST/STM32CubeIDE_1.16.0/STM32CubeIDE/plugins/com.st.stm32cube.ide.mcu.externaltools.gnu-tools-for-stm32.12.3.rel1.win32_1.1.0.202410251130/tools/bin/../lib/gcc/arm-none-eabi/12.3.1/../../../../arm-none-eabi/lib/thumb/v7e-m+fp/hard\libc_nano.a(libc_a-wsetup.o)
                0x08006970                __swsetup_r
 .text.memset   0x08006a1c       0x10 C:/ST/STM32CubeIDE_1.16.0/STM32CubeIDE/plugins/com.st.stm32cube.ide.mcu.externaltools.gnu-tools-for-stm32.12.3.rel1.win32_1.1.0.202410251130/tools/bin/../lib/gcc/arm-none-eabi/12.3.1/../../../../arm-none-eabi/lib/thumb/v7e-m+fp/hard\libc_nano.a(libc_a-memset.o)
                0x08006a1c                memset
 .text._close_r
                0x08006a2c       0x20 C:/ST/STM32CubeIDE_1.16.0/STM32CubeIDE/plugins/com.st.stm32cube.ide.mcu.externaltools.gnu-tools-for-stm32.12.3.rel1.win32_1.1.0.202410251130/tools/bin/../lib/gcc/arm-none-eabi/12.3.1/../../../../arm-none-eabi/lib/thumb/v7e-m+fp/hard\libc_nano.a(libc_a-closer.o)
                0x08006a2c                _close_r
 .text._lseek_r
                0x08006a4c       0x24 C:/ST/STM32CubeIDE_1.16.0/STM32CubeIDE/plugins/com.st.stm32cube.ide.mcu.externaltools.gnu-tools-for-stm32.12.3.rel1.win32_1.1.0.202410251130/tools/bin/../lib/gcc/arm-none-eabi/12.3.1/../../../../arm-none-eabi/lib/thumb/v7e-m+fp/hard\libc_nano.a(libc_a-lseekr.o)
                0x08006a4c                _lseek_r
 .text._read_r  0x08006a70       0x24 C:/ST/STM32CubeIDE_1.16.0/STM32CubeIDE/plugins/com.st.stm32cube.ide.mcu.externaltools.gnu-tools-for-stm32.12.3.rel1.win32_1.1.0.202410251130/tools/bin/../lib/gcc/arm-none-eabi/12.3.1/../../../../arm-none-eabi/lib/thumb/v7e-m+fp/hard\libc_nano.a(libc_a-readr.o)
                0x08006a70                _read_r
 .text._write_r
                0x08006a94       0x24 C:/ST/STM32CubeIDE_1.16.0/STM32CubeIDE/plugins/com.st.stm32cube.ide.mcu.externaltools.gnu-tools-for-stm32.12.3.rel1.win32_1.1.0.202410251130/tools/bin/../lib/gcc/arm-none-eabi/12.3.1/../../../../arm-none-eabi/lib/thumb/v7e-m+fp/hard\libc_nano.a(libc_a-writer.o)
                0x08006a94                _write_r
 .text.__errno  0x08006ab8        0xc C:/ST/STM32CubeIDE_1.16.0/STM32CubeIDE/plugins/com.st.stm32cube.ide.mcu.externaltools.gnu-tools-for-stm32.12.3.rel1.win32_1.1.0.202410251130/tools/bin/../lib/gcc/arm-none-eabi/12.3.1/../../../../arm-none-eabi/lib/thumb/v7e-m+fp/hard\libc_nano.a(libc_a-errno.o)
                0x08006ab8                __errno
 .text.__libc_init_array
                0x08006ac4       0x48 C:/ST/STM32CubeIDE_1.16.0/STM32CubeIDE/plugins/com.st.stm32cube.ide.mcu.externaltools.gnu-tools-for-stm32.12.3.rel1.win32_1.1.0.202410251130/tools/bin/../lib/gcc/arm-none-eabi/12.3.1/../../../../arm-none-eabi/lib/thumb/v7e-m+fp/hard\libc_nano.a(libc_a-init.o)
                0x08006ac4                __libc_init_array
 .text.__retarget_lock_init_recursive
                0x08006b0c        0x2 C:/ST/STM32CubeIDE_1.16.0/STM32CubeIDE/plugins/com.st.stm32cube.ide.mcu.externaltools.gnu-tools-for-stm32.12.3.rel1.win32_1.1.0.202410251130/tools/bin/../lib/gcc/arm-none-eabi/12.3.1/../../../../arm-none-eabi/lib/thumb/v7e-m+fp/hard\libc_nano.a(libc_a-lock.o)
                0x08006b0c                __retarget_lock_init_recursive
 .text.__retarget_lock_acquire_recursive
                0x08006b0e        0x2 C:/ST/STM32CubeIDE_1.16.0/STM32CubeIDE/plugins/com.st.stm32cube.ide.mcu.externaltools.gnu-tools-for-stm32.12.3.rel1.win32_1.1.0.202410251130/tools/bin/../lib/gcc/arm-none-eabi/12.3.1/../../../../arm-none-eabi/lib/thumb/v7e-m+fp/hard\libc_nano.a(libc_a-lock.o)
                0x08006b0e                __retarget_lock_acquire_recursive
 .text.__retarget_lock_release_recursive
                0x08006b10        0x2 C:/ST/STM32CubeIDE_1.16.0/STM32CubeIDE/plugins/com.st.stm32cube.ide.mcu.externaltools.gnu-tools-for-stm32.12.3.rel1.win32_1.1.0.202410251130/tools/bin/../lib/gcc/arm-none-eabi/12.3.1/../../../../arm-none-eabi/lib/thumb/v7e-m+fp/hard\libc_nano.a(libc_a-lock.o)
                0x08006b10                __retarget_lock_release_recursive
 .text.memcpy   0x08006b12       0x1c C:/ST/STM32CubeIDE_1.16.0/STM32CubeIDE/plugins/com.st.stm32cube.ide.mcu.externaltools.gnu-tools-for-stm32.12.3.rel1.win32_1.1.0.202410251130/tools/bin/../lib/gcc/arm-none-eabi/12.3.1/../../../../arm-none-eabi/lib/thumb/v7e-m+fp/hard\libc_nano.a(libc_a-memcpy-stub.o)
                0x08006b12                memcpy
 *fill*         0x08006b2e        0x2 
 .text._free_r  0x08006b30       0x94 C:/ST/STM32CubeIDE_1.16.0/STM32CubeIDE/plugins/com.st.stm32cube.ide.mcu.externaltools.gnu-tools-for-stm32.12.3.rel1.win32_1.1.0.202410251130/tools/bin/../lib/gcc/arm-none-eabi/12.3.1/../../../../arm-none-eabi/lib/thumb/v7e-m+fp/hard\libc_nano.a(libc_a-freer.o)
                0x08006b30                _free_r
 .text.sbrk_aligned
                0x08006bc4       0x44 C:/ST/STM32CubeIDE_1.16.0/STM32CubeIDE/plugins/com.st.stm32cube.ide.mcu.externaltools.gnu-tools-for-stm32.12.3.rel1.win32_1.1.0.202410251130/tools/bin/../lib/gcc/arm-none-eabi/12.3.1/../../../../arm-none-eabi/lib/thumb/v7e-m+fp/hard\libc_nano.a(libc_a-mallocr.o)
 .text._malloc_r
                0x08006c08      0x100 C:/ST/STM32CubeIDE_1.16.0/STM32CubeIDE/plugins/com.st.stm32cube.ide.mcu.externaltools.gnu-tools-for-stm32.12.3.rel1.win32_1.1.0.202410251130/tools/bin/../lib/gcc/arm-none-eabi/12.3.1/../../../../arm-none-eabi/lib/thumb/v7e-m+fp/hard\libc_nano.a(libc_a-mallocr.o)
                0x08006c08                _malloc_r
 .text.__malloc_lock
                0x08006d08        0xc C:/ST/STM32CubeIDE_1.16.0/STM32CubeIDE/plugins/com.st.stm32cube.ide.mcu.externaltools.gnu-tools-for-stm32.12.3.rel1.win32_1.1.0.202410251130/tools/bin/../lib/gcc/arm-none-eabi/12.3.1/../../../../arm-none-eabi/lib/thumb/v7e-m+fp/hard\libc_nano.a(libc_a-mlock.o)
                0x08006d08                __malloc_lock
 .text.__malloc_unlock
                0x08006d14        0xc C:/ST/STM32CubeIDE_1.16.0/STM32CubeIDE/plugins/com.st.stm32cube.ide.mcu.externaltools.gnu-tools-for-stm32.12.3.rel1.win32_1.1.0.202410251130/tools/bin/../lib/gcc/arm-none-eabi/12.3.1/../../../../arm-none-eabi/lib/thumb/v7e-m+fp/hard\libc_nano.a(libc_a-mlock.o)
                0x08006d14                __malloc_unlock
 .text.__sfputc_r
                0x08006d20       0x2e C:/ST/STM32CubeIDE_1.16.0/STM32CubeIDE/plugins/com.st.stm32cube.ide.mcu.externaltools.gnu-tools-for-stm32.12.3.rel1.win32_1.1.0.202410251130/tools/bin/../lib/gcc/arm-none-eabi/12.3.1/../../../../arm-none-eabi/lib/thumb/v7e-m+fp/hard\libc_nano.a(libc_a-nano-vfprintf.o)
 .text.__sfputs_r
                0x08006d4e       0x24 C:/ST/STM32CubeIDE_1.16.0/STM32CubeIDE/plugins/com.st.stm32cube.ide.mcu.externaltools.gnu-tools-for-stm32.12.3.rel1.win32_1.1.0.202410251130/tools/bin/../lib/gcc/arm-none-eabi/12.3.1/../../../../arm-none-eabi/lib/thumb/v7e-m+fp/hard\libc_nano.a(libc_a-nano-vfprintf.o)
                0x08006d4e                __sfputs_r
 *fill*         0x08006d72        0x2 
 .text._vfprintf_r
                0x08006d74      0x230 C:/ST/STM32CubeIDE_1.16.0/STM32CubeIDE/plugins/com.st.stm32cube.ide.mcu.externaltools.gnu-tools-for-stm32.12.3.rel1.win32_1.1.0.202410251130/tools/bin/../lib/gcc/arm-none-eabi/12.3.1/../../../../arm-none-eabi/lib/thumb/v7e-m+fp/hard\libc_nano.a(libc_a-nano-vfprintf.o)
                0x08006d74                _vfprintf_r
                0x08006d74                _vfiprintf_r
 .text._printf_common
                0x08006fa4       0xda C:/ST/STM32CubeIDE_1.16.0/STM32CubeIDE/plugins/com.st.stm32cube.ide.mcu.externaltools.gnu-tools-for-stm32.12.3.rel1.win32_1.1.0.202410251130/tools/bin/../lib/gcc/arm-none-eabi/12.3.1/../../../../arm-none-eabi/lib/thumb/v7e-m+fp/hard\libc_nano.a(libc_a-nano-vfprintf_i.o)
                0x08006fa4                _printf_common
 *fill*         0x0800707e        0x2 
 .text._printf_i
                0x08007080      0x240 C:/ST/STM32CubeIDE_1.16.0/STM32CubeIDE/plugins/com.st.stm32cube.ide.mcu.externaltools.gnu-tools-for-stm32.12.3.rel1.win32_1.1.0.202410251130/tools/bin/../lib/gcc/arm-none-eabi/12.3.1/../../../../arm-none-eabi/lib/thumb/v7e-m+fp/hard\libc_nano.a(libc_a-nano-vfprintf_i.o)
                0x08007080                _printf_i
 .text.__sflush_r
                0x080072c0      0x108 C:/ST/STM32CubeIDE_1.16.0/STM32CubeIDE/plugins/com.st.stm32cube.ide.mcu.externaltools.gnu-tools-for-stm32.12.3.rel1.win32_1.1.0.202410251130/tools/bin/../lib/gcc/arm-none-eabi/12.3.1/../../../../arm-none-eabi/lib/thumb/v7e-m+fp/hard\libc_nano.a(libc_a-fflush.o)
                0x080072c0                __sflush_r
 .text._fflush_r
                0x080073c8       0x50 C:/ST/STM32CubeIDE_1.16.0/STM32CubeIDE/plugins/com.st.stm32cube.ide.mcu.externaltools.gnu-tools-for-stm32.12.3.rel1.win32_1.1.0.202410251130/tools/bin/../lib/gcc/arm-none-eabi/12.3.1/../../../../arm-none-eabi/lib/thumb/v7e-m+fp/hard\libc_nano.a(libc_a-fflush.o)
                0x080073c8                _fflush_r
 .text.__swhatbuf_r
                0x08007418       0x4c C:/ST/STM32CubeIDE_1.16.0/STM32CubeIDE/plugins/com.st.stm32cube.ide.mcu.externaltools.gnu-tools-for-stm32.12.3.rel1.win32_1.1.0.202410251130/tools/bin/../lib/gcc/arm-none-eabi/12.3.1/../../../../arm-none-eabi/lib/thumb/v7e-m+fp/hard\libc_nano.a(libc_a-makebuf.o)
                0x08007418                __swhatbuf_r
 .text.__smakebuf_r
                0x08007464       0x78 C:/ST/STM32CubeIDE_1.16.0/STM32CubeIDE/plugins/com.st.stm32cube.ide.mcu.externaltools.gnu-tools-for-stm32.12.3.rel1.win32_1.1.0.202410251130/tools/bin/../lib/gcc/arm-none-eabi/12.3.1/../../../../arm-none-eabi/lib/thumb/v7e-m+fp/hard\libc_nano.a(libc_a-makebuf.o)
                0x08007464                __smakebuf_r
 .text._fstat_r
                0x080074dc       0x24 C:/ST/STM32CubeIDE_1.16.0/STM32CubeIDE/plugins/com.st.stm32cube.ide.mcu.externaltools.gnu-tools-for-stm32.12.3.rel1.win32_1.1.0.202410251130/tools/bin/../lib/gcc/arm-none-eabi/12.3.1/../../../../arm-none-eabi/lib/thumb/v7e-m+fp/hard\libc_nano.a(libc_a-fstatr.o)
                0x080074dc                _fstat_r
 .text._isatty_r
                0x08007500       0x20 C:/ST/STM32CubeIDE_1.16.0/STM32CubeIDE/plugins/com.st.stm32cube.ide.mcu.externaltools.gnu-tools-for-stm32.12.3.rel1.win32_1.1.0.202410251130/tools/bin/../lib/gcc/arm-none-eabi/12.3.1/../../../../arm-none-eabi/lib/thumb/v7e-m+fp/hard\libc_nano.a(libc_a-isattyr.o)
                0x08007500                _isatty_r
 .text._sbrk_r  0x08007520       0x20 C:/ST/STM32CubeIDE_1.16.0/STM32CubeIDE/plugins/com.st.stm32cube.ide.mcu.externaltools.gnu-tools-for-stm32.12.3.rel1.win32_1.1.0.202410251130/tools/bin/../lib/gcc/arm-none-eabi/12.3.1/../../../../arm-none-eabi/lib/thumb/v7e-m+fp/hard\libc_nano.a(libc_a-sbrkr.o)
                0x08007520                _sbrk_r
 *(.glue_7)
 .glue_7        0x08007540        0x0 linker stubs
 *(.glue_7t)
 .glue_7t       0x08007540        0x0 linker stubs
 *(.eh_frame)
 .eh_frame      0x08007540        0x0 C:/ST/STM32CubeIDE_1.16.0/STM32CubeIDE/plugins/com.st.stm32cube.ide.mcu.externaltools.gnu-tools-for-stm32.12.3.rel1.win32_1.1.0.202410251130/tools/bin/../lib/gcc/arm-none-eabi/12.3.1/thumb/v7e-m+fp/hard/crtbegin.o
 *(.init)
 .init          0x08007540        0x4 C:/ST/STM32CubeIDE_1.16.0/STM32CubeIDE/plugins/com.st.stm32cube.ide.mcu.externaltools.gnu-tools-for-stm32.12.3.rel1.win32_1.1.0.202410251130/tools/bin/../lib/gcc/arm-none-eabi/12.3.1/thumb/v7e-m+fp/hard/crti.o
                0x08007540                _init
 .init          0x08007544        0x8 C:/ST/STM32CubeIDE_1.16.0/STM32CubeIDE/plugins/com.st.stm32cube.ide.mcu.externaltools.gnu-tools-for-stm32.12.3.rel1.win32_1.1.0.202410251130/tools/bin/../lib/gcc/arm-none-eabi/12.3.1/thumb/v7e-m+fp/hard/crtn.o
 *(.fini)
 .fini          0x0800754c        0x4 C:/ST/STM32CubeIDE_1.16.0/STM32CubeIDE/plugins/com.st.stm32cube.ide.mcu.externaltools.gnu-tools-for-stm32.12.3.rel1.win32_1.1.0.202410251130/tools/bin/../lib/gcc/arm-none-eabi/12.3.1/thumb/v7e-m+fp/hard/crti.o
                0x0800754c                _fini
 .fini          0x08007550        0x8 C:/ST/STM32CubeIDE_1.16.0/STM32CubeIDE/plugins/com.st.stm32cube.ide.mcu.externaltools.gnu-tools-for-stm32.12.3.rel1.win32_1.1.0.202410251130/tools/bin/../lib/gcc/arm-none-eabi/12.3.1/thumb/v7e-m+fp/hard/crtn.o
                0x08007558                        . = ALIGN (0x4)
                0x08007558                        _etext = .

.vfp11_veneer   0x08007558        0x0
 .vfp11_veneer  0x08007558        0x0 linker stubs

.v4_bx          0x08007558        0x0
 .v4_bx         0x08007558        0x0 linker stubs

.iplt           0x08007558        0x0
 .iplt          0x08007558        0x0 C:/ST/STM32CubeIDE_1.16.0/STM32CubeIDE/plugins/com.st.stm32cube.ide.mcu.externaltools.gnu-tools-for-stm32.12.3.rel1.win32_1.1.0.202410251130/tools/bin/../lib/gcc/arm-none-eabi/12.3.1/thumb/v7e-m+fp/hard/crtbegin.o

.rodata         0x08007558     0x127c
                0x08007558                        . = ALIGN (0x4)
 *(.rodata)
 .rodata        0x08007558       0x50 ./Core/Src/ApplicationCode.o
 .rodata        0x080075a8        0xe ./Core/Src/screens.o
 *(.rodata*)
 *fill*         0x080075b6        0x2 
 .rodata.ASCII16x24_Table
                0x080075b8     0x11d0 ./Core/Src/fonts.o
                0x080075b8                ASCII16x24_Table
 .rodata.AHBPrescTable
                0x08008788       0x10 ./Core/Src/system_stm32f4xx.o
                0x08008788                AHBPrescTable
 .rodata.APBPrescTable
                0x08008798        0x8 ./Core/Src/system_stm32f4xx.o
                0x08008798                APBPrescTable
 .rodata._vfprintf_r.str1.1
                0x080087a0       0x11 C:/ST/STM32CubeIDE_1.16.0/STM32CubeIDE/plugins/com.st.stm32cube.ide.mcu.externaltools.gnu-tools-for-stm32.12.3.rel1.win32_1.1.0.202410251130/tools/bin/../lib/gcc/arm-none-eabi/12.3.1/../../../../arm-none-eabi/lib/thumb/v7e-m+fp/hard\libc_nano.a(libc_a-nano-vfprintf.o)
 .rodata._printf_i.str1.1
                0x080087b1       0x22 C:/ST/STM32CubeIDE_1.16.0/STM32CubeIDE/plugins/com.st.stm32cube.ide.mcu.externaltools.gnu-tools-for-stm32.12.3.rel1.win32_1.1.0.202410251130/tools/bin/../lib/gcc/arm-none-eabi/12.3.1/../../../../arm-none-eabi/lib/thumb/v7e-m+fp/hard\libc_nano.a(libc_a-nano-vfprintf_i.o)
                0x080087d4                        . = ALIGN (0x4)
 *fill*         0x080087d3        0x1 

.ARM.extab      0x080087d4        0x0
                0x080087d4                        . = ALIGN (0x4)
 *(.ARM.extab* .gnu.linkonce.armextab.*)
                0x080087d4                        . = ALIGN (0x4)

.ARM            0x080087d4        0x8
                0x080087d4                        . = ALIGN (0x4)
                0x080087d4                        __exidx_start = .
 *(.ARM.exidx*)
 .ARM.exidx     0x080087d4        0x8 C:/ST/STM32CubeIDE_1.16.0/STM32CubeIDE/plugins/com.st.stm32cube.ide.mcu.externaltools.gnu-tools-for-stm32.12.3.rel1.win32_1.1.0.202410251130/tools/bin/../lib/gcc/arm-none-eabi/12.3.1/../../../../arm-none-eabi/lib/thumb/v7e-m+fp/hard\libc_nano.a(libc_a-memchr.o)
 .ARM.exidx     0x080087dc        0x0 C:/ST/STM32CubeIDE_1.16.0/STM32CubeIDE/plugins/com.st.stm32cube.ide.mcu.externaltools.gnu-tools-for-stm32.12.3.rel1.win32_1.1.0.202410251130/tools/bin/../lib/gcc/arm-none-eabi/12.3.1/thumb/v7e-m+fp/hard\libgcc.a(_udivmoddi4.o)
                                  0x8 (size before relaxing)
                0x080087dc                        __exidx_end = .
                0x080087dc                        . = ALIGN (0x4)

.preinit_array  0x080087dc        0x0
                0x080087dc                        . = ALIGN (0x4)
                0x080087dc                        PROVIDE (__preinit_array_start = .)
 *(.preinit_array*)
                0x080087dc                        PROVIDE (__preinit_array_end = .)
                0x080087dc                        . = ALIGN (0x4)

.init_array     0x080087dc        0x4
                0x080087dc                        . = ALIGN (0x4)
                0x080087dc                        PROVIDE (__init_array_start = .)
 *(SORT_BY_NAME(.init_array.*))
 *(.init_array*)
 .init_array    0x080087dc        0x4 C:/ST/STM32CubeIDE_1.16.0/STM32CubeIDE/plugins/com.st.stm32cube.ide.mcu.externaltools.gnu-tools-for-stm32.12.3.rel1.win32_1.1.0.202410251130/tools/bin/../lib/gcc/arm-none-eabi/12.3.1/thumb/v7e-m+fp/hard/crtbegin.o
                0x080087e0                        PROVIDE (__init_array_end = .)
                0x080087e0                        . = ALIGN (0x4)

.fini_array     0x080087e0        0x4
                0x080087e0                        . = ALIGN (0x4)
                [!provide]                        PROVIDE (__fini_array_start = .)
 *(SORT_BY_NAME(.fini_array.*))
 *(.fini_array*)
 .fini_array    0x080087e0        0x4 C:/ST/STM32CubeIDE_1.16.0/STM32CubeIDE/plugins/com.st.stm32cube.ide.mcu.externaltools.gnu-tools-for-stm32.12.3.rel1.win32_1.1.0.202410251130/tools/bin/../lib/gcc/arm-none-eabi/12.3.1/thumb/v7e-m+fp/hard/crtbegin.o
                [!provide]                        PROVIDE (__fini_array_end = .)
                0x080087e4                        . = ALIGN (0x4)
                0x080087e4                        _sidata = LOADADDR (.data)

.rel.dyn        0x080087e4        0x0
 .rel.iplt      0x080087e4        0x0 C:/ST/STM32CubeIDE_1.16.0/STM32CubeIDE/plugins/com.st.stm32cube.ide.mcu.externaltools.gnu-tools-for-stm32.12.3.rel1.win32_1.1.0.202410251130/tools/bin/../lib/gcc/arm-none-eabi/12.3.1/thumb/v7e-m+fp/hard/crtbegin.o

.data           0x20000000      0x264 load address 0x080087e4
                0x20000000                        . = ALIGN (0x4)
                0x20000000                        _sdata = .
 *(.data)
 *(.data*)
 .data.CurrentTextColor
                0x20000000        0x2 ./Core/Src/LCD_Driver.o
 *fill*         0x20000002        0x2 
 .data.Font16x24
                0x20000004        0x8 ./Core/Src/fonts.o
                0x20000004                Font16x24
 .data.SpiTimeout
                0x2000000c        0x4 ./Core/Src/ili9341.o
                0x2000000c                SpiTimeout
 .data.TETROMINOS
                0x20000010      0x1c0 ./Core/Src/pieces.o
                0x20000010                TETROMINOS
 .data.TETROMINO_COLORS
                0x200001d0       0x2a ./Core/Src/pieces.o
                0x200001d0                TETROMINO_COLORS
 *fill*         0x200001fa        0x2 
 .data.SystemCoreClock
                0x200001fc        0x4 ./Core/Src/system_stm32f4xx.o
                0x200001fc                SystemCoreClock
 .data.uwTickPrio
                0x20000200        0x4 ./Drivers/STM32F4xx_HAL_Driver/Src/stm32f4xx_hal.o
                0x20000200                uwTickPrio
 .data.uwTickFreq
                0x20000204        0x1 ./Drivers/STM32F4xx_HAL_Driver/Src/stm32f4xx_hal.o
                0x20000204                uwTickFreq
 *fill*         0x20000205        0x3 
 .data.__sglue  0x20000208        0xc C:/ST/STM32CubeIDE_1.16.0/STM32CubeIDE/plugins/com.st.stm32cube.ide.mcu.externaltools.gnu-tools-for-stm32.12.3.rel1.win32_1.1.0.202410251130/tools/bin/../lib/gcc/arm-none-eabi/12.3.1/../../../../arm-none-eabi/lib/thumb/v7e-m+fp/hard\libc_nano.a(libc_a-findfp.o)
                0x20000208                __sglue
 .data._impure_ptr
                0x20000214        0x4 C:/ST/STM32CubeIDE_1.16.0/STM32CubeIDE/plugins/com.st.stm32cube.ide.mcu.externaltools.gnu-tools-for-stm32.12.3.rel1.win32_1.1.0.202410251130/tools/bin/../lib/gcc/arm-none-eabi/12.3.1/../../../../arm-none-eabi/lib/thumb/v7e-m+fp/hard\libc_nano.a(libc_a-impure.o)
                0x20000214                _impure_ptr
 .data._impure_data
                0x20000218       0x4c C:/ST/STM32CubeIDE_1.16.0/STM32CubeIDE/plugins/com.st.stm32cube.ide.mcu.externaltools.gnu-tools-for-stm32.12.3.rel1.win32_1.1.0.202410251130/tools/bin/../lib/gcc/arm-none-eabi/12.3.1/../../../../arm-none-eabi/lib/thumb/v7e-m+fp/hard\libc_nano.a(libc_a-impure.o)
                0x20000218                _impure_data
 *(.RamFunc)
 *(.RamFunc*)
                0x20000264                        . = ALIGN (0x4)
                0x20000264                        _edata = .
                0x08008a48                        _siccmram = LOADADDR (.ccmram)

.igot.plt       0x20000264        0x0 load address 0x08008a48
 .igot.plt      0x20000264        0x0 C:/ST/STM32CubeIDE_1.16.0/STM32CubeIDE/plugins/com.st.stm32cube.ide.mcu.externaltools.gnu-tools-for-stm32.12.3.rel1.win32_1.1.0.202410251130/tools/bin/../lib/gcc/arm-none-eabi/12.3.1/thumb/v7e-m+fp/hard/crtbegin.o

.ccmram         0x10000000        0x0 load address 0x08008a48
                0x10000000                        . = ALIGN (0x4)
                0x10000000                        _sccmram = .
 *(.ccmram)
 *(.ccmram*)
                0x10000000                        . = ALIGN (0x4)
                0x10000000                        _eccmram = .
                0x10000000                        . = ALIGN (0x4)

.bss            0x20000264    0x25f34
                0x20000264                        _sbss = .
                0x20000264                        __bss_start__ = _sbss
 *(.bss)
 .bss           0x20000264       0x1c C:/ST/STM32CubeIDE_1.16.0/STM32CubeIDE/plugins/com.st.stm32cube.ide.mcu.externaltools.gnu-tools-for-stm32.12.3.rel1.win32_1.1.0.202410251130/tools/bin/../lib/gcc/arm-none-eabi/12.3.1/thumb/v7e-m+fp/hard/crtbegin.o
 *(.bss*)
 .bss.StaticTouchData
                0x20000280        0x8 ./Core/Src/ApplicationCode.o
 .bss.LCDTouchIRQ
                0x20000288        0x8 ./Core/Src/ApplicationCode.o
 .bss.statusFlag
                0x20000290        0x1 ./Core/Src/ApplicationCode.o
 *fill*         0x20000291        0x3 
 .bss.count.0   0x20000294        0x4 ./Core/Src/ApplicationCode.o
 .bss.hltdc     0x20000298       0xa8 ./Core/Src/LCD_Driver.o
 .bss.PeriphClkInitStruct
                0x20000340       0x30 ./Core/Src/LCD_Driver.o
 .bss.LCD_Currentfonts
                0x20000370        0x4 ./Core/Src/LCD_Driver.o
 .bss.frameBuffer
                0x20000374    0x25800 ./Core/Src/LCD_Driver.o
                0x20000374                frameBuffer
 .bss.board     0x20025b74      0x320 ./Core/Src/game.o
                0x20025b74                board
 .bss.currentPiece
                0x20025e94       0x48 ./Core/Src/game.o
                0x20025e94                currentPiece
 .bss.nextPiece
                0x20025edc       0x48 ./Core/Src/game.o
                0x20025edc                nextPiece
 .bss.SpiHandle
                0x20025f24       0x58 ./Core/Src/ili9341.o
 .bss.Is_LCD_IO_Initialized
                0x20025f7c        0x1 ./Core/Src/ili9341.o
 *fill*         0x20025f7d        0x3 
 .bss.hrng      0x20025f80       0x10 ./Core/Src/main.o
                0x20025f80                hrng
 .bss.htim5     0x20025f90       0x48 ./Core/Src/main.o
                0x20025f90                htim5
 .bss.rng       0x20025fd8       0x10 ./Core/Src/rand.o
                0x20025fd8                rng
 .bss.activeScreen
                0x20025fe8        0x2 ./Core/Src/screens.o
                0x20025fe8                activeScreen
 *fill*         0x20025fea        0x2 
 .bss.hI2C3     0x20025fec       0x54 ./Core/Src/stmpe811.o
 .bss.HAL_status
                0x20026040        0x1 ./Core/Src/stmpe811.o
 *fill*         0x20026041        0x3 
 .bss.__sbrk_heap_end
                0x20026044        0x4 ./Core/Src/sysmem.o
 .bss.uwTick    0x20026048        0x4 ./Drivers/STM32F4xx_HAL_Driver/Src/stm32f4xx_hal.o
                0x20026048                uwTick
 .bss.__sf      0x2002604c      0x138 C:/ST/STM32CubeIDE_1.16.0/STM32CubeIDE/plugins/com.st.stm32cube.ide.mcu.externaltools.gnu-tools-for-stm32.12.3.rel1.win32_1.1.0.202410251130/tools/bin/../lib/gcc/arm-none-eabi/12.3.1/../../../../arm-none-eabi/lib/thumb/v7e-m+fp/hard\libc_nano.a(libc_a-findfp.o)
                0x2002604c                __sf
 .bss.__stdio_exit_handler
                0x20026184        0x4 C:/ST/STM32CubeIDE_1.16.0/STM32CubeIDE/plugins/com.st.stm32cube.ide.mcu.externaltools.gnu-tools-for-stm32.12.3.rel1.win32_1.1.0.202410251130/tools/bin/../lib/gcc/arm-none-eabi/12.3.1/../../../../arm-none-eabi/lib/thumb/v7e-m+fp/hard\libc_nano.a(libc_a-findfp.o)
                0x20026184                __stdio_exit_handler
 .bss.errno     0x20026188        0x4 C:/ST/STM32CubeIDE_1.16.0/STM32CubeIDE/plugins/com.st.stm32cube.ide.mcu.externaltools.gnu-tools-for-stm32.12.3.rel1.win32_1.1.0.202410251130/tools/bin/../lib/gcc/arm-none-eabi/12.3.1/../../../../arm-none-eabi/lib/thumb/v7e-m+fp/hard\libc_nano.a(libc_a-reent.o)
                0x20026188                errno
 .bss.__lock___malloc_recursive_mutex
                0x2002618c        0x1 C:/ST/STM32CubeIDE_1.16.0/STM32CubeIDE/plugins/com.st.stm32cube.ide.mcu.externaltools.gnu-tools-for-stm32.12.3.rel1.win32_1.1.0.202410251130/tools/bin/../lib/gcc/arm-none-eabi/12.3.1/../../../../arm-none-eabi/lib/thumb/v7e-m+fp/hard\libc_nano.a(libc_a-lock.o)
                0x2002618c                __lock___malloc_recursive_mutex
 .bss.__lock___sfp_recursive_mutex
                0x2002618d        0x1 C:/ST/STM32CubeIDE_1.16.0/STM32CubeIDE/plugins/com.st.stm32cube.ide.mcu.externaltools.gnu-tools-for-stm32.12.3.rel1.win32_1.1.0.202410251130/tools/bin/../lib/gcc/arm-none-eabi/12.3.1/../../../../arm-none-eabi/lib/thumb/v7e-m+fp/hard\libc_nano.a(libc_a-lock.o)
                0x2002618d                __lock___sfp_recursive_mutex
 *fill*         0x2002618e        0x2 
 .bss.__malloc_sbrk_start
                0x20026190        0x4 C:/ST/STM32CubeIDE_1.16.0/STM32CubeIDE/plugins/com.st.stm32cube.ide.mcu.externaltools.gnu-tools-for-stm32.12.3.rel1.win32_1.1.0.202410251130/tools/bin/../lib/gcc/arm-none-eabi/12.3.1/../../../../arm-none-eabi/lib/thumb/v7e-m+fp/hard\libc_nano.a(libc_a-mallocr.o)
                0x20026190                __malloc_sbrk_start
 .bss.__malloc_free_list
                0x20026194        0x4 C:/ST/STM32CubeIDE_1.16.0/STM32CubeIDE/plugins/com.st.stm32cube.ide.mcu.externaltools.gnu-tools-for-stm32.12.3.rel1.win32_1.1.0.202410251130/tools/bin/../lib/gcc/arm-none-eabi/12.3.1/../../../../arm-none-eabi/lib/thumb/v7e-m+fp/hard\libc_nano.a(libc_a-mallocr.o)
                0x20026194                __malloc_free_list
 *(COMMON)
                0x20026198                        . = ALIGN (0x4)
                0x20026198                        _ebss = .
                0x20026198                        __bss_end__ = _ebss

._user_heap_stack
                0x20026198      0x600
                0x20026198                        . = ALIGN (0x8)
                [!provide]                        PROVIDE (end = .)
                0x20026198                        PROVIDE (_end = .)
                0x20026398                        . = (. + _Min_Heap_Size)
 *fill*         0x20026198      0x200 
                0x20026798                        . = (. + _Min_Stack_Size)
 *fill*         0x20026398      0x400 
                0x20026798                        . = ALIGN (0x8)

/DISCARD/
 libc.a(*)
 libm.a(*)
 libgcc.a(*)

.ARM.attributes
                0x00000000       0x30
 *(.ARM.attributes)
 .ARM.attributes
                0x00000000       0x22 C:/ST/STM32CubeIDE_1.16.0/STM32CubeIDE/plugins/com.st.stm32cube.ide.mcu.externaltools.gnu-tools-for-stm32.12.3.rel1.win32_1.1.0.202410251130/tools/bin/../lib/gcc/arm-none-eabi/12.3.1/thumb/v7e-m+fp/hard/crti.o
 .ARM.attributes
                0x00000022       0x34 C:/ST/STM32CubeIDE_1.16.0/STM32CubeIDE/plugins/com.st.stm32cube.ide.mcu.externaltools.gnu-tools-for-stm32.12.3.rel1.win32_1.1.0.202410251130/tools/bin/../lib/gcc/arm-none-eabi/12.3.1/thumb/v7e-m+fp/hard/crtbegin.o
 .ARM.attributes
                0x00000056       0x34 ./Core/Src/ApplicationCode.o
 .ARM.attributes
                0x0000008a       0x34 ./Core/Src/LCD_Driver.o
 .ARM.attributes
                0x000000be       0x34 ./Core/Src/draw.o
 .ARM.attributes
                0x000000f2       0x34 ./Core/Src/fonts.o
 .ARM.attributes
                0x00000126       0x34 ./Core/Src/game.o
 .ARM.attributes
                0x0000015a       0x34 ./Core/Src/gameBoard.o
 .ARM.attributes
                0x0000018e       0x34 ./Core/Src/ili9341.o
 .ARM.attributes
                0x000001c2       0x34 ./Core/Src/main.o
 .ARM.attributes
                0x000001f6       0x34 ./Core/Src/pieces.o
 .ARM.attributes
                0x0000022a       0x34 ./Core/Src/rand.o
 .ARM.attributes
                0x0000025e       0x34 ./Core/Src/screens.o
 .ARM.attributes
                0x00000292       0x34 ./Core/Src/stm32f4xx_hal_msp.o
 .ARM.attributes
                0x000002c6       0x34 ./Core/Src/stm32f4xx_it.o
 .ARM.attributes
                0x000002fa       0x34 ./Core/Src/stmpe811.o
 .ARM.attributes
                0x0000032e       0x34 ./Core/Src/syscalls.o
 .ARM.attributes
                0x00000362       0x34 ./Core/Src/sysmem.o
 .ARM.attributes
                0x00000396       0x34 ./Core/Src/system_stm32f4xx.o
 .ARM.attributes
                0x000003ca       0x21 ./Core/Startup/startup_stm32f429zitx.o
 .ARM.attributes
                0x000003eb       0x34 ./Drivers/STM32F4xx_HAL_Driver/Src/stm32f4xx_hal.o
 .ARM.attributes
                0x0000041f       0x34 ./Drivers/STM32F4xx_HAL_Driver/Src/stm32f4xx_hal_cortex.o
 .ARM.attributes
                0x00000453       0x34 ./Drivers/STM32F4xx_HAL_Driver/Src/stm32f4xx_hal_exti.o
 .ARM.attributes
                0x00000487       0x34 ./Drivers/STM32F4xx_HAL_Driver/Src/stm32f4xx_hal_gpio.o
 .ARM.attributes
                0x000004bb       0x34 ./Drivers/STM32F4xx_HAL_Driver/Src/stm32f4xx_hal_i2c.o
 .ARM.attributes
                0x000004ef       0x34 ./Drivers/STM32F4xx_HAL_Driver/Src/stm32f4xx_hal_ltdc.o
 .ARM.attributes
                0x00000523       0x34 ./Drivers/STM32F4xx_HAL_Driver/Src/stm32f4xx_hal_rcc.o
 .ARM.attributes
                0x00000557       0x34 ./Drivers/STM32F4xx_HAL_Driver/Src/stm32f4xx_hal_rcc_ex.o
 .ARM.attributes
                0x0000058b       0x34 ./Drivers/STM32F4xx_HAL_Driver/Src/stm32f4xx_hal_rng.o
 .ARM.attributes
                0x000005bf       0x34 ./Drivers/STM32F4xx_HAL_Driver/Src/stm32f4xx_hal_spi.o
 .ARM.attributes
                0x000005f3       0x34 ./Drivers/STM32F4xx_HAL_Driver/Src/stm32f4xx_hal_tim.o
 .ARM.attributes
                0x00000627       0x34 ./Drivers/STM32F4xx_HAL_Driver/Src/stm32f4xx_hal_tim_ex.o
 .ARM.attributes
                0x0000065b       0x34 C:/ST/STM32CubeIDE_1.16.0/STM32CubeIDE/plugins/com.st.stm32cube.ide.mcu.externaltools.gnu-tools-for-stm32.12.3.rel1.win32_1.1.0.202410251130/tools/bin/../lib/gcc/arm-none-eabi/12.3.1/../../../../arm-none-eabi/lib/thumb/v7e-m+fp/hard\libc_nano.a(libc_a-findfp.o)
 .ARM.attributes
                0x0000068f       0x34 C:/ST/STM32CubeIDE_1.16.0/STM32CubeIDE/plugins/com.st.stm32cube.ide.mcu.externaltools.gnu-tools-for-stm32.12.3.rel1.win32_1.1.0.202410251130/tools/bin/../lib/gcc/arm-none-eabi/12.3.1/../../../../arm-none-eabi/lib/thumb/v7e-m+fp/hard\libc_nano.a(libc_a-fwalk.o)
 .ARM.attributes
                0x000006c3       0x34 C:/ST/STM32CubeIDE_1.16.0/STM32CubeIDE/plugins/com.st.stm32cube.ide.mcu.externaltools.gnu-tools-for-stm32.12.3.rel1.win32_1.1.0.202410251130/tools/bin/../lib/gcc/arm-none-eabi/12.3.1/../../../../arm-none-eabi/lib/thumb/v7e-m+fp/hard\libc_nano.a(libc_a-printf.o)
 .ARM.attributes
                0x000006f7       0x34 C:/ST/STM32CubeIDE_1.16.0/STM32CubeIDE/plugins/com.st.stm32cube.ide.mcu.externaltools.gnu-tools-for-stm32.12.3.rel1.win32_1.1.0.202410251130/tools/bin/../lib/gcc/arm-none-eabi/12.3.1/../../../../arm-none-eabi/lib/thumb/v7e-m+fp/hard\libc_nano.a(libc_a-stdio.o)
 .ARM.attributes
                0x0000072b       0x34 C:/ST/STM32CubeIDE_1.16.0/STM32CubeIDE/plugins/com.st.stm32cube.ide.mcu.externaltools.gnu-tools-for-stm32.12.3.rel1.win32_1.1.0.202410251130/tools/bin/../lib/gcc/arm-none-eabi/12.3.1/../../../../arm-none-eabi/lib/thumb/v7e-m+fp/hard\libc_nano.a(libc_a-wbuf.o)
 .ARM.attributes
                0x0000075f       0x34 C:/ST/STM32CubeIDE_1.16.0/STM32CubeIDE/plugins/com.st.stm32cube.ide.mcu.externaltools.gnu-tools-for-stm32.12.3.rel1.win32_1.1.0.202410251130/tools/bin/../lib/gcc/arm-none-eabi/12.3.1/../../../../arm-none-eabi/lib/thumb/v7e-m+fp/hard\libc_nano.a(libc_a-wsetup.o)
 .ARM.attributes
                0x00000793       0x34 C:/ST/STM32CubeIDE_1.16.0/STM32CubeIDE/plugins/com.st.stm32cube.ide.mcu.externaltools.gnu-tools-for-stm32.12.3.rel1.win32_1.1.0.202410251130/tools/bin/../lib/gcc/arm-none-eabi/12.3.1/../../../../arm-none-eabi/lib/thumb/v7e-m+fp/hard\libc_nano.a(libc_a-memset.o)
 .ARM.attributes
                0x000007c7       0x34 C:/ST/STM32CubeIDE_1.16.0/STM32CubeIDE/plugins/com.st.stm32cube.ide.mcu.externaltools.gnu-tools-for-stm32.12.3.rel1.win32_1.1.0.202410251130/tools/bin/../lib/gcc/arm-none-eabi/12.3.1/../../../../arm-none-eabi/lib/thumb/v7e-m+fp/hard\libc_nano.a(libc_a-closer.o)
 .ARM.attributes
                0x000007fb       0x34 C:/ST/STM32CubeIDE_1.16.0/STM32CubeIDE/plugins/com.st.stm32cube.ide.mcu.externaltools.gnu-tools-for-stm32.12.3.rel1.win32_1.1.0.202410251130/tools/bin/../lib/gcc/arm-none-eabi/12.3.1/../../../../arm-none-eabi/lib/thumb/v7e-m+fp/hard\libc_nano.a(libc_a-reent.o)
 .ARM.attributes
                0x0000082f       0x34 C:/ST/STM32CubeIDE_1.16.0/STM32CubeIDE/plugins/com.st.stm32cube.ide.mcu.externaltools.gnu-tools-for-stm32.12.3.rel1.win32_1.1.0.202410251130/tools/bin/../lib/gcc/arm-none-eabi/12.3.1/../../../../arm-none-eabi/lib/thumb/v7e-m+fp/hard\libc_nano.a(libc_a-impure.o)
 .ARM.attributes
                0x00000863       0x34 C:/ST/STM32CubeIDE_1.16.0/STM32CubeIDE/plugins/com.st.stm32cube.ide.mcu.externaltools.gnu-tools-for-stm32.12.3.rel1.win32_1.1.0.202410251130/tools/bin/../lib/gcc/arm-none-eabi/12.3.1/../../../../arm-none-eabi/lib/thumb/v7e-m+fp/hard\libc_nano.a(libc_a-lseekr.o)
 .ARM.attributes
                0x00000897       0x34 C:/ST/STM32CubeIDE_1.16.0/STM32CubeIDE/plugins/com.st.stm32cube.ide.mcu.externaltools.gnu-tools-for-stm32.12.3.rel1.win32_1.1.0.202410251130/tools/bin/../lib/gcc/arm-none-eabi/12.3.1/../../../../arm-none-eabi/lib/thumb/v7e-m+fp/hard\libc_nano.a(libc_a-readr.o)
 .ARM.attributes
                0x000008cb       0x34 C:/ST/STM32CubeIDE_1.16.0/STM32CubeIDE/plugins/com.st.stm32cube.ide.mcu.externaltools.gnu-tools-for-stm32.12.3.rel1.win32_1.1.0.202410251130/tools/bin/../lib/gcc/arm-none-eabi/12.3.1/../../../../arm-none-eabi/lib/thumb/v7e-m+fp/hard\libc_nano.a(libc_a-writer.o)
 .ARM.attributes
                0x000008ff       0x34 C:/ST/STM32CubeIDE_1.16.0/STM32CubeIDE/plugins/com.st.stm32cube.ide.mcu.externaltools.gnu-tools-for-stm32.12.3.rel1.win32_1.1.0.202410251130/tools/bin/../lib/gcc/arm-none-eabi/12.3.1/../../../../arm-none-eabi/lib/thumb/v7e-m+fp/hard\libc_nano.a(libc_a-errno.o)
 .ARM.attributes
                0x00000933       0x34 C:/ST/STM32CubeIDE_1.16.0/STM32CubeIDE/plugins/com.st.stm32cube.ide.mcu.externaltools.gnu-tools-for-stm32.12.3.rel1.win32_1.1.0.202410251130/tools/bin/../lib/gcc/arm-none-eabi/12.3.1/../../../../arm-none-eabi/lib/thumb/v7e-m+fp/hard\libc_nano.a(libc_a-init.o)
 .ARM.attributes
                0x00000967       0x34 C:/ST/STM32CubeIDE_1.16.0/STM32CubeIDE/plugins/com.st.stm32cube.ide.mcu.externaltools.gnu-tools-for-stm32.12.3.rel1.win32_1.1.0.202410251130/tools/bin/../lib/gcc/arm-none-eabi/12.3.1/../../../../arm-none-eabi/lib/thumb/v7e-m+fp/hard\libc_nano.a(libc_a-lock.o)
 .ARM.attributes
                0x0000099b       0x34 C:/ST/STM32CubeIDE_1.16.0/STM32CubeIDE/plugins/com.st.stm32cube.ide.mcu.externaltools.gnu-tools-for-stm32.12.3.rel1.win32_1.1.0.202410251130/tools/bin/../lib/gcc/arm-none-eabi/12.3.1/../../../../arm-none-eabi/lib/thumb/v7e-m+fp/hard\libc_nano.a(libc_a-memcpy-stub.o)
 .ARM.attributes
                0x000009cf       0x34 C:/ST/STM32CubeIDE_1.16.0/STM32CubeIDE/plugins/com.st.stm32cube.ide.mcu.externaltools.gnu-tools-for-stm32.12.3.rel1.win32_1.1.0.202410251130/tools/bin/../lib/gcc/arm-none-eabi/12.3.1/../../../../arm-none-eabi/lib/thumb/v7e-m+fp/hard\libc_nano.a(libc_a-freer.o)
 .ARM.attributes
                0x00000a03       0x34 C:/ST/STM32CubeIDE_1.16.0/STM32CubeIDE/plugins/com.st.stm32cube.ide.mcu.externaltools.gnu-tools-for-stm32.12.3.rel1.win32_1.1.0.202410251130/tools/bin/../lib/gcc/arm-none-eabi/12.3.1/../../../../arm-none-eabi/lib/thumb/v7e-m+fp/hard\libc_nano.a(libc_a-mallocr.o)
 .ARM.attributes
                0x00000a37       0x34 C:/ST/STM32CubeIDE_1.16.0/STM32CubeIDE/plugins/com.st.stm32cube.ide.mcu.externaltools.gnu-tools-for-stm32.12.3.rel1.win32_1.1.0.202410251130/tools/bin/../lib/gcc/arm-none-eabi/12.3.1/../../../../arm-none-eabi/lib/thumb/v7e-m+fp/hard\libc_nano.a(libc_a-mlock.o)
 .ARM.attributes
                0x00000a6b       0x34 C:/ST/STM32CubeIDE_1.16.0/STM32CubeIDE/plugins/com.st.stm32cube.ide.mcu.externaltools.gnu-tools-for-stm32.12.3.rel1.win32_1.1.0.202410251130/tools/bin/../lib/gcc/arm-none-eabi/12.3.1/../../../../arm-none-eabi/lib/thumb/v7e-m+fp/hard\libc_nano.a(libc_a-nano-vfprintf.o)
 .ARM.attributes
                0x00000a9f       0x34 C:/ST/STM32CubeIDE_1.16.0/STM32CubeIDE/plugins/com.st.stm32cube.ide.mcu.externaltools.gnu-tools-for-stm32.12.3.rel1.win32_1.1.0.202410251130/tools/bin/../lib/gcc/arm-none-eabi/12.3.1/../../../../arm-none-eabi/lib/thumb/v7e-m+fp/hard\libc_nano.a(libc_a-nano-vfprintf_i.o)
 .ARM.attributes
                0x00000ad3       0x34 C:/ST/STM32CubeIDE_1.16.0/STM32CubeIDE/plugins/com.st.stm32cube.ide.mcu.externaltools.gnu-tools-for-stm32.12.3.rel1.win32_1.1.0.202410251130/tools/bin/../lib/gcc/arm-none-eabi/12.3.1/../../../../arm-none-eabi/lib/thumb/v7e-m+fp/hard\libc_nano.a(libc_a-fflush.o)
 .ARM.attributes
                0x00000b07       0x34 C:/ST/STM32CubeIDE_1.16.0/STM32CubeIDE/plugins/com.st.stm32cube.ide.mcu.externaltools.gnu-tools-for-stm32.12.3.rel1.win32_1.1.0.202410251130/tools/bin/../lib/gcc/arm-none-eabi/12.3.1/../../../../arm-none-eabi/lib/thumb/v7e-m+fp/hard\libc_nano.a(libc_a-makebuf.o)
 .ARM.attributes
                0x00000b3b       0x34 C:/ST/STM32CubeIDE_1.16.0/STM32CubeIDE/plugins/com.st.stm32cube.ide.mcu.externaltools.gnu-tools-for-stm32.12.3.rel1.win32_1.1.0.202410251130/tools/bin/../lib/gcc/arm-none-eabi/12.3.1/../../../../arm-none-eabi/lib/thumb/v7e-m+fp/hard\libc_nano.a(libc_a-fstatr.o)
 .ARM.attributes
                0x00000b6f       0x34 C:/ST/STM32CubeIDE_1.16.0/STM32CubeIDE/plugins/com.st.stm32cube.ide.mcu.externaltools.gnu-tools-for-stm32.12.3.rel1.win32_1.1.0.202410251130/tools/bin/../lib/gcc/arm-none-eabi/12.3.1/../../../../arm-none-eabi/lib/thumb/v7e-m+fp/hard\libc_nano.a(libc_a-isattyr.o)
 .ARM.attributes
                0x00000ba3       0x34 C:/ST/STM32CubeIDE_1.16.0/STM32CubeIDE/plugins/com.st.stm32cube.ide.mcu.externaltools.gnu-tools-for-stm32.12.3.rel1.win32_1.1.0.202410251130/tools/bin/../lib/gcc/arm-none-eabi/12.3.1/../../../../arm-none-eabi/lib/thumb/v7e-m+fp/hard\libc_nano.a(libc_a-sbrkr.o)
 .ARM.attributes
                0x00000bd7       0x1c C:/ST/STM32CubeIDE_1.16.0/STM32CubeIDE/plugins/com.st.stm32cube.ide.mcu.externaltools.gnu-tools-for-stm32.12.3.rel1.win32_1.1.0.202410251130/tools/bin/../lib/gcc/arm-none-eabi/12.3.1/../../../../arm-none-eabi/lib/thumb/v7e-m+fp/hard\libc_nano.a(libc_a-memchr.o)
 .ARM.attributes
                0x00000bf3       0x22 C:/ST/STM32CubeIDE_1.16.0/STM32CubeIDE/plugins/com.st.stm32cube.ide.mcu.externaltools.gnu-tools-for-stm32.12.3.rel1.win32_1.1.0.202410251130/tools/bin/../lib/gcc/arm-none-eabi/12.3.1/thumb/v7e-m+fp/hard\libgcc.a(_aeabi_uldivmod.o)
 .ARM.attributes
                0x00000c15       0x34 C:/ST/STM32CubeIDE_1.16.0/STM32CubeIDE/plugins/com.st.stm32cube.ide.mcu.externaltools.gnu-tools-for-stm32.12.3.rel1.win32_1.1.0.202410251130/tools/bin/../lib/gcc/arm-none-eabi/12.3.1/thumb/v7e-m+fp/hard\libgcc.a(_udivmoddi4.o)
 .ARM.attributes
                0x00000c49       0x22 C:/ST/STM32CubeIDE_1.16.0/STM32CubeIDE/plugins/com.st.stm32cube.ide.mcu.externaltools.gnu-tools-for-stm32.12.3.rel1.win32_1.1.0.202410251130/tools/bin/../lib/gcc/arm-none-eabi/12.3.1/thumb/v7e-m+fp/hard\libgcc.a(_dvmd_tls.o)
 .ARM.attributes
                0x00000c6b       0x22 C:/ST/STM32CubeIDE_1.16.0/STM32CubeIDE/plugins/com.st.stm32cube.ide.mcu.externaltools.gnu-tools-for-stm32.12.3.rel1.win32_1.1.0.202410251130/tools/bin/../lib/gcc/arm-none-eabi/12.3.1/thumb/v7e-m+fp/hard/crtn.o
OUTPUT(PHindesFinal.elf elf32-littlearm)
LOAD linker stubs
LOAD C:/ST/STM32CubeIDE_1.16.0/STM32CubeIDE/plugins/com.st.stm32cube.ide.mcu.externaltools.gnu-tools-for-stm32.12.3.rel1.win32_1.1.0.202410251130/tools/bin/../lib/gcc/arm-none-eabi/12.3.1/../../../../arm-none-eabi/lib/thumb/v7e-m+fp/hard\libc.a
LOAD C:/ST/STM32CubeIDE_1.16.0/STM32CubeIDE/plugins/com.st.stm32cube.ide.mcu.externaltools.gnu-tools-for-stm32.12.3.rel1.win32_1.1.0.202410251130/tools/bin/../lib/gcc/arm-none-eabi/12.3.1/../../../../arm-none-eabi/lib/thumb/v7e-m+fp/hard\libm.a
LOAD C:/ST/STM32CubeIDE_1.16.0/STM32CubeIDE/plugins/com.st.stm32cube.ide.mcu.externaltools.gnu-tools-for-stm32.12.3.rel1.win32_1.1.0.202410251130/tools/bin/../lib/gcc/arm-none-eabi/12.3.1/thumb/v7e-m+fp/hard\libgcc.a

.debug_info     0x00000000    0x15919
 .debug_info    0x00000000      0xb6d ./Core/Src/ApplicationCode.o
 .debug_info    0x00000b6d     0x11dc ./Core/Src/LCD_Driver.o
 .debug_info    0x00001d49      0x72c ./Core/Src/draw.o
 .debug_info    0x00002475      0x145 ./Core/Src/fonts.o
 .debug_info    0x000025ba      0x42b ./Core/Src/game.o
 .debug_info    0x000029e5      0x2cb ./Core/Src/gameBoard.o
 .debug_info    0x00002cb0      0xc85 ./Core/Src/ili9341.o
 .debug_info    0x00003935     0x18fe ./Core/Src/main.o
 .debug_info    0x00005233      0x1f6 ./Core/Src/pieces.o
 .debug_info    0x00005429      0x1cf ./Core/Src/rand.o
 .debug_info    0x000055f8      0x359 ./Core/Src/screens.o
 .debug_info    0x00005951     0x1a5e ./Core/Src/stm32f4xx_hal_msp.o
 .debug_info    0x000073af      0x6e1 ./Core/Src/stm32f4xx_it.o
 .debug_info    0x00007a90     0x124f ./Core/Src/stmpe811.o
 .debug_info    0x00008cdf      0x6a3 ./Core/Src/syscalls.o
 .debug_info    0x00009382      0x168 ./Core/Src/sysmem.o
 .debug_info    0x000094ea      0x52e ./Core/Src/system_stm32f4xx.o
 .debug_info    0x00009a18       0x30 ./Core/Startup/startup_stm32f429zitx.o
 .debug_info    0x00009a48      0x9ba ./Drivers/STM32F4xx_HAL_Driver/Src/stm32f4xx_hal.o
 .debug_info    0x0000a402      0xdc2 ./Drivers/STM32F4xx_HAL_Driver/Src/stm32f4xx_hal_cortex.o
 .debug_info    0x0000b1c4      0x4f4 ./Drivers/STM32F4xx_HAL_Driver/Src/stm32f4xx_hal_exti.o
 .debug_info    0x0000b6b8      0x6db ./Drivers/STM32F4xx_HAL_Driver/Src/stm32f4xx_hal_gpio.o
 .debug_info    0x0000bd93     0x2421 ./Drivers/STM32F4xx_HAL_Driver/Src/stm32f4xx_hal_i2c.o
 .debug_info    0x0000e1b4     0x1022 ./Drivers/STM32F4xx_HAL_Driver/Src/stm32f4xx_hal_ltdc.o
 .debug_info    0x0000f1d6      0x8c7 ./Drivers/STM32F4xx_HAL_Driver/Src/stm32f4xx_hal_rcc.o
 .debug_info    0x0000fa9d      0x64c ./Drivers/STM32F4xx_HAL_Driver/Src/stm32f4xx_hal_rcc_ex.o
 .debug_info    0x000100e9      0x493 ./Drivers/STM32F4xx_HAL_Driver/Src/stm32f4xx_hal_rng.o
 .debug_info    0x0001057c     0x1525 ./Drivers/STM32F4xx_HAL_Driver/Src/stm32f4xx_hal_spi.o
 .debug_info    0x00011aa1     0x299d ./Drivers/STM32F4xx_HAL_Driver/Src/stm32f4xx_hal_tim.o
 .debug_info    0x0001443e     0x14db ./Drivers/STM32F4xx_HAL_Driver/Src/stm32f4xx_hal_tim_ex.o

.debug_abbrev   0x00000000     0x3a1f
 .debug_abbrev  0x00000000      0x250 ./Core/Src/ApplicationCode.o
 .debug_abbrev  0x00000250      0x326 ./Core/Src/LCD_Driver.o
 .debug_abbrev  0x00000576      0x175 ./Core/Src/draw.o
 .debug_abbrev  0x000006eb       0xc6 ./Core/Src/fonts.o
 .debug_abbrev  0x000007b1      0x197 ./Core/Src/game.o
 .debug_abbrev  0x00000948      0x137 ./Core/Src/gameBoard.o
 .debug_abbrev  0x00000a7f      0x2c9 ./Core/Src/ili9341.o
 .debug_abbrev  0x00000d48      0x2ff ./Core/Src/main.o
 .debug_abbrev  0x00001047      0x14f ./Core/Src/pieces.o
 .debug_abbrev  0x00001196      0x112 ./Core/Src/rand.o
 .debug_abbrev  0x000012a8      0x181 ./Core/Src/screens.o
 .debug_abbrev  0x00001429      0x266 ./Core/Src/stm32f4xx_hal_msp.o
 .debug_abbrev  0x0000168f      0x192 ./Core/Src/stm32f4xx_it.o
 .debug_abbrev  0x00001821      0x303 ./Core/Src/stmpe811.o
 .debug_abbrev  0x00001b24      0x1b6 ./Core/Src/syscalls.o
 .debug_abbrev  0x00001cda       0xbc ./Core/Src/sysmem.o
 .debug_abbrev  0x00001d96      0x11a ./Core/Src/system_stm32f4xx.o
 .debug_abbrev  0x00001eb0       0x24 ./Core/Startup/startup_stm32f429zitx.o
 .debug_abbrev  0x00001ed4      0x214 ./Drivers/STM32F4xx_HAL_Driver/Src/stm32f4xx_hal.o
 .debug_abbrev  0x000020e8      0x31d ./Drivers/STM32F4xx_HAL_Driver/Src/stm32f4xx_hal_cortex.o
 .debug_abbrev  0x00002405      0x1c6 ./Drivers/STM32F4xx_HAL_Driver/Src/stm32f4xx_hal_exti.o
 .debug_abbrev  0x000025cb      0x1d4 ./Drivers/STM32F4xx_HAL_Driver/Src/stm32f4xx_hal_gpio.o
 .debug_abbrev  0x0000279f      0x2ad ./Drivers/STM32F4xx_HAL_Driver/Src/stm32f4xx_hal_i2c.o
 .debug_abbrev  0x00002a4c      0x233 ./Drivers/STM32F4xx_HAL_Driver/Src/stm32f4xx_hal_ltdc.o
 .debug_abbrev  0x00002c7f      0x2b7 ./Drivers/STM32F4xx_HAL_Driver/Src/stm32f4xx_hal_rcc.o
 .debug_abbrev  0x00002f36      0x1b0 ./Drivers/STM32F4xx_HAL_Driver/Src/stm32f4xx_hal_rcc_ex.o
 .debug_abbrev  0x000030e6      0x1c4 ./Drivers/STM32F4xx_HAL_Driver/Src/stm32f4xx_hal_rng.o
 .debug_abbrev  0x000032aa      0x27a ./Drivers/STM32F4xx_HAL_Driver/Src/stm32f4xx_hal_spi.o
 .debug_abbrev  0x00003524      0x278 ./Drivers/STM32F4xx_HAL_Driver/Src/stm32f4xx_hal_tim.o
 .debug_abbrev  0x0000379c      0x283 ./Drivers/STM32F4xx_HAL_Driver/Src/stm32f4xx_hal_tim_ex.o

.debug_aranges  0x00000000     0x1588
 .debug_aranges
                0x00000000       0x40 ./Core/Src/ApplicationCode.o
 .debug_aranges
                0x00000040       0xd0 ./Core/Src/LCD_Driver.o
 .debug_aranges
                0x00000110       0x68 ./Core/Src/draw.o
 .debug_aranges
                0x00000178       0x18 ./Core/Src/fonts.o
 .debug_aranges
                0x00000190       0x58 ./Core/Src/game.o
 .debug_aranges
                0x000001e8       0x30 ./Core/Src/gameBoard.o
 .debug_aranges
                0x00000218       0x98 ./Core/Src/ili9341.o
 .debug_aranges
                0x000002b0       0x68 ./Core/Src/main.o
 .debug_aranges
                0x00000318       0x28 ./Core/Src/pieces.o
 .debug_aranges
                0x00000340       0x28 ./Core/Src/rand.o
 .debug_aranges
                0x00000368       0x40 ./Core/Src/screens.o
 .debug_aranges
                0x000003a8       0x70 ./Core/Src/stm32f4xx_hal_msp.o
 .debug_aranges
                0x00000418       0x68 ./Core/Src/stm32f4xx_it.o
 .debug_aranges
                0x00000480       0x98 ./Core/Src/stmpe811.o
 .debug_aranges
                0x00000518       0xa8 ./Core/Src/syscalls.o
 .debug_aranges
                0x000005c0       0x20 ./Core/Src/sysmem.o
 .debug_aranges
                0x000005e0       0x28 ./Core/Src/system_stm32f4xx.o
 .debug_aranges
                0x00000608       0x28 ./Core/Startup/startup_stm32f429zitx.o
 .debug_aranges
                0x00000630      0x100 ./Drivers/STM32F4xx_HAL_Driver/Src/stm32f4xx_hal.o
 .debug_aranges
                0x00000730      0x130 ./Drivers/STM32F4xx_HAL_Driver/Src/stm32f4xx_hal_cortex.o
 .debug_aranges
                0x00000860       0x60 ./Drivers/STM32F4xx_HAL_Driver/Src/stm32f4xx_hal_exti.o
 .debug_aranges
                0x000008c0       0x58 ./Drivers/STM32F4xx_HAL_Driver/Src/stm32f4xx_hal_gpio.o
 .debug_aranges
                0x00000918      0x2a8 ./Drivers/STM32F4xx_HAL_Driver/Src/stm32f4xx_hal_i2c.o
 .debug_aranges
                0x00000bc0      0x158 ./Drivers/STM32F4xx_HAL_Driver/Src/stm32f4xx_hal_ltdc.o
 .debug_aranges
                0x00000d18       0x88 ./Drivers/STM32F4xx_HAL_Driver/Src/stm32f4xx_hal_rcc.o
 .debug_aranges
                0x00000da0       0x58 ./Drivers/STM32F4xx_HAL_Driver/Src/stm32f4xx_hal_rcc_ex.o
 .debug_aranges
                0x00000df8       0x88 ./Drivers/STM32F4xx_HAL_Driver/Src/stm32f4xx_hal_rng.o
 .debug_aranges
                0x00000e80      0x1d0 ./Drivers/STM32F4xx_HAL_Driver/Src/stm32f4xx_hal_spi.o
 .debug_aranges
                0x00001050      0x3d0 ./Drivers/STM32F4xx_HAL_Driver/Src/stm32f4xx_hal_tim.o
 .debug_aranges
                0x00001420      0x168 ./Drivers/STM32F4xx_HAL_Driver/Src/stm32f4xx_hal_tim_ex.o

.debug_rnglists
                0x00000000     0x1088
 .debug_rnglists
                0x00000000       0x2d ./Core/Src/ApplicationCode.o
 .debug_rnglists
                0x0000002d       0x9d ./Core/Src/LCD_Driver.o
 .debug_rnglists
                0x000000ca       0x52 ./Core/Src/draw.o
 .debug_rnglists
                0x0000011c       0x41 ./Core/Src/game.o
 .debug_rnglists
                0x0000015d       0x21 ./Core/Src/gameBoard.o
 .debug_rnglists
                0x0000017e       0x6f ./Core/Src/ili9341.o
 .debug_rnglists
                0x000001ed       0x4e ./Core/Src/main.o
 .debug_rnglists
                0x0000023b       0x1a ./Core/Src/pieces.o
 .debug_rnglists
                0x00000255       0x19 ./Core/Src/rand.o
 .debug_rnglists
                0x0000026e       0x2c ./Core/Src/screens.o
 .debug_rnglists
                0x0000029a       0x53 ./Core/Src/stm32f4xx_hal_msp.o
 .debug_rnglists
                0x000002ed       0x49 ./Core/Src/stm32f4xx_it.o
 .debug_rnglists
                0x00000336       0x73 ./Core/Src/stmpe811.o
 .debug_rnglists
                0x000003a9       0x79 ./Core/Src/syscalls.o
 .debug_rnglists
                0x00000422       0x13 ./Core/Src/sysmem.o
 .debug_rnglists
                0x00000435       0x1a ./Core/Src/system_stm32f4xx.o
 .debug_rnglists
                0x0000044f       0x19 ./Core/Startup/startup_stm32f429zitx.o
 .debug_rnglists
                0x00000468       0xbb ./Drivers/STM32F4xx_HAL_Driver/Src/stm32f4xx_hal.o
 .debug_rnglists
                0x00000523       0xe0 ./Drivers/STM32F4xx_HAL_Driver/Src/stm32f4xx_hal_cortex.o
 .debug_rnglists
                0x00000603       0x46 ./Drivers/STM32F4xx_HAL_Driver/Src/stm32f4xx_hal_exti.o
 .debug_rnglists
                0x00000649       0x3f ./Drivers/STM32F4xx_HAL_Driver/Src/stm32f4xx_hal_gpio.o
 .debug_rnglists
                0x00000688      0x23c ./Drivers/STM32F4xx_HAL_Driver/Src/stm32f4xx_hal_i2c.o
 .debug_rnglists
                0x000008c4      0x10a ./Drivers/STM32F4xx_HAL_Driver/Src/stm32f4xx_hal_ltdc.o
 .debug_rnglists
                0x000009ce       0x66 ./Drivers/STM32F4xx_HAL_Driver/Src/stm32f4xx_hal_rcc.o
 .debug_rnglists
                0x00000a34       0x43 ./Drivers/STM32F4xx_HAL_Driver/Src/stm32f4xx_hal_rcc_ex.o
 .debug_rnglists
                0x00000a77       0x63 ./Drivers/STM32F4xx_HAL_Driver/Src/stm32f4xx_hal_rng.o
 .debug_rnglists
                0x00000ada      0x16f ./Drivers/STM32F4xx_HAL_Driver/Src/stm32f4xx_hal_spi.o
 .debug_rnglists
                0x00000c49      0x31a ./Drivers/STM32F4xx_HAL_Driver/Src/stm32f4xx_hal_tim.o
 .debug_rnglists
                0x00000f63      0x125 ./Drivers/STM32F4xx_HAL_Driver/Src/stm32f4xx_hal_tim_ex.o

.debug_macro    0x00000000    0x27e9f
 .debug_macro   0x00000000      0x3a8 ./Core/Src/ApplicationCode.o
 .debug_macro   0x000003a8      0xab4 ./Core/Src/ApplicationCode.o
 .debug_macro   0x00000e5c      0x2ad ./Core/Src/ApplicationCode.o
 .debug_macro   0x00001109       0x2e ./Core/Src/ApplicationCode.o
 .debug_macro   0x00001137       0x28 ./Core/Src/ApplicationCode.o
 .debug_macro   0x0000115f       0x22 ./Core/Src/ApplicationCode.o
 .debug_macro   0x00001181       0x8e ./Core/Src/ApplicationCode.o
 .debug_macro   0x0000120f       0x51 ./Core/Src/ApplicationCode.o
 .debug_macro   0x00001260      0x103 ./Core/Src/ApplicationCode.o
 .debug_macro   0x00001363       0x6a ./Core/Src/ApplicationCode.o
 .debug_macro   0x000013cd      0x1df ./Core/Src/ApplicationCode.o
 .debug_macro   0x000015ac       0x1c ./Core/Src/ApplicationCode.o
 .debug_macro   0x000015c8       0x22 ./Core/Src/ApplicationCode.o
 .debug_macro   0x000015ea       0xfb ./Core/Src/ApplicationCode.o
 .debug_macro   0x000016e5     0x1011 ./Core/Src/ApplicationCode.o
 .debug_macro   0x000026f6      0x11f ./Core/Src/ApplicationCode.o