Archive member included to satisfy reference by file (symbol)

C:/ST/STM32CubeIDE_1.16.0/STM32CubeIDE/plugins/com.st.stm32cube.ide.mcu.externaltools.gnu-tools-for-stm32.12.3.rel1.win32_1.1.0.202410251130/tools/bin/../lib/gcc/arm-none-eabi/12.3.1/../../../../arm-none-eabi/lib/thumb/v7e-m+fp/hard\libc_nano.a(libc_a-exit.o)
                              C:/ST/STM32CubeIDE_1.16.0/STM32CubeIDE/plugins/com.st.stm32cube.ide.mcu.externaltools.gnu-tools-for-stm32.12.3.rel1.win32_1.1.0.202410251130/tools/bin/../lib/gcc/arm-none-eabi/12.3.1/../../../../arm-none-eabi/lib/thumb/v7e-m+fp/hard/crt0.o (exit)
C:/ST/STM32CubeIDE_1.16.0/STM32CubeIDE/plugins/com.st.stm32cube.ide.mcu.externaltools.gnu-tools-for-stm32.12.3.rel1.win32_1.1.0.202410251130/tools/bin/../lib/gcc/arm-none-eabi/12.3.1/../../../../arm-none-eabi/lib/thumb/v7e-m+fp/hard\libc_nano.a(libc_a-findfp.o)
                              C:/ST/STM32CubeIDE_1.16.0/STM32CubeIDE/plugins/com.st.stm32cube.ide.mcu.externaltools.gnu-tools-for-stm32.12.3.rel1.win32_1.1.0.202410251130/tools/bin/../lib/gcc/arm-none-eabi/12.3.1/../../../../arm-none-eabi/lib/thumb/v7e-m+fp/hard\libc_nano.a(libc_a-exit.o) (__stdio_exit_handler)
C:/ST/STM32CubeIDE_1.16.0/STM32CubeIDE/plugins/com.st.stm32cube.ide.mcu.externaltools.gnu-tools-for-stm32.12.3.rel1.win32_1.1.0.202410251130/tools/bin/../lib/gcc/arm-none-eabi/12.3.1/../../../../arm-none-eabi/lib/thumb/v7e-m+fp/hard\libc_nano.a(libc_a-fwalk.o)
                              C:/ST/STM32CubeIDE_1.16.0/STM32CubeIDE/plugins/com.st.stm32cube.ide.mcu.externaltools.gnu-tools-for-stm32.12.3.rel1.win32_1.1.0.202410251130/tools/bin/../lib/gcc/arm-none-eabi/12.3.1/../../../../arm-none-eabi/lib/thumb/v7e-m+fp/hard\libc_nano.a(libc_a-findfp.o) (_fwalk_sglue)
C:/ST/STM32CubeIDE_1.16.0/STM32CubeIDE/plugins/com.st.stm32cube.ide.mcu.externaltools.gnu-tools-for-stm32.12.3.rel1.win32_1.1.0.202410251130/tools/bin/../lib/gcc/arm-none-eabi/12.3.1/../../../../arm-none-eabi/lib/thumb/v7e-m+fp/hard\libc_nano.a(libc_a-printf.o)
                              ./Core/Src/ApplicationCode.o (printf)
C:/ST/STM32CubeIDE_1.16.0/STM32CubeIDE/plugins/com.st.stm32cube.ide.mcu.externaltools.gnu-tools-for-stm32.12.3.rel1.win32_1.1.0.202410251130/tools/bin/../lib/gcc/arm-none-eabi/12.3.1/../../../../arm-none-eabi/lib/thumb/v7e-m+fp/hard\libc_nano.a(libc_a-puts.o)
                              ./Core/Src/ApplicationCode.o (puts)
C:/ST/STM32CubeIDE_1.16.0/STM32CubeIDE/plugins/com.st.stm32cube.ide.mcu.externaltools.gnu-tools-for-stm32.12.3.rel1.win32_1.1.0.202410251130/tools/bin/../lib/gcc/arm-none-eabi/12.3.1/../../../../arm-none-eabi/lib/thumb/v7e-m+fp/hard\libc_nano.a(libc_a-stdio.o)
                              C:/ST/STM32CubeIDE_1.16.0/STM32CubeIDE/plugins/com.st.stm32cube.ide.mcu.externaltools.gnu-tools-for-stm32.12.3.rel1.win32_1.1.0.202410251130/tools/bin/../lib/gcc/arm-none-eabi/12.3.1/../../../../arm-none-eabi/lib/thumb/v7e-m+fp/hard\libc_nano.a(libc_a-findfp.o) (__sread)
C:/ST/STM32CubeIDE_1.16.0/STM32CubeIDE/plugins/com.st.stm32cube.ide.mcu.externaltools.gnu-tools-for-stm32.12.3.rel1.win32_1.1.0.202410251130/tools/bin/../lib/gcc/arm-none-eabi/12.3.1/../../../../arm-none-eabi/lib/thumb/v7e-m+fp/hard\libc_nano.a(libc_a-wbuf.o)
                              C:/ST/STM32CubeIDE_1.16.0/STM32CubeIDE/plugins/com.st.stm32cube.ide.mcu.externaltools.gnu-tools-for-stm32.12.3.rel1.win32_1.1.0.202410251130/tools/bin/../lib/gcc/arm-none-eabi/12.3.1/../../../../arm-none-eabi/lib/thumb/v7e-m+fp/hard\libc_nano.a(libc_a-puts.o) (__swbuf_r)
C:/ST/STM32CubeIDE_1.16.0/STM32CubeIDE/plugins/com.st.stm32cube.ide.mcu.externaltools.gnu-tools-for-stm32.12.3.rel1.win32_1.1.0.202410251130/tools/bin/../lib/gcc/arm-none-eabi/12.3.1/../../../../arm-none-eabi/lib/thumb/v7e-m+fp/hard\libc_nano.a(libc_a-wsetup.o)
                              C:/ST/STM32CubeIDE_1.16.0/STM32CubeIDE/plugins/com.st.stm32cube.ide.mcu.externaltools.gnu-tools-for-stm32.12.3.rel1.win32_1.1.0.202410251130/tools/bin/../lib/gcc/arm-none-eabi/12.3.1/../../../../arm-none-eabi/lib/thumb/v7e-m+fp/hard\libc_nano.a(libc_a-puts.o) (__swsetup_r)
C:/ST/STM32CubeIDE_1.16.0/STM32CubeIDE/plugins/com.st.stm32cube.ide.mcu.externaltools.gnu-tools-for-stm32.12.3.rel1.win32_1.1.0.202410251130/tools/bin/../lib/gcc/arm-none-eabi/12.3.1/../../../../arm-none-eabi/lib/thumb/v7e-m+fp/hard\libc_nano.a(libc_a-memset.o)
                              C:/ST/STM32CubeIDE_1.16.0/STM32CubeIDE/plugins/com.st.stm32cube.ide.mcu.externaltools.gnu-tools-for-stm32.12.3.rel1.win32_1.1.0.202410251130/tools/bin/../lib/gcc/arm-none-eabi/12.3.1/../../../../arm-none-eabi/lib/thumb/v7e-m+fp/hard/crt0.o (memset)
C:/ST/STM32CubeIDE_1.16.0/STM32CubeIDE/plugins/com.st.stm32cube.ide.mcu.externaltools.gnu-tools-for-stm32.12.3.rel1.win32_1.1.0.202410251130/tools/bin/../lib/gcc/arm-none-eabi/12.3.1/../../../../arm-none-eabi/lib/thumb/v7e-m+fp/hard\libc_nano.a(libc_a-closer.o)
[...]
Memory Configuration

Name             Origin             Length             Attributes
CCMRAM           0x10000000         0x00010000         xrw
RAM              0x20000000         0x00030000         xrw
FLASH            0x08000000         0x00200000         xr
*default*        0x00000000         0xffffffff

Linker script and memory map

LOAD C:/ST/STM32CubeIDE_1.16.0/STM32CubeIDE/plugins/com.st.stm32cube.ide.mcu.externaltools.gnu-tools-for-stm32.12.3.rel1.win32_1.1.0.202410251130/tools/bin/../lib/gcc/arm-none-eabi/12.3.1/thumb/v7e-m+fp/hard/crti.o
LOAD C:/ST/STM32CubeIDE_1.16.0/STM32CubeIDE/plugins/com.st.stm32cube.ide.mcu.externaltools.gnu-tools-for-stm32.12.3.rel1.win32_1.1.0.202410251130/tools/bin/../lib/gcc/arm-none-eabi/12.3.1/thumb/v7e-m+fp/hard/crtbegin.o
LOAD C:/ST/STM32CubeIDE_1.16.0/STM32CubeIDE/plugins/com.st.stm32cube.ide.mcu.externaltools.gnu-tools-for-stm32.12.3.rel1.win32_1.1.0.202410251130/tools/bin/../lib/gcc/arm-none-eabi/12.3.1/../../../../arm-none-eabi/lib/thumb/v7e-m+fp/hard/crt0.o
LOAD ./Core/Src/ApplicationCode.o
LOAD ./Core/Src/LCD_Driver.o
LOAD ./Core/Src/draw.o
LOAD ./Core/Src/fonts.o
LOAD ./Core/Src/game.o
LOAD ./Core/Src/gameBoard.o
LOAD ./Core/Src/ili9341.o
LOAD ./Core/Src/main.o
LOAD ./Core/Src/pieces.o
LOAD ./Core/Src/rand.o
LOAD ./Core/Src/screens.o
LOAD ./Core/Src/stm32f4xx_hal_msp.o
LOAD ./Core/Src/stm32f4xx_it.o
LOAD ./Core/Src/stmpe811.o
LOAD ./Core/Src/syscalls.o
LOAD ./Core/Src/sysmem.o
LOAD ./Core/Src/system_stm32f4xx.o
LOAD ./Core/Startup/startup_stm32f429zitx.o
LOAD ./Drivers/STM32F4xx_HAL_Driver/Src/stm32f4xx_hal.o
LOAD ./Drivers/STM32F4xx_HAL_Driver/Src/stm32f4xx_hal_cortex.o
LOAD ./Drivers/STM32F4xx_HAL_Driver/Src/stm32f4xx_hal_dma.o
LOAD ./Drivers/STM32F4xx_HAL_Driver/Src/stm32f4xx_hal_dma_ex.o
LOAD ./Drivers/STM32F4xx_HAL_Driver/Src/stm32f4xx_hal_dsi.o
LOAD ./Drivers/STM32F4xx_HAL_Driver/Src/stm32f4xx_hal_exti.o
LOAD ./Drivers/STM32F4xx_HAL_Driver/Src/stm32f4xx_hal_flash.o
LOAD ./Drivers/STM32F4xx_HAL_Driver/Src/stm32f4xx_hal_flash_ex.o
LOAD ./Drivers/STM32F4xx_HAL_Driver/Src/stm32f4xx_hal_flash_ramfunc.o
LOAD ./Drivers/STM32F4xx_HAL_Driver/Src/stm32f4xx_hal_gpio.o
LOAD ./Drivers/STM32F4xx_HAL_Driver/Src/stm32f4xx_hal_i2c.o
LOAD ./Drivers/STM32F4xx_HAL_Driver/Src/stm32f4xx_hal_i2c_ex.o
LOAD ./Drivers/STM32F4xx_HAL_Driver/Src/stm32f4xx_hal_ltdc.o
LOAD ./Drivers/STM32F4xx_HAL_Driver/Src/stm32f4xx_hal_ltdc_ex.o
LOAD ./Drivers/STM32F4xx_HAL_Driver/Src/stm32f4xx_hal_pwr.o
LOAD ./Drivers/STM32F4xx_HAL_Driver/Src/stm32f4xx_hal_pwr_ex.o
LOAD ./Drivers/STM32F4xx_HAL_Driver/Src/stm32f4xx_hal_rcc.o
LOAD ./Drivers/STM32F4xx_HAL_Driver/Src/stm32f4xx_hal_rcc_ex.o
LOAD ./Drivers/STM32F4xx_HAL_Driver/Src/stm32f4xx_hal_rng.o
LOAD ./Drivers/STM32F4xx_HAL_Driver/Src/stm32f4xx_hal_spi.o
LOAD ./Drivers/STM32F4xx_HAL_Driver/Src/stm32f4xx_hal_tim.o
LOAD ./Drivers/STM32F4xx_HAL_Driver/Src/stm32f4xx_hal_tim_ex.o
START GROUP
LOAD C:/ST/STM32CubeIDE_1.16.0/STM32CubeIDE/plugins/com.st.stm32cube.ide.mcu.externaltools.gnu-tools-for-stm32.12.3.rel1.win32_1.1.0.202410251130/tools/bin/../lib/gcc/arm-none-eabi/12.3.1/../../../../arm-none-eabi/lib/thumb/v7e-m+fp/hard\libc_nano.a
LOAD C:/ST/STM32CubeIDE_1.16.0/STM32CubeIDE/plugins/com.st.stm32cube.ide.mcu.externaltools.gnu-tools-for-stm32.12.3.rel1.win32_1.1.0.202410251130/tools/bin/../lib/gcc/arm-none-eabi/12.3.1/../../../../arm-none-eabi/lib/thumb/v7e-m+fp/hard\libm.a
END GROUP
START GROUP
LOAD C:/ST/STM32CubeIDE_1.16.0/STM32CubeIDE/plugins/com.st.stm32cube.ide.mcu.externaltools.gnu-tools-for-stm32.12.3.rel1.win32_1.1.0.202410251130/tools/bin/../lib/gcc/arm-none-eabi/12.3.1/thumb/v7e-m+fp/hard\libgcc.a
LOAD C:/ST/STM32CubeIDE_1.16.0/STM32CubeIDE/plugins/com.st.stm32cube.ide.mcu.externaltools.gnu-tools-for-stm32.12.3.rel1.win32_1.1.0.202410251130/tools/bin/../lib/gcc/arm-none-eabi/12.3.1/../../../../arm-none-eabi/lib/thumb/v7e-m+fp/hard\libc_nano.a
END GROUP
START GROUP
LOAD C:/ST/STM32CubeIDE_1.16.0/STM32CubeIDE/plugins/com.st.stm32cube.ide.mcu.externaltools.gnu-tools-for-stm32.12.3.rel1.win32_1.1.0.202410251130/tools/bin/../lib/gcc/arm-none-eabi/12.3.1/thumb/v7e-m+fp/hard\libgcc.a
LOAD C:/ST/STM32CubeIDE_1.16.0/STM32CubeIDE/plugins/com.st.stm32cube.ide.mcu.externaltools.gnu-tools-for-stm32.12.3.rel1.win32_1.1.0.202410251130/tools/bin/../lib/gcc/arm-none-eabi/12.3.1/../../../../arm-none-eabi/lib/thumb/v7e-m+fp/hard\libc_nano.a
LOAD C:/ST/STM32CubeIDE_1.16.0/STM32CubeIDE/plugins/com.st.stm32cube.ide.mcu.externaltools.gnu-tools-for-stm32.12.3.rel1.win32_1.1.0.202410251130/tools/bin/../lib/gcc/arm-none-eabi/12.3.1/../../../../arm-none-eabi/lib/thumb/v7e-m+fp/hard\libnosys.a
END GROUP
START GROUP
LOAD C:/ST/STM32CubeIDE_1.16.0/STM32CubeIDE/plugins/com.st.stm32cube.ide.mcu.externaltools.gnu-tools-for-stm32.12.3.rel1.win32_1.1.0.202410251130/tools/bin/../lib/gcc/arm-none-eabi/12.3.1/thumb/v7e-m+fp/hard\libgcc.a
LOAD C:/ST/STM32CubeIDE_1.16.0/STM32CubeIDE/plugins/com.st.stm32cube.ide.mcu.externaltools.gnu-tools-for-stm32.12.3.rel1.win32_1.1.0.202410251130/tools/bin/../lib/gcc/arm-none-eabi/12.3.1/../../../../arm-none-eabi/lib/thumb/v7e-m+fp/hard\libc_nano.a
LOAD C:/ST/STM32CubeIDE_1.16.0/STM32CubeIDE/plugins/com.st.stm32cube.ide.mcu.externaltools.gnu-tools-for-stm32.12.3.rel1.win32_1.1.0.202410251130/tools/bin/../lib/gcc/arm-none-eabi/12.3.1/../../../../arm-none-eabi/lib/thumb/v7e-m+fp/hard\libnosys.a
END GROUP
LOAD C:/ST/STM32CubeIDE_1.16.0/STM32CubeIDE/plugins/com.st.stm32cube.ide.mcu.externaltools.gnu-tools-for-stm32.12.3.rel1.win32_1.1.0.202410251130/tools/bin/../lib/gcc/arm-none-eabi/12.3.1/thumb/v7e-m+fp/hard/crtend.o
LOAD C:/ST/STM32CubeIDE_1.16.0/STM32CubeIDE/plugins/com.st.stm32cube.ide.mcu.externaltools.gnu-tools-for-stm32.12.3.rel1.win32_1.1.0.202410251130/tools/bin/../lib/gcc/arm-none-eabi/12.3.1/thumb/v7e-m+fp/hard/crtn.o
                0x20030000                        _estack = (ORIGIN (RAM) + LENGTH (RAM))
                0x00000200                        _Min_Heap_Size = 0x200
                0x00000400                        _Min_Stack_Size = 0x400

.isr_vector     0x08000000      0x1ac
                0x08000000                        . = ALIGN (0x4)
 *(.isr_vector)
 .isr_vector    0x08000000      0x1ac ./Core/Startup/startup_stm32f429zitx.o
                0x08000000                g_pfnVectors
                0x080001ac                        . = ALIGN (0x4)

.text           0x080001b0     0x7038
                0x080001b0                        . = ALIGN (0x4)
 *(.text)
 .text          0x080001b0       0x40 C:/ST/STM32CubeIDE_1.16.0/STM32CubeIDE/plugins/com.st.stm32cube.ide.mcu.externaltools.gnu-tools-for-stm32.12.3.rel1.win32_1.1.0.202410251130/tools/bin/../lib/gcc/arm-none-eabi/12.3.1/thumb/v7e-m+fp/hard/crtbegin.o
 .text          0x080001f0       0xa0 C:/ST/STM32CubeIDE_1.16.0/STM32CubeIDE/plugins/com.st.stm32cube.ide.mcu.externaltools.gnu-tools-for-stm32.12.3.rel1.win32_1.1.0.202410251130/tools/bin/../lib/gcc/arm-none-eabi/12.3.1/../../../../arm-none-eabi/lib/thumb/v7e-m+fp/hard\libc_nano.a(libc_a-memchr.o)
                0x080001f0                memchr
 .text          0x08000290       0x30 C:/ST/STM32CubeIDE_1.16.0/STM32CubeIDE/plugins/com.st.stm32cube.ide.mcu.externaltools.gnu-tools-for-stm32.12.3.rel1.win32_1.1.0.202410251130/tools/bin/../lib/gcc/arm-none-eabi/12.3.1/thumb/v7e-m+fp/hard\libgcc.a(_aeabi_uldivmod.o)
                0x08000290                __aeabi_uldivmod
 .text          0x080002c0      0x2bc C:/ST/STM32CubeIDE_1.16.0/STM32CubeIDE/plugins/com.st.stm32cube.ide.mcu.externaltools.gnu-tools-for-stm32.12.3.rel1.win32_1.1.0.202410251130/tools/bin/../lib/gcc/arm-none-eabi/12.3.1/thumb/v7e-m+fp/hard\libgcc.a(_udivmoddi4.o)
                0x080002c0                __udivmoddi4
 .text          0x0800057c        0x4 C:/ST/STM32CubeIDE_1.16.0/STM32CubeIDE/plugins/com.st.stm32cube.ide.mcu.externaltools.gnu-tools-for-stm32.12.3.rel1.win32_1.1.0.202410251130/tools/bin/../lib/gcc/arm-none-eabi/12.3.1/thumb/v7e-m+fp/hard\libgcc.a(_dvmd_tls.o)
                0x0800057c                __aeabi_idiv0
                0x0800057c                __aeabi_ldiv0
 *(.text*)
 .text.ApplicationInit
                0x08000580       0x34 ./Core/Src/ApplicationCode.o
                0x08000580                ApplicationInit
 .text.Determine_Touch_Quadrant
                0x080005b4       0xc6 ./Core/Src/ApplicationCode.o
                0x080005b4                Determine_Touch_Quadrant
 *fill*         0x0800067a        0x2 
 .text.LCDTouchScreenInterruptGPIOInit
                0x0800067c       0x74 ./Core/Src/ApplicationCode.o
                0x0800067c                LCDTouchScreenInterruptGPIOInit
 .text.EXTI15_10_IRQHandler
                0x080006f0      0x1b8 ./Core/Src/ApplicationCode.o
                0x080006f0                EXTI15_10_IRQHandler
 .text.LCD_GPIO_Init
                0x080008a8      0x190 ./Core/Src/LCD_Driver.o
                0x080008a8                LCD_GPIO_Init
 .text.LTCD_Layer_Init
                0x08000a38       0x80 ./Core/Src/LCD_Driver.o
                0x08000a38                LTCD_Layer_Init
 .text.LTCD__Init
                0x08000ab8       0xbc ./Core/Src/LCD_Driver.o
                0x08000ab8                LTCD__Init
 .text.LCD_Draw_Pixel
                0x08000b74       0x48 ./Core/Src/LCD_Driver.o
                0x08000b74                LCD_Draw_Pixel
 .text.LCD_Draw_Circle_Fill
                0x08000bbc       0xa6 ./Core/Src/LCD_Driver.o
                0x08000bbc                LCD_Draw_Circle_Fill
 .text.LCD_Draw_Rectangle_Fill
                0x08000c62       0x78 ./Core/Src/LCD_Driver.o
                0x08000c62                LCD_Draw_Rectangle_Fill
 .text.Draw_BottomLeft_to_TopRight_Triangle_Fill
                0x08000cda       0x6c ./Core/Src/LCD_Driver.o
                0x08000cda                Draw_BottomLeft_to_TopRight_Triangle_Fill
 *fill*         0x08000d46        0x2 
 .text.LCD_Clear
                0x08000d48       0x44 ./Core/Src/LCD_Driver.o
                0x08000d48                LCD_Clear
 .text.LCD_SetTextColor
                0x08000d8c       0x20 ./Core/Src/LCD_Driver.o
                0x08000d8c                LCD_SetTextColor
 .text.LCD_SetFont
                0x08000dac       0x20 ./Core/Src/LCD_Driver.o
                0x08000dac                LCD_SetFont
 .text.LCD_Draw_Char
                0x08000dcc       0xdc ./Core/Src/LCD_Driver.o
                0x08000dcc                LCD_Draw_Char
 .text.LCD_DisplayChar
                0x08000ea8       0x44 ./Core/Src/LCD_Driver.o
                0x08000ea8                LCD_DisplayChar
 .text.LCD_DisplayString
                0x08000eec       0x54 ./Core/Src/LCD_Driver.o
                0x08000eec                LCD_DisplayString
 .text.LCD_Error_Handler
                0x08000f40        0xc ./Core/Src/LCD_Driver.o
                0x08000f40                LCD_Error_Handler
 .text.InitializeLCDTouch
                0x08000f4c       0x16 ./Core/Src/LCD_Driver.o
                0x08000f4c                InitializeLCDTouch
 .text.DetermineTouchPosition
                0x08000f62       0x16 ./Core/Src/LCD_Driver.o
                0x08000f62                DetermineTouchPosition
 .text.ReadRegisterFromTouchModule
                0x08000f78       0x1c ./Core/Src/LCD_Driver.o
                0x08000f78                ReadRegisterFromTouchModule
 .text.WriteDataToTouchModule
                0x08000f94       0x24 ./Core/Src/LCD_Driver.o
                0x08000f94                WriteDataToTouchModule
 .text.Draw_Arrow_Up
                0x08000fb8       0xa2 ./Core/Src/draw.o
                0x08000fb8                Draw_Arrow_Up
 .text.Draw_Arrow_Down
                0x0800105a       0xae ./Core/Src/draw.o
                0x0800105a                Draw_Arrow_Down
 .text.Draw_Arrow_Left
                0x08001108       0xa2 ./Core/Src/draw.o
                0x08001108                Draw_Arrow_Left
 .text.Draw_Arrow_Right
                0x080011aa       0xa2 ./Core/Src/draw.o
                0x080011aa                Draw_Arrow_Right
 .text.Draw_Arrows_On_Screen
                0x0800124c       0x7c ./Core/Src/draw.o
                0x0800124c                Draw_Arrows_On_Screen
 .text.Draw_Tetris_Block
                0x080012c8       0xf4 ./Core/Src/draw.o
                0x080012c8                Draw_Tetris_Block
 .text.Fill_Tetris_Board
                0x080013bc       0xb2 ./Core/Src/draw.o
                0x080013bc                Fill_Tetris_Board
 *fill*         0x0800146e        0x2 
 .text.DrawTetrominoByIndex
                0x08001470       0xbc ./Core/Src/draw.o
                0x08001470                DrawTetrominoByIndex
 .text.LCD_Draw_Rounded_Rectangle_Fill
                0x0800152c      0x18a ./Core/Src/draw.o
                0x0800152c                LCD_Draw_Rounded_Rectangle_Fill
 *fill*         0x080016b6        0x2 
 .text.initGame
                0x080016b8       0x38 ./Core/Src/game.o
                0x080016b8                initGame
 .text.movePieceDown
                0x080016f0       0x3a ./Core/Src/game.o
                0x080016f0                movePieceDown
 .text.lockPiece
                0x0800172a       0x9c ./Core/Src/game.o
                0x0800172a                lockPiece
 .text.collision
                0x080017c6       0x9a ./Core/Src/game.o
                0x080017c6                collision
 .text.rotatePiece
                0x08001860       0xac ./Core/Src/game.o
                0x08001860                rotatePiece
 .text.dropPiece
                0x0800190c       0x2a ./Core/Src/game.o
                0x0800190c                dropPiece
 *fill*         0x08001936        0x2 
 .text.handleInput
                0x08001938      0x138 ./Core/Src/game.o
                0x08001938                handleInput
 .text.initializeBoard
                0x08001a70       0x50 ./Core/Src/gameBoard.o
                0x08001a70                initializeBoard
 .text.boardWithPiece
                0x08001ac0      0x162 ./Core/Src/gameBoard.o
                0x08001ac0                boardWithPiece
 .text.ili9341_Init
                0x08001c22      0x294 ./Core/Src/ili9341.o
                0x08001c22                ili9341_Init
 .text.ili9341_Write_Reg
                0x08001eb6       0x1a ./Core/Src/ili9341.o
                0x08001eb6                ili9341_Write_Reg
 .text.ili9341_Send_Data
                0x08001ed0       0x1a ./Core/Src/ili9341.o
                0x08001ed0                ili9341_Send_Data
 *fill*         0x08001eea        0x2 
 .text.SPI_Init
                0x08001eec       0x74 ./Core/Src/ili9341.o
 .text.SPI_Write
                0x08001f60       0x3c ./Core/Src/ili9341.o
 .text.SPI_Error
                0x08001f9c       0x18 ./Core/Src/ili9341.o
 .text.SPI_MspInit
                0x08001fb4       0x74 ./Core/Src/ili9341.o
 .text.LCD_IO_Init
                0x08002028       0xf0 ./Core/Src/ili9341.o
                0x08002028                LCD_IO_Init
 .text.LCD_IO_WriteData
                0x08002118       0x44 ./Core/Src/ili9341.o
                0x08002118                LCD_IO_WriteData
 .text.LCD_IO_WriteReg
                0x0800215c       0x44 ./Core/Src/ili9341.o
                0x0800215c                LCD_IO_WriteReg
 .text.LCD_Delay
                0x080021a0       0x16 ./Core/Src/ili9341.o
                0x080021a0                LCD_Delay
 .text.main     0x080021b6       0x18 ./Core/Src/main.o
                0x080021b6                main
 *fill*         0x080021ce        0x2 
 .text.SystemClockOverride
                0x080021d0       0x80 ./Core/Src/main.o
                0x080021d0                SystemClockOverride
 .text.Error_Handler
                0x08002250        0xc ./Core/Src/main.o
                0x08002250                Error_Handler
 .text.initializeRandomPiece
                0x0800225c       0x88 ./Core/Src/pieces.o
                0x0800225c                initializeRandomPiece
 .text.piceIndexToColors
                0x080022e4       0x28 ./Core/Src/pieces.o
                0x080022e4                piceIndexToColors
 .text.rand     0x0800230c       0x10 ./Core/Src/rand.o
                0x0800230c                rand
 .text.showStartScreen
                0x0800231c       0xa8 ./Core/Src/screens.o
                0x0800231c                showStartScreen
 .text.startClicked
                0x080023c4       0x42 ./Core/Src/screens.o
                0x080023c4                startClicked
 *fill*         0x08002406        0x2 
 .text.showGameScreen
                0x08002408       0x38 ./Core/Src/screens.o
                0x08002408                showGameScreen
 .text.HAL_MspInit
                0x08002440       0x50 ./Core/Src/stm32f4xx_hal_msp.o
                0x08002440                HAL_MspInit
 .text.HAL_I2C_MspInit
                0x08002490       0xd4 ./Core/Src/stm32f4xx_hal_msp.o
                0x08002490                HAL_I2C_MspInit
 .text.HAL_LTDC_MspInit
                0x08002564      0x250 ./Core/Src/stm32f4xx_hal_msp.o
                0x08002564                HAL_LTDC_MspInit
 .text.HAL_SPI_MspInit
                0x080027b4       0x90 ./Core/Src/stm32f4xx_hal_msp.o
                0x080027b4                HAL_SPI_MspInit
 .text.HAL_SPI_MspDeInit
                0x08002844       0x3c ./Core/Src/stm32f4xx_hal_msp.o
                0x08002844                HAL_SPI_MspDeInit
 .text.NMI_Handler
                0x08002880        0x8 ./Core/Src/stm32f4xx_it.o
                0x08002880                NMI_Handler
 .text.HardFault_Handler
                0x08002888        0x8 ./Core/Src/stm32f4xx_it.o
                0x08002888                HardFault_Handler
 .text.MemManage_Handler
                0x08002890        0x8 ./Core/Src/stm32f4xx_it.o
                0x08002890                MemManage_Handler
 .text.BusFault_Handler
                0x08002898        0x8 ./Core/Src/stm32f4xx_it.o
                0x08002898                BusFault_Handler
 .text.UsageFault_Handler
                0x080028a0        0x8 ./Core/Src/stm32f4xx_it.o
                0x080028a0                UsageFault_Handler
 .text.SVC_Handler
                0x080028a8        0xe ./Core/Src/stm32f4xx_it.o
                0x080028a8                SVC_Handler
 .text.DebugMon_Handler
                0x080028b6        0xe ./Core/Src/stm32f4xx_it.o
                0x080028b6                DebugMon_Handler
 .text.PendSV_Handler
                0x080028c4        0xe ./Core/Src/stm32f4xx_it.o
                0x080028c4                PendSV_Handler
 .text.SysTick_Handler
                0x080028d2        0xc ./Core/Src/stm32f4xx_it.o
                0x080028d2                SysTick_Handler
 *fill*         0x080028de        0x2 
 .text.__NVIC_EnableIRQ
                0x080028e0       0x3c ./Core/Src/stmpe811.o
 .text.STMPE811_Init
                0x0800291c      0x18e ./Core/Src/stmpe811.o
                0x0800291c                STMPE811_Init
 .text.STMPE811_Read
                0x08002aaa       0x22 ./Core/Src/stmpe811.o
                0x08002aaa                STMPE811_Read
 .text.STMPE811_Write
                0x08002acc       0x24 ./Core/Src/stmpe811.o
                0x08002acc                STMPE811_Write
 .text.STMPE811_DetermineTouchPosition
                0x08002af0       0xee ./Core/Src/stmpe811.o
                0x08002af0                STMPE811_DetermineTouchPosition
 *fill*         0x08002bde        0x2 
 .text.enableInterruptSupportForTouch
                0x08002be0       0x64 ./Core/Src/stmpe811.o
                0x08002be0                enableInterruptSupportForTouch
 .text.verifyHAL_I2C_IS_OKAY
                0x08002c44       0x20 ./Core/Src/stmpe811.o
                0x08002c44                verifyHAL_I2C_IS_OKAY
 .text.I2C3_Init
                0x08002c64       0x7c ./Core/Src/stmpe811.o
 .text.I2C3_MspInit
                0x08002ce0       0xa8 ./Core/Src/stmpe811.o
 .text.I2C3_Write
                0x08002d88       0x54 ./Core/Src/stmpe811.o
                0x08002d88                I2C3_Write
 .text.I2C3_Read
                0x08002ddc       0x4c ./Core/Src/stmpe811.o
                0x08002ddc                I2C3_Read
 .text.I2C3_MulitByteRead
                0x08002e28       0x44 ./Core/Src/stmpe811.o
                0x08002e28                I2C3_MulitByteRead
 .text.TM_STMPE811_ReadX
                0x08002e6c       0xbc ./Core/Src/stmpe811.o
                0x08002e6c                TM_STMPE811_ReadX
 .text.TM_STMPE811_ReadY
                0x08002f28       0xa4 ./Core/Src/stmpe811.o
                0x08002f28                TM_STMPE811_ReadY
 .text.initialise_monitor_handles
                0x08002fcc        0xe ./Core/Src/syscalls.o
                0x08002fcc                initialise_monitor_handles
 .text._read    0x08002fda       0x3a ./Core/Src/syscalls.o
                0x08002fda                _read
 .text._write   0x08003014       0x38 ./Core/Src/syscalls.o
                0x08003014                _write
 .text._close   0x0800304c       0x18 ./Core/Src/syscalls.o
                0x0800304c                _close
 .text._fstat   0x08003064       0x20 ./Core/Src/syscalls.o
                0x08003064                _fstat
 .text._isatty  0x08003084       0x16 ./Core/Src/syscalls.o
                0x08003084                _isatty
 .text._lseek   0x0800309a       0x1a ./Core/Src/syscalls.o
                0x0800309a                _lseek
 .text._sbrk    0x080030b4       0x6c ./Core/Src/sysmem.o
                0x080030b4                _sbrk
 .text.SystemInit
                0x08003120       0x24 ./Core/Src/system_stm32f4xx.o
                0x08003120                SystemInit
 .text.Reset_Handler
                0x08003144       0x50 ./Core/Startup/startup_stm32f429zitx.o
                0x08003144                Reset_Handler
 .text.Default_Handler
                0x08003194        0x2 ./Core/Startup/startup_stm32f429zitx.o
                0x08003194                RTC_Alarm_IRQHandler
                0x08003194                HASH_RNG_IRQHandler
                0x08003194                EXTI2_IRQHandler
                0x08003194                TIM8_CC_IRQHandler
                0x08003194                UART8_IRQHandler
                0x08003194                SPI4_IRQHandler
                0x08003194                TIM1_CC_IRQHandler
                0x08003194                DMA2_Stream5_IRQHandler
                0x08003194                DMA1_Stream5_IRQHandler
                0x08003194                PVD_IRQHandler
                0x08003194                SDIO_IRQHandler
                0x08003194                TAMP_STAMP_IRQHandler
                0x08003194                CAN2_RX1_IRQHandler
                0x08003194                EXTI3_IRQHandler
                0x08003194                TIM8_TRG_COM_TIM14_IRQHandler
                0x08003194                TIM1_UP_TIM10_IRQHandler
                0x08003194                TIM8_UP_TIM13_IRQHandler
                0x08003194                I2C3_ER_IRQHandler
                0x08003194                EXTI0_IRQHandler
                0x08003194                I2C2_EV_IRQHandler
                0x08003194                DMA1_Stream2_IRQHandler
                0x08003194                CAN1_RX0_IRQHandler
                0x08003194                FPU_IRQHandler
                0x08003194                OTG_HS_WKUP_IRQHandler
                0x08003194                LTDC_ER_IRQHandler
                0x08003194                CAN2_SCE_IRQHandler
                0x08003194                DMA2_Stream2_IRQHandler
                0x08003194                SPI1_IRQHandler
                0x08003194                TIM6_DAC_IRQHandler
                0x08003194                TIM1_BRK_TIM9_IRQHandler
                0x08003194                DCMI_IRQHandler
                0x08003194                CAN2_RX0_IRQHandler
                0x08003194                DMA2_Stream3_IRQHandler
                0x08003194                USART6_IRQHandler
                0x08003194                USART3_IRQHandler
                0x08003194                CAN1_RX1_IRQHandler
                0x08003194                UART5_IRQHandler
                0x08003194                DMA2_Stream0_IRQHandler
                0x08003194                TIM4_IRQHandler
                0x08003194                I2C1_EV_IRQHandler
                0x08003194                DMA1_Stream6_IRQHandler
                0x08003194                DMA1_Stream1_IRQHandler
                0x08003194                UART4_IRQHandler
                0x08003194                TIM3_IRQHandler
                0x08003194                RCC_IRQHandler
                0x08003194                TIM8_BRK_TIM12_IRQHandler
                0x08003194                Default_Handler
                0x08003194                ADC_IRQHandler
                0x08003194                DMA1_Stream7_IRQHandler
                0x08003194                SPI5_IRQHandler
                0x08003194                TIM7_IRQHandler
                0x08003194                CAN2_TX_IRQHandler
                0x08003194                TIM5_IRQHandler
                0x08003194                DMA2_Stream7_IRQHandler
                0x08003194                I2C3_EV_IRQHandler
                0x08003194                EXTI9_5_IRQHandler
                0x08003194                RTC_WKUP_IRQHandler
                0x08003194                LTDC_IRQHandler
                0x08003194                ETH_WKUP_IRQHandler
                0x08003194                SPI2_IRQHandler
                0x08003194                OTG_HS_EP1_IN_IRQHandler
                0x08003194                DMA1_Stream0_IRQHandler
                0x08003194                CAN1_TX_IRQHandler
                0x08003194                EXTI4_IRQHandler
                0x08003194                ETH_IRQHandler
                0x08003194                OTG_HS_EP1_OUT_IRQHandler
                0x08003194                WWDG_IRQHandler
                0x08003194                SPI6_IRQHandler
                0x08003194                TIM2_IRQHandler
                0x08003194                OTG_FS_WKUP_IRQHandler
                0x08003194                TIM1_TRG_COM_TIM11_IRQHandler
                0x08003194                OTG_HS_IRQHandler
                0x08003194                DMA2D_IRQHandler
                0x08003194                EXTI1_IRQHandler
                0x08003194                UART7_IRQHandler
                0x08003194                USART2_IRQHandler
                0x08003194                I2C2_ER_IRQHandler
                0x08003194                DMA2_Stream1_IRQHandler
                0x08003194                CAN1_SCE_IRQHandler
                0x08003194                FLASH_IRQHandler
                0x08003194                DMA2_Stream4_IRQHandler
                0x08003194                USART1_IRQHandler
                0x08003194                OTG_FS_IRQHandler
                0x08003194                SPI3_IRQHandler
                0x08003194                DMA1_Stream4_IRQHandler
                0x08003194                I2C1_ER_IRQHandler
                0x08003194                FMC_IRQHandler
                0x08003194                DMA2_Stream6_IRQHandler
                0x08003194                SAI1_IRQHandler
                0x08003194                DMA1_Stream3_IRQHandler
 *fill*         0x08003196        0x2 
 .text.HAL_Init
                0x08003198       0x44 ./Drivers/STM32F4xx_HAL_Driver/Src/stm32f4xx_hal.o
                0x08003198                HAL_Init
 .text.HAL_InitTick
                0x080031dc       0x60 ./Drivers/STM32F4xx_HAL_Driver/Src/stm32f4xx_hal.o
                0x080031dc                HAL_InitTick
 .text.HAL_IncTick
                0x0800323c       0x28 ./Drivers/STM32F4xx_HAL_Driver/Src/stm32f4xx_hal.o
                0x0800323c                HAL_IncTick
 .text.HAL_GetTick
                0x08003264       0x18 ./Drivers/STM32F4xx_HAL_Driver/Src/stm32f4xx_hal.o
                0x08003264                HAL_GetTick
 .text.HAL_Delay
                0x0800327c       0x48 ./Drivers/STM32F4xx_HAL_Driver/Src/stm32f4xx_hal.o
                0x0800327c                HAL_Delay
 .text.__NVIC_SetPriorityGrouping
                0x080032c4       0x48 ./Drivers/STM32F4xx_HAL_Driver/Src/stm32f4xx_hal_cortex.o
 .text.__NVIC_GetPriorityGrouping
                0x0800330c       0x1c ./Drivers/STM32F4xx_HAL_Driver/Src/stm32f4xx_hal_cortex.o
 .text.__NVIC_EnableIRQ
                0x08003328       0x3c ./Drivers/STM32F4xx_HAL_Driver/Src/stm32f4xx_hal_cortex.o
 .text.__NVIC_DisableIRQ
                0x08003364       0x48 ./Drivers/STM32F4xx_HAL_Driver/Src/stm32f4xx_hal_cortex.o
 .text.__NVIC_ClearPendingIRQ
                0x080033ac       0x3c ./Drivers/STM32F4xx_HAL_Driver/Src/stm32f4xx_hal_cortex.o
 .text.__NVIC_SetPriority
                0x080033e8       0x54 ./Drivers/STM32F4xx_HAL_Driver/Src/stm32f4xx_hal_cortex.o
 .text.NVIC_EncodePriority
                0x0800343c       0x66 ./Drivers/STM32F4xx_HAL_Driver/Src/stm32f4xx_hal_cortex.o
 *fill*         0x080034a2        0x2 
 .text.SysTick_Config
                0x080034a4       0x44 ./Drivers/STM32F4xx_HAL_Driver/Src/stm32f4xx_hal_cortex.o
 .text.HAL_NVIC_SetPriorityGrouping
                0x080034e8       0x16 ./Drivers/STM32F4xx_HAL_Driver/Src/stm32f4xx_hal_cortex.o
                0x080034e8                HAL_NVIC_SetPriorityGrouping
 .text.HAL_NVIC_SetPriority
                0x080034fe       0x38 ./Drivers/STM32F4xx_HAL_Driver/Src/stm32f4xx_hal_cortex.o
                0x080034fe                HAL_NVIC_SetPriority
 .text.HAL_NVIC_EnableIRQ
                0x08003536       0x1c ./Drivers/STM32F4xx_HAL_Driver/Src/stm32f4xx_hal_cortex.o
                0x08003536                HAL_NVIC_EnableIRQ
 .text.HAL_NVIC_DisableIRQ
                0x08003552       0x1c ./Drivers/STM32F4xx_HAL_Driver/Src/stm32f4xx_hal_cortex.o
                0x08003552                HAL_NVIC_DisableIRQ
 .text.HAL_SYSTICK_Config
                0x0800356e       0x18 ./Drivers/STM32F4xx_HAL_Driver/Src/stm32f4xx_hal_cortex.o
                0x0800356e                HAL_SYSTICK_Config
 .text.HAL_NVIC_ClearPendingIRQ
                0x08003586       0x1c ./Drivers/STM32F4xx_HAL_Driver/Src/stm32f4xx_hal_cortex.o
                0x08003586                HAL_NVIC_ClearPendingIRQ
 *fill*         0x080035a2        0x2 
 .text.HAL_EXTI_ClearPending
                0x080035a4       0x30 ./Drivers/STM32F4xx_HAL_Driver/Src/stm32f4xx_hal_exti.o
                0x080035a4                HAL_EXTI_ClearPending
 .text.HAL_GPIO_Init
                0x080035d4      0x358 ./Drivers/STM32F4xx_HAL_Driver/Src/stm32f4xx_hal_gpio.o
                0x080035d4                HAL_GPIO_Init
 .text.HAL_GPIO_DeInit
                0x0800392c      0x218 ./Drivers/STM32F4xx_HAL_Driver/Src/stm32f4xx_hal_gpio.o
                0x0800392c                HAL_GPIO_DeInit
 .text.HAL_GPIO_WritePin
                0x08003b44       0x32 ./Drivers/STM32F4xx_HAL_Driver/Src/stm32f4xx_hal_gpio.o
                0x08003b44                HAL_GPIO_WritePin
 *fill*         0x08003b76        0x2 
 .text.HAL_I2C_Init
                0x08003b78      0x288 ./Drivers/STM32F4xx_HAL_Driver/Src/stm32f4xx_hal_i2c.o
                0x08003b78                HAL_I2C_Init
 .text.HAL_I2C_Mem_Write
                0x08003e00      0x1f4 ./Drivers/STM32F4xx_HAL_Driver/Src/stm32f4xx_hal_i2c.o
                0x08003e00                HAL_I2C_Mem_Write
 .text.HAL_I2C_Mem_Read
                0x08003ff4      0x464 ./Drivers/STM32F4xx_HAL_Driver/Src/stm32f4xx_hal_i2c.o
                0x08003ff4                HAL_I2C_Mem_Read
 .text.I2C_RequestMemoryWrite
                0x08004458      0x12c ./Drivers/STM32F4xx_HAL_Driver/Src/stm32f4xx_hal_i2c.o
 .text.I2C_RequestMemoryRead
                0x08004584      0x1d0 ./Drivers/STM32F4xx_HAL_Driver/Src/stm32f4xx_hal_i2c.o
 .text.I2C_WaitOnFlagUntilTimeout
                0x08004754       0xf4 ./Drivers/STM32F4xx_HAL_Driver/Src/stm32f4xx_hal_i2c.o
 .text.I2C_WaitOnMasterAddressFlagUntilTimeout
                0x08004848      0x140 ./Drivers/STM32F4xx_HAL_Driver/Src/stm32f4xx_hal_i2c.o
 .text.I2C_WaitOnTXEFlagUntilTimeout
                0x08004988       0x90 ./Drivers/STM32F4xx_HAL_Driver/Src/stm32f4xx_hal_i2c.o
 .text.I2C_WaitOnBTFFlagUntilTimeout
                0x08004a18       0x90 ./Drivers/STM32F4xx_HAL_Driver/Src/stm32f4xx_hal_i2c.o
 .text.I2C_WaitOnRXNEFlagUntilTimeout
                0x08004aa8       0xba ./Drivers/STM32F4xx_HAL_Driver/Src/stm32f4xx_hal_i2c.o
 .text.I2C_IsAcknowledgeFailed
                0x08004b62       0x5e ./Drivers/STM32F4xx_HAL_Driver/Src/stm32f4xx_hal_i2c.o
 .text.HAL_LTDC_Init
                0x08004bc0      0x1a0 ./Drivers/STM32F4xx_HAL_Driver/Src/stm32f4xx_hal_ltdc.o
                0x08004bc0                HAL_LTDC_Init
 .text.HAL_LTDC_ConfigLayer
                0x08004d60       0x7c ./Drivers/STM32F4xx_HAL_Driver/Src/stm32f4xx_hal_ltdc.o
                0x08004d60                HAL_LTDC_ConfigLayer
 .text.LTDC_SetConfig
                0x08004ddc      0x32e ./Drivers/STM32F4xx_HAL_Driver/Src/stm32f4xx_hal_ltdc.o
 *fill*         0x0800510a        0x2 
 .text.HAL_RCC_OscConfig
                0x0800510c      0x4f0 ./Drivers/STM32F4xx_HAL_Driver/Src/stm32f4xx_hal_rcc.o
                0x0800510c                HAL_RCC_OscConfig
 .text.HAL_RCC_ClockConfig
                0x080055fc      0x1cc ./Drivers/STM32F4xx_HAL_Driver/Src/stm32f4xx_hal_rcc.o
                0x080055fc                HAL_RCC_ClockConfig
 .text.HAL_RCC_GetSysClockFreq
                0x080057c8      0x20c ./Drivers/STM32F4xx_HAL_Driver/Src/stm32f4xx_hal_rcc.o
                0x080057c8                HAL_RCC_GetSysClockFreq
 .text.HAL_RCC_GetHCLKFreq
                0x080059d4       0x18 ./Drivers/STM32F4xx_HAL_Driver/Src/stm32f4xx_hal_rcc.o
                0x080059d4                HAL_RCC_GetHCLKFreq
 .text.HAL_RCC_GetPCLK1Freq
                0x080059ec       0x28 ./Drivers/STM32F4xx_HAL_Driver/Src/stm32f4xx_hal_rcc.o
                0x080059ec                HAL_RCC_GetPCLK1Freq
 .text.HAL_RCCEx_PeriphCLKConfig
                0x08005a14      0x380 ./Drivers/STM32F4xx_HAL_Driver/Src/stm32f4xx_hal_rcc_ex.o
                0x08005a14                HAL_RCCEx_PeriphCLKConfig
 .text.HAL_SPI_Init
                0x08005d94      0x112 ./Drivers/STM32F4xx_HAL_Driver/Src/stm32f4xx_hal_spi.o
                0x08005d94                HAL_SPI_Init
 .text.HAL_SPI_DeInit
                0x08005ea6       0x50 ./Drivers/STM32F4xx_HAL_Driver/Src/stm32f4xx_hal_spi.o
                0x08005ea6                HAL_SPI_DeInit
 .text.HAL_SPI_Transmit
                0x08005ef6      0x288 ./Drivers/STM32F4xx_HAL_Driver/Src/stm32f4xx_hal_spi.o
                0x08005ef6                HAL_SPI_Transmit
 .text.HAL_SPI_GetState
                0x0800617e       0x1c ./Drivers/STM32F4xx_HAL_Driver/Src/stm32f4xx_hal_spi.o
                0x0800617e                HAL_SPI_GetState
 *fill*         0x0800619a        0x2 
 .text.SPI_WaitFlagStateUntilTimeout
                0x0800619c      0x110 ./Drivers/STM32F4xx_HAL_Driver/Src/stm32f4xx_hal_spi.o
 .text.SPI_EndRxTxTransaction
                0x080062ac       0xa8 ./Drivers/STM32F4xx_HAL_Driver/Src/stm32f4xx_hal_spi.o
 .text.std      0x08006354       0x6c C:/ST/STM32CubeIDE_1.16.0/STM32CubeIDE/plugins/com.st.stm32cube.ide.mcu.externaltools.gnu-tools-for-stm32.12.3.rel1.win32_1.1.0.202410251130/tools/bin/../lib/gcc/arm-none-eabi/12.3.1/../../../../arm-none-eabi/lib/thumb/v7e-m+fp/hard\libc_nano.a(libc_a-findfp.o)
 .text.stdio_exit_handler
                0x080063c0       0x18 C:/ST/STM32CubeIDE_1.16.0/STM32CubeIDE/plugins/com.st.stm32cube.ide.mcu.externaltools.gnu-tools-for-stm32.12.3.rel1.win32_1.1.0.202410251130/tools/bin/../lib/gcc/arm-none-eabi/12.3.1/../../../../arm-none-eabi/lib/thumb/v7e-m+fp/hard\libc_nano.a(libc_a-findfp.o)
 .text.cleanup_stdio
                0x080063d8       0x40 C:/ST/STM32CubeIDE_1.16.0/STM32CubeIDE/plugins/com.st.stm32cube.ide.mcu.externaltools.gnu-tools-for-stm32.12.3.rel1.win32_1.1.0.202410251130/tools/bin/../lib/gcc/arm-none-eabi/12.3.1/../../../../arm-none-eabi/lib/thumb/v7e-m+fp/hard\libc_nano.a(libc_a-findfp.o)
 .text.global_stdio_init.part.0
                0x08006418       0x3c C:/ST/STM32CubeIDE_1.16.0/STM32CubeIDE/plugins/com.st.stm32cube.ide.mcu.externaltools.gnu-tools-for-stm32.12.3.rel1.win32_1.1.0.202410251130/tools/bin/../lib/gcc/arm-none-eabi/12.3.1/../../../../arm-none-eabi/lib/thumb/v7e-m+fp/hard\libc_nano.a(libc_a-findfp.o)
 .text.__sfp_lock_acquire
                0x08006454        0xc C:/ST/STM32CubeIDE_1.16.0/STM32CubeIDE/plugins/com.st.stm32cube.ide.mcu.externaltools.gnu-tools-for-stm32.12.3.rel1.win32_1.1.0.202410251130/tools/bin/../lib/gcc/arm-none-eabi/12.3.1/../../../../arm-none-eabi/lib/thumb/v7e-m+fp/hard\libc_nano.a(libc_a-findfp.o)
                0x08006454                __sfp_lock_acquire
 .text.__sfp_lock_release
                0x08006460        0xc C:/ST/STM32CubeIDE_1.16.0/STM32CubeIDE/plugins/com.st.stm32cube.ide.mcu.externaltools.gnu-tools-for-stm32.12.3.rel1.win32_1.1.0.202410251130/tools/bin/../lib/gcc/arm-none-eabi/12.3.1/../../../../arm-none-eabi/lib/thumb/v7e-m+fp/hard\libc_nano.a(libc_a-findfp.o)
                0x08006460                __sfp_lock_release
 .text.__sinit  0x0800646c       0x30 C:/ST/STM32CubeIDE_1.16.0/STM32CubeIDE/plugins/com.st.stm32cube.ide.mcu.externaltools.gnu-tools-for-stm32.12.3.rel1.win32_1.1.0.202410251130/tools/bin/../lib/gcc/arm-none-eabi/12.3.1/../../../../arm-none-eabi/lib/thumb/v7e-m+fp/hard\libc_nano.a(libc_a-findfp.o)
                0x0800646c                __sinit
 .text._fwalk_sglue
                0x0800649c       0x3c C:/ST/STM32CubeIDE_1.16.0/STM32CubeIDE/plugins/com.st.stm32cube.ide.mcu.externaltools.gnu-tools-for-stm32.12.3.rel1.win32_1.1.0.202410251130/tools/bin/../lib/gcc/arm-none-eabi/12.3.1/../../../../arm-none-eabi/lib/thumb/v7e-m+fp/hard\libc_nano.a(libc_a-fwalk.o)
                0x0800649c                _fwalk_sglue
 .text.printf   0x080064d8       0x24 C:/ST/STM32CubeIDE_1.16.0/STM32CubeIDE/plugins/com.st.stm32cube.ide.mcu.externaltools.gnu-tools-for-stm32.12.3.rel1.win32_1.1.0.202410251130/tools/bin/../lib/gcc/arm-none-eabi/12.3.1/../../../../arm-none-eabi/lib/thumb/v7e-m+fp/hard\libc_nano.a(libc_a-printf.o)
                0x080064d8                iprintf
                0x080064d8                printf
 .text.__sread  0x080064fc       0x22 C:/ST/STM32CubeIDE_1.16.0/STM32CubeIDE/plugins/com.st.stm32cube.ide.mcu.externaltools.gnu-tools-for-stm32.12.3.rel1.win32_1.1.0.202410251130/tools/bin/../lib/gcc/arm-none-eabi/12.3.1/../../../../arm-none-eabi/lib/thumb/v7e-m+fp/hard\libc_nano.a(libc_a-stdio.o)
                0x080064fc                __sread
 .text.__swrite
                0x0800651e       0x38 C:/ST/STM32CubeIDE_1.16.0/STM32CubeIDE/plugins/com.st.stm32cube.ide.mcu.externaltools.gnu-tools-for-stm32.12.3.rel1.win32_1.1.0.202410251130/tools/bin/../lib/gcc/arm-none-eabi/12.3.1/../../../../arm-none-eabi/lib/thumb/v7e-m+fp/hard\libc_nano.a(libc_a-stdio.o)
                0x0800651e                __swrite
 .text.__sseek  0x08006556       0x24 C:/ST/STM32CubeIDE_1.16.0/STM32CubeIDE/plugins/com.st.stm32cube.ide.mcu.externaltools.gnu-tools-for-stm32.12.3.rel1.win32_1.1.0.202410251130/tools/bin/../lib/gcc/arm-none-eabi/12.3.1/../../../../arm-none-eabi/lib/thumb/v7e-m+fp/hard\libc_nano.a(libc_a-stdio.o)
                0x08006556                __sseek
 .text.__sclose
                0x0800657a        0x8 C:/ST/STM32CubeIDE_1.16.0/STM32CubeIDE/plugins/com.st.stm32cube.ide.mcu.externaltools.gnu-tools-for-stm32.12.3.rel1.win32_1.1.0.202410251130/tools/bin/../lib/gcc/arm-none-eabi/12.3.1/../../../../arm-none-eabi/lib/thumb/v7e-m+fp/hard\libc_nano.a(libc_a-stdio.o)
                0x0800657a                __sclose
 .text.__swbuf_r
                0x08006582       0x7c C:/ST/STM32CubeIDE_1.16.0/STM32CubeIDE/plugins/com.st.stm32cube.ide.mcu.externaltools.gnu-tools-for-stm32.12.3.rel1.win32_1.1.0.202410251130/tools/bin/../lib/gcc/arm-none-eabi/12.3.1/../../../../arm-none-eabi/lib/thumb/v7e-m+fp/hard\libc_nano.a(libc_a-wbuf.o)
                0x08006582                __swbuf_r
 *fill*         0x080065fe        0x2 
 .text.__swsetup_r
                0x08006600       0xac C:/ST/STM32CubeIDE_1.16.0/STM32CubeIDE/plugins/com.st.stm32cube.ide.mcu.externaltools.gnu-tools-for-stm32.12.3.rel1.win32_1.1.0.202410251130/tools/bin/../lib/gcc/arm-none-eabi/12.3.1/../../../../arm-none-eabi/lib/thumb/v7e-m+fp/hard\libc_nano.a(libc_a-wsetup.o)
                0x08006600                __swsetup_r
 .text.memset   0x080066ac       0x10 C:/ST/STM32CubeIDE_1.16.0/STM32CubeIDE/plugins/com.st.stm32cube.ide.mcu.externaltools.gnu-tools-for-stm32.12.3.rel1.win32_1.1.0.202410251130/tools/bin/../lib/gcc/arm-none-eabi/12.3.1/../../../../arm-none-eabi/lib/thumb/v7e-m+fp/hard\libc_nano.a(libc_a-memset.o)
                0x080066ac                memset
 .text._close_r
                0x080066bc       0x20 C:/ST/STM32CubeIDE_1.16.0/STM32CubeIDE/plugins/com.st.stm32cube.ide.mcu.externaltools.gnu-tools-for-stm32.12.3.rel1.win32_1.1.0.202410251130/tools/bin/../lib/gcc/arm-none-eabi/12.3.1/../../../../arm-none-eabi/lib/thumb/v7e-m+fp/hard\libc_nano.a(libc_a-closer.o)
                0x080066bc                _close_r
 .text._lseek_r
                0x080066dc       0x24 C:/ST/STM32CubeIDE_1.16.0/STM32CubeIDE/plugins/com.st.stm32cube.ide.mcu.externaltools.gnu-tools-for-stm32.12.3.rel1.win32_1.1.0.202410251130/tools/bin/../lib/gcc/arm-none-eabi/12.3.1/../../../../arm-none-eabi/lib/thumb/v7e-m+fp/hard\libc_nano.a(libc_a-lseekr.o)
                0x080066dc                _lseek_r
 .text._read_r  0x08006700       0x24 C:/ST/STM32CubeIDE_1.16.0/STM32CubeIDE/plugins/com.st.stm32cube.ide.mcu.externaltools.gnu-tools-for-stm32.12.3.rel1.win32_1.1.0.202410251130/tools/bin/../lib/gcc/arm-none-eabi/12.3.1/../../../../arm-none-eabi/lib/thumb/v7e-m+fp/hard\libc_nano.a(libc_a-readr.o)
                0x08006700                _read_r
 .text._write_r
                0x08006724       0x24 C:/ST/STM32CubeIDE_1.16.0/STM32CubeIDE/plugins/com.st.stm32cube.ide.mcu.externaltools.gnu-tools-for-stm32.12.3.rel1.win32_1.1.0.202410251130/tools/bin/../lib/gcc/arm-none-eabi/12.3.1/../../../../arm-none-eabi/lib/thumb/v7e-m+fp/hard\libc_nano.a(libc_a-writer.o)
                0x08006724                _write_r
 .text.__errno  0x08006748        0xc C:/ST/STM32CubeIDE_1.16.0/STM32CubeIDE/plugins/com.st.stm32cube.ide.mcu.externaltools.gnu-tools-for-stm32.12.3.rel1.win32_1.1.0.202410251130/tools/bin/../lib/gcc/arm-none-eabi/12.3.1/../../../../arm-none-eabi/lib/thumb/v7e-m+fp/hard\libc_nano.a(libc_a-errno.o)
                0x08006748                __errno
 .text.__libc_init_array
                0x08006754       0x48 C:/ST/STM32CubeIDE_1.16.0/STM32CubeIDE/plugins/com.st.stm32cube.ide.mcu.externaltools.gnu-tools-for-stm32.12.3.rel1.win32_1.1.0.202410251130/tools/bin/../lib/gcc/arm-none-eabi/12.3.1/../../../../arm-none-eabi/lib/thumb/v7e-m+fp/hard\libc_nano.a(libc_a-init.o)
                0x08006754                __libc_init_array
 .text.__retarget_lock_init_recursive
                0x0800679c        0x2 C:/ST/STM32CubeIDE_1.16.0/STM32CubeIDE/plugins/com.st.stm32cube.ide.mcu.externaltools.gnu-tools-for-stm32.12.3.rel1.win32_1.1.0.202410251130/tools/bin/../lib/gcc/arm-none-eabi/12.3.1/../../../../arm-none-eabi/lib/thumb/v7e-m+fp/hard\libc_nano.a(libc_a-lock.o)
                0x0800679c                __retarget_lock_init_recursive
 .text.__retarget_lock_acquire_recursive
                0x0800679e        0x2 C:/ST/STM32CubeIDE_1.16.0/STM32CubeIDE/plugins/com.st.stm32cube.ide.mcu.externaltools.gnu-tools-for-stm32.12.3.rel1.win32_1.1.0.202410251130/tools/bin/../lib/gcc/arm-none-eabi/12.3.1/../../../../arm-none-eabi/lib/thumb/v7e-m+fp/hard\libc_nano.a(libc_a-lock.o)
                0x0800679e                __retarget_lock_acquire_recursive
 .text.__retarget_lock_release_recursive
                0x080067a0        0x2 C:/ST/STM32CubeIDE_1.16.0/STM32CubeIDE/plugins/com.st.stm32cube.ide.mcu.externaltools.gnu-tools-for-stm32.12.3.rel1.win32_1.1.0.202410251130/tools/bin/../lib/gcc/arm-none-eabi/12.3.1/../../../../arm-none-eabi/lib/thumb/v7e-m+fp/hard\libc_nano.a(libc_a-lock.o)
                0x080067a0                __retarget_lock_release_recursive
 .text.memcpy   0x080067a2       0x1c C:/ST/STM32CubeIDE_1.16.0/STM32CubeIDE/plugins/com.st.stm32cube.ide.mcu.externaltools.gnu-tools-for-stm32.12.3.rel1.win32_1.1.0.202410251130/tools/bin/../lib/gcc/arm-none-eabi/12.3.1/../../../../arm-none-eabi/lib/thumb/v7e-m+fp/hard\libc_nano.a(libc_a-memcpy-stub.o)
                0x080067a2                memcpy
 *fill*         0x080067be        0x2 
 .text._free_r  0x080067c0       0x94 C:/ST/STM32CubeIDE_1.16.0/STM32CubeIDE/plugins/com.st.stm32cube.ide.mcu.externaltools.gnu-tools-for-stm32.12.3.rel1.win32_1.1.0.202410251130/tools/bin/../lib/gcc/arm-none-eabi/12.3.1/../../../../arm-none-eabi/lib/thumb/v7e-m+fp/hard\libc_nano.a(libc_a-freer.o)
                0x080067c0                _free_r
 .text.sbrk_aligned
                0x08006854       0x44 C:/ST/STM32CubeIDE_1.16.0/STM32CubeIDE/plugins/com.st.stm32cube.ide.mcu.externaltools.gnu-tools-for-stm32.12.3.rel1.win32_1.1.0.202410251130/tools/bin/../lib/gcc/arm-none-eabi/12.3.1/../../../../arm-none-eabi/lib/thumb/v7e-m+fp/hard\libc_nano.a(libc_a-mallocr.o)
 .text._malloc_r
                0x08006898      0x100 C:/ST/STM32CubeIDE_1.16.0/STM32CubeIDE/plugins/com.st.stm32cube.ide.mcu.externaltools.gnu-tools-for-stm32.12.3.rel1.win32_1.1.0.202410251130/tools/bin/../lib/gcc/arm-none-eabi/12.3.1/../../../../arm-none-eabi/lib/thumb/v7e-m+fp/hard\libc_nano.a(libc_a-mallocr.o)
                0x08006898                _malloc_r
 .text.__malloc_lock
                0x08006998        0xc C:/ST/STM32CubeIDE_1.16.0/STM32CubeIDE/plugins/com.st.stm32cube.ide.mcu.externaltools.gnu-tools-for-stm32.12.3.rel1.win32_1.1.0.202410251130/tools/bin/../lib/gcc/arm-none-eabi/12.3.1/../../../../arm-none-eabi/lib/thumb/v7e-m+fp/hard\libc_nano.a(libc_a-mlock.o)
                0x08006998                __malloc_lock
 .text.__malloc_unlock
                0x080069a4        0xc C:/ST/STM32CubeIDE_1.16.0/STM32CubeIDE/plugins/com.st.stm32cube.ide.mcu.externaltools.gnu-tools-for-stm32.12.3.rel1.win32_1.1.0.202410251130/tools/bin/../lib/gcc/arm-none-eabi/12.3.1/../../../../arm-none-eabi/lib/thumb/v7e-m+fp/hard\libc_nano.a(libc_a-mlock.o)
                0x080069a4                __malloc_unlock
 .text.__sfputc_r
                0x080069b0       0x2e C:/ST/STM32CubeIDE_1.16.0/STM32CubeIDE/plugins/com.st.stm32cube.ide.mcu.externaltools.gnu-tools-for-stm32.12.3.rel1.win32_1.1.0.202410251130/tools/bin/../lib/gcc/arm-none-eabi/12.3.1/../../../../arm-none-eabi/lib/thumb/v7e-m+fp/hard\libc_nano.a(libc_a-nano-vfprintf.o)
 .text.__sfputs_r
                0x080069de       0x24 C:/ST/STM32CubeIDE_1.16.0/STM32CubeIDE/plugins/com.st.stm32cube.ide.mcu.externaltools.gnu-tools-for-stm32.12.3.rel1.win32_1.1.0.202410251130/tools/bin/../lib/gcc/arm-none-eabi/12.3.1/../../../../arm-none-eabi/lib/thumb/v7e-m+fp/hard\libc_nano.a(libc_a-nano-vfprintf.o)
                0x080069de                __sfputs_r
 *fill*         0x08006a02        0x2 
 .text._vfprintf_r
                0x08006a04      0x230 C:/ST/STM32CubeIDE_1.16.0/STM32CubeIDE/plugins/com.st.stm32cube.ide.mcu.externaltools.gnu-tools-for-stm32.12.3.rel1.win32_1.1.0.202410251130/tools/bin/../lib/gcc/arm-none-eabi/12.3.1/../../../../arm-none-eabi/lib/thumb/v7e-m+fp/hard\libc_nano.a(libc_a-nano-vfprintf.o)
                0x08006a04                _vfprintf_r
                0x08006a04                _vfiprintf_r
 .text._printf_common
                0x08006c34       0xda C:/ST/STM32CubeIDE_1.16.0/STM32CubeIDE/plugins/com.st.stm32cube.ide.mcu.externaltools.gnu-tools-for-stm32.12.3.rel1.win32_1.1.0.202410251130/tools/bin/../lib/gcc/arm-none-eabi/12.3.1/../../../../arm-none-eabi/lib/thumb/v7e-m+fp/hard\libc_nano.a(libc_a-nano-vfprintf_i.o)
                0x08006c34                _printf_common
 *fill*         0x08006d0e        0x2 
 .text._printf_i
                0x08006d10      0x240 C:/ST/STM32CubeIDE_1.16.0/STM32CubeIDE/plugins/com.st.stm32cube.ide.mcu.externaltools.gnu-tools-for-stm32.12.3.rel1.win32_1.1.0.202410251130/tools/bin/../lib/gcc/arm-none-eabi/12.3.1/../../../../arm-none-eabi/lib/thumb/v7e-m+fp/hard\libc_nano.a(libc_a-nano-vfprintf_i.o)
                0x08006d10                _printf_i
 .text.__sflush_r
                0x08006f50      0x108 C:/ST/STM32CubeIDE_1.16.0/STM32CubeIDE/plugins/com.st.stm32cube.ide.mcu.externaltools.gnu-tools-for-stm32.12.3.rel1.win32_1.1.0.202410251130/tools/bin/../lib/gcc/arm-none-eabi/12.3.1/../../../../arm-none-eabi/lib/thumb/v7e-m+fp/hard\libc_nano.a(libc_a-fflush.o)
                0x08006f50                __sflush_r
 .text._fflush_r
                0x08007058       0x50 C:/ST/STM32CubeIDE_1.16.0/STM32CubeIDE/plugins/com.st.stm32cube.ide.mcu.externaltools.gnu-tools-for-stm32.12.3.rel1.win32_1.1.0.202410251130/tools/bin/../lib/gcc/arm-none-eabi/12.3.1/../../../../arm-none-eabi/lib/thumb/v7e-m+fp/hard\libc_nano.a(libc_a-fflush.o)
                0x08007058                _fflush_r
 .text.__swhatbuf_r
                0x080070a8       0x4c C:/ST/STM32CubeIDE_1.16.0/STM32CubeIDE/plugins/com.st.stm32cube.ide.mcu.externaltools.gnu-tools-for-stm32.12.3.rel1.win32_1.1.0.202410251130/tools/bin/../lib/gcc/arm-none-eabi/12.3.1/../../../../arm-none-eabi/lib/thumb/v7e-m+fp/hard\libc_nano.a(libc_a-makebuf.o)
                0x080070a8                __swhatbuf_r
 .text.__smakebuf_r
                0x080070f4       0x78 C:/ST/STM32CubeIDE_1.16.0/STM32CubeIDE/plugins/com.st.stm32cube.ide.mcu.externaltools.gnu-tools-for-stm32.12.3.rel1.win32_1.1.0.202410251130/tools/bin/../lib/gcc/arm-none-eabi/12.3.1/../../../../arm-none-eabi/lib/thumb/v7e-m+fp/hard\libc_nano.a(libc_a-makebuf.o)
                0x080070f4                __smakebuf_r
 .text._fstat_r
                0x0800716c       0x24 C:/ST/STM32CubeIDE_1.16.0/STM32CubeIDE/plugins/com.st.stm32cube.ide.mcu.externaltools.gnu-tools-for-stm32.12.3.rel1.win32_1.1.0.202410251130/tools/bin/../lib/gcc/arm-none-eabi/12.3.1/../../../../arm-none-eabi/lib/thumb/v7e-m+fp/hard\libc_nano.a(libc_a-fstatr.o)
                0x0800716c                _fstat_r
 .text._isatty_r
                0x08007190       0x20 C:/ST/STM32CubeIDE_1.16.0/STM32CubeIDE/plugins/com.st.stm32cube.ide.mcu.externaltools.gnu-tools-for-stm32.12.3.rel1.win32_1.1.0.202410251130/tools/bin/../lib/gcc/arm-none-eabi/12.3.1/../../../../arm-none-eabi/lib/thumb/v7e-m+fp/hard\libc_nano.a(libc_a-isattyr.o)
                0x08007190                _isatty_r
 .text._sbrk_r  0x080071b0       0x20 C:/ST/STM32CubeIDE_1.16.0/STM32CubeIDE/plugins/com.st.stm32cube.ide.mcu.externaltools.gnu-tools-for-stm32.12.3.rel1.win32_1.1.0.202410251130/tools/bin/../lib/gcc/arm-none-eabi/12.3.1/../../../../arm-none-eabi/lib/thumb/v7e-m+fp/hard\libc_nano.a(libc_a-sbrkr.o)
                0x080071b0                _sbrk_r
 *(.glue_7)
 .glue_7        0x080071d0        0x0 linker stubs
 *(.glue_7t)
 .glue_7t       0x080071d0        0x0 linker stubs
 *(.eh_frame)
 .eh_frame      0x080071d0        0x0 C:/ST/STM32CubeIDE_1.16.0/STM32CubeIDE/plugins/com.st.stm32cube.ide.mcu.externaltools.gnu-tools-for-stm32.12.3.rel1.win32_1.1.0.202410251130/tools/bin/../lib/gcc/arm-none-eabi/12.3.1/thumb/v7e-m+fp/hard/crtbegin.o
 *(.init)
 .init          0x080071d0        0x4 C:/ST/STM32CubeIDE_1.16.0/STM32CubeIDE/plugins/com.st.stm32cube.ide.mcu.externaltools.gnu-tools-for-stm32.12.3.rel1.win32_1.1.0.202410251130/tools/bin/../lib/gcc/arm-none-eabi/12.3.1/thumb/v7e-m+fp/hard/crti.o
                0x080071d0                _init
 .init          0x080071d4        0x8 C:/ST/STM32CubeIDE_1.16.0/STM32CubeIDE/plugins/com.st.stm32cube.ide.mcu.externaltools.gnu-tools-for-stm32.12.3.rel1.win32_1.1.0.202410251130/tools/bin/../lib/gcc/arm-none-eabi/12.3.1/thumb/v7e-m+fp/hard/crtn.o
 *(.fini)
 .fini          0x080071dc        0x4 C:/ST/STM32CubeIDE_1.16.0/STM32CubeIDE/plugins/com.st.stm32cube.ide.mcu.externaltools.gnu-tools-for-stm32.12.3.rel1.win32_1.1.0.202410251130/tools/bin/../lib/gcc/arm-none-eabi/12.3.1/thumb/v7e-m+fp/hard/crti.o
                0x080071dc                _fini
 .fini          0x080071e0        0x8 C:/ST/STM32CubeIDE_1.16.0/STM32CubeIDE/plugins/com.st.stm32cube.ide.mcu.externaltools.gnu-tools-for-stm32.12.3.rel1.win32_1.1.0.202410251130/tools/bin/../lib/gcc/arm-none-eabi/12.3.1/thumb/v7e-m+fp/hard/crtn.o
                0x080071e8                        . = ALIGN (0x4)
                0x080071e8                        _etext = .

.vfp11_veneer   0x080071e8        0x0
 .vfp11_veneer  0x080071e8        0x0 linker stubs

.v4_bx          0x080071e8        0x0
 .v4_bx         0x080071e8        0x0 linker stubs

.iplt           0x080071e8        0x0
 .iplt          0x080071e8        0x0 C:/ST/STM32CubeIDE_1.16.0/STM32CubeIDE/plugins/com.st.stm32cube.ide.mcu.externaltools.gnu-tools-for-stm32.12.3.rel1.win32_1.1.0.202410251130/tools/bin/../lib/gcc/arm-none-eabi/12.3.1/thumb/v7e-m+fp/hard/crtbegin.o

.rodata         0x080071e8     0x127c
                0x080071e8                        . = ALIGN (0x4)
 *(.rodata)
 .rodata        0x080071e8       0x50 ./Core/Src/ApplicationCode.o
 .rodata        0x08007238        0xe ./Core/Src/screens.o
 *(.rodata*)
 *fill*         0x08007246        0x2 
 .rodata.ASCII16x24_Table
                0x08007248     0x11d0 ./Core/Src/fonts.o
                0x08007248                ASCII16x24_Table
 .rodata.AHBPrescTable
                0x08008418       0x10 ./Core/Src/system_stm32f4xx.o
                0x08008418                AHBPrescTable
 .rodata.APBPrescTable
                0x08008428        0x8 ./Core/Src/system_stm32f4xx.o
                0x08008428                APBPrescTable
 .rodata._vfprintf_r.str1.1
                0x08008430       0x11 C:/ST/STM32CubeIDE_1.16.0/STM32CubeIDE/plugins/com.st.stm32cube.ide.mcu.externaltools.gnu-tools-for-stm32.12.3.rel1.win32_1.1.0.202410251130/tools/bin/../lib/gcc/arm-none-eabi/12.3.1/../../../../arm-none-eabi/lib/thumb/v7e-m+fp/hard\libc_nano.a(libc_a-nano-vfprintf.o)
 .rodata._printf_i.str1.1
                0x08008441       0x22 C:/ST/STM32CubeIDE_1.16.0/STM32CubeIDE/plugins/com.st.stm32cube.ide.mcu.externaltools.gnu-tools-for-stm32.12.3.rel1.win32_1.1.0.202410251130/tools/bin/../lib/gcc/arm-none-eabi/12.3.1/../../../../arm-none-eabi/lib/thumb/v7e-m+fp/hard\libc_nano.a(libc_a-nano-vfprintf_i.o)
                0x08008464                        . = ALIGN (0x4)
 *fill*         0x08008463        0x1 

.ARM.extab      0x08008464        0x0
                0x08008464                        . = ALIGN (0x4)
 *(.ARM.extab* .gnu.linkonce.armextab.*)
                0x08008464                        . = ALIGN (0x4)

.ARM            0x08008464        0x8
                0x08008464                        . = ALIGN (0x4)
                0x08008464                        __exidx_start = .
 *(.ARM.exidx*)
 .ARM.exidx     0x08008464        0x8 C:/ST/STM32CubeIDE_1.16.0/STM32CubeIDE/plugins/com.st.stm32cube.ide.mcu.externaltools.gnu-tools-for-stm32.12.3.rel1.win32_1.1.0.202410251130/tools/bin/../lib/gcc/arm-none-eabi/12.3.1/../../../../arm-none-eabi/lib/thumb/v7e-m+fp/hard\libc_nano.a(libc_a-memchr.o)
 .ARM.exidx     0x0800846c        0x0 C:/ST/STM32CubeIDE_1.16.0/STM32CubeIDE/plugins/com.st.stm32cube.ide.mcu.externaltools.gnu-tools-for-stm32.12.3.rel1.win32_1.1.0.202410251130/tools/bin/../lib/gcc/arm-none-eabi/12.3.1/thumb/v7e-m+fp/hard\libgcc.a(_udivmoddi4.o)
                                  0x8 (size before relaxing)
                0x0800846c                        __exidx_end = .
                0x0800846c                        . = ALIGN (0x4)

.preinit_array  0x0800846c        0x0
                0x0800846c                        . = ALIGN (0x4)
                0x0800846c                        PROVIDE (__preinit_array_start = .)
 *(.preinit_array*)
                0x0800846c                        PROVIDE (__preinit_array_end = .)
                0x0800846c                        . = ALIGN (0x4)

.init_array     0x0800846c        0x4
                0x0800846c                        . = ALIGN (0x4)
                0x0800846c                        PROVIDE (__init_array_start = .)
 *(SORT_BY_NAME(.init_array.*))
 *(.init_array*)
 .init_array    0x0800846c        0x4 C:/ST/STM32CubeIDE_1.16.0/STM32CubeIDE/plugins/com.st.stm32cube.ide.mcu.externaltools.gnu-tools-for-stm32.12.3.rel1.win32_1.1.0.202410251130/tools/bin/../lib/gcc/arm-none-eabi/12.3.1/thumb/v7e-m+fp/hard/crtbegin.o
                0x08008470                        PROVIDE (__init_array_end = .)
                0x08008470                        . = ALIGN (0x4)

.fini_array     0x08008470        0x4
                0x08008470                        . = ALIGN (0x4)
                [!provide]                        PROVIDE (__fini_array_start = .)
 *(SORT_BY_NAME(.fini_array.*))
 *(.fini_array*)
 .fini_array    0x08008470        0x4 C:/ST/STM32CubeIDE_1.16.0/STM32CubeIDE/plugins/com.st.stm32cube.ide.mcu.externaltools.gnu-tools-for-stm32.12.3.rel1.win32_1.1.0.202410251130/tools/bin/../lib/gcc/arm-none-eabi/12.3.1/thumb/v7e-m+fp/hard/crtbegin.o
                [!provide]                        PROVIDE (__fini_array_end = .)
                0x08008474                        . = ALIGN (0x4)
                0x08008474                        _sidata = LOADADDR (.data)

.rel.dyn        0x08008474        0x0
 .rel.iplt      0x08008474        0x0 C:/ST/STM32CubeIDE_1.16.0/STM32CubeIDE/plugins/com.st.stm32cube.ide.mcu.externaltools.gnu-tools-for-stm32.12.3.rel1.win32_1.1.0.202410251130/tools/bin/../lib/gcc/arm-none-eabi/12.3.1/thumb/v7e-m+fp/hard/crtbegin.o

.data           0x20000000      0x264 load address 0x08008474
                0x20000000                        . = ALIGN (0x4)
                0x20000000                        _sdata = .
 *(.data)
 *(.data*)
 .data.CurrentTextColor
                0x20000000        0x2 ./Core/Src/LCD_Driver.o
 *fill*         0x20000002        0x2 
 .data.Font16x24
                0x20000004        0x8 ./Core/Src/fonts.o
                0x20000004                Font16x24
 .data.SpiTimeout
                0x2000000c        0x4 ./Core/Src/ili9341.o
                0x2000000c                SpiTimeout
 .data.TETROMINOS
                0x20000010      0x1c0 ./Core/Src/pieces.o
                0x20000010                TETROMINOS
 .data.TETROMINO_COLORS
                0x200001d0       0x2a ./Core/Src/pieces.o
                0x200001d0                TETROMINO_COLORS
 *fill*         0x200001fa        0x2 
 .data.SystemCoreClock
                0x200001fc        0x4 ./Core/Src/system_stm32f4xx.o
                0x200001fc                SystemCoreClock
 .data.uwTickPrio
                0x20000200        0x4 ./Drivers/STM32F4xx_HAL_Driver/Src/stm32f4xx_hal.o
                0x20000200                uwTickPrio
 .data.uwTickFreq
                0x20000204        0x1 ./Drivers/STM32F4xx_HAL_Driver/Src/stm32f4xx_hal.o
                0x20000204                uwTickFreq
 *fill*         0x20000205        0x3 
 .data.__sglue  0x20000208        0xc C:/ST/STM32CubeIDE_1.16.0/STM32CubeIDE/plugins/com.st.stm32cube.ide.mcu.externaltools.gnu-tools-for-stm32.12.3.rel1.win32_1.1.0.202410251130/tools/bin/../lib/gcc/arm-none-eabi/12.3.1/../../../../arm-none-eabi/lib/thumb/v7e-m+fp/hard\libc_nano.a(libc_a-findfp.o)
                0x20000208                __sglue
 .data._impure_ptr
                0x20000214        0x4 C:/ST/STM32CubeIDE_1.16.0/STM32CubeIDE/plugins/com.st.stm32cube.ide.mcu.externaltools.gnu-tools-for-stm32.12.3.rel1.win32_1.1.0.202410251130/tools/bin/../lib/gcc/arm-none-eabi/12.3.1/../../../../arm-none-eabi/lib/thumb/v7e-m+fp/hard\libc_nano.a(libc_a-impure.o)
                0x20000214                _impure_ptr
 .data._impure_data
                0x20000218       0x4c C:/ST/STM32CubeIDE_1.16.0/STM32CubeIDE/plugins/com.st.stm32cube.ide.mcu.externaltools.gnu-tools-for-stm32.12.3.rel1.win32_1.1.0.202410251130/tools/bin/../lib/gcc/arm-none-eabi/12.3.1/../../../../arm-none-eabi/lib/thumb/v7e-m+fp/hard\libc_nano.a(libc_a-impure.o)
                0x20000218                _impure_data
 *(.RamFunc)
 *(.RamFunc*)
                0x20000264                        . = ALIGN (0x4)
                0x20000264                        _edata = .
                0x080086d8                        _siccmram = LOADADDR (.ccmram)

.igot.plt       0x20000264        0x0 load address 0x080086d8
 .igot.plt      0x20000264        0x0 C:/ST/STM32CubeIDE_1.16.0/STM32CubeIDE/plugins/com.st.stm32cube.ide.mcu.externaltools.gnu-tools-for-stm32.12.3.rel1.win32_1.1.0.202410251130/tools/bin/../lib/gcc/arm-none-eabi/12.3.1/thumb/v7e-m+fp/hard/crtbegin.o

.ccmram         0x10000000        0x0 load address 0x080086d8
                0x10000000                        . = ALIGN (0x4)
                0x10000000                        _sccmram = .
 *(.ccmram)
 *(.ccmram*)
                0x10000000                        . = ALIGN (0x4)
                0x10000000                        _eccmram = .
                0x10000000                        . = ALIGN (0x4)

.bss            0x20000264    0x25ec8
                0x20000264                        _sbss = .
                0x20000264                        __bss_start__ = _sbss
 *(.bss)
 .bss           0x20000264       0x1c C:/ST/STM32CubeIDE_1.16.0/STM32CubeIDE/plugins/com.st.stm32cube.ide.mcu.externaltools.gnu-tools-for-stm32.12.3.rel1.win32_1.1.0.202410251130/tools/bin/../lib/gcc/arm-none-eabi/12.3.1/thumb/v7e-m+fp/hard/crtbegin.o
 *(.bss*)
 .bss.StaticTouchData
                0x20000280        0x8 ./Core/Src/ApplicationCode.o
 .bss.LCDTouchIRQ
                0x20000288        0x8 ./Core/Src/ApplicationCode.o
 .bss.statusFlag
                0x20000290        0x1 ./Core/Src/ApplicationCode.o
 *fill*         0x20000291        0x3 
 .bss.count.0   0x20000294        0x4 ./Core/Src/ApplicationCode.o
 .bss.hltdc     0x20000298       0xa8 ./Core/Src/LCD_Driver.o
 .bss.PeriphClkInitStruct
                0x20000340       0x30 ./Core/Src/LCD_Driver.o
 .bss.LCD_Currentfonts
                0x20000370        0x4 ./Core/Src/LCD_Driver.o
 .bss.frameBuffer
                0x20000374    0x25800 ./Core/Src/LCD_Driver.o
                0x20000374                frameBuffer
 .bss.board     0x20025b74      0x320 ./Core/Src/game.o
                0x20025b74                board
 .bss.currentPiece
                0x20025e94       0x48 ./Core/Src/game.o
                0x20025e94                currentPiece
 .bss.nextPiece
                0x20025edc       0x48 ./Core/Src/game.o
                0x20025edc                nextPiece
 .bss.SpiHandle
                0x20025f24       0x58 ./Core/Src/ili9341.o
 .bss.Is_LCD_IO_Initialized
                0x20025f7c        0x1 ./Core/Src/ili9341.o
 *fill*         0x20025f7d        0x1 
 .bss.activeScreen
                0x20025f7e        0x2 ./Core/Src/screens.o
                0x20025f7e                activeScreen
 .bss.hI2C3     0x20025f80       0x54 ./Core/Src/stmpe811.o
 .bss.HAL_status
                0x20025fd4        0x1 ./Core/Src/stmpe811.o
 *fill*         0x20025fd5        0x3 
 .bss.__sbrk_heap_end
                0x20025fd8        0x4 ./Core/Src/sysmem.o
 .bss.uwTick    0x20025fdc        0x4 ./Drivers/STM32F4xx_HAL_Driver/Src/stm32f4xx_hal.o
                0x20025fdc                uwTick
 .bss.__sf      0x20025fe0      0x138 C:/ST/STM32CubeIDE_1.16.0/STM32CubeIDE/plugins/com.st.stm32cube.ide.mcu.externaltools.gnu-tools-for-stm32.12.3.rel1.win32_1.1.0.202410251130/tools/bin/../lib/gcc/arm-none-eabi/12.3.1/../../../../arm-none-eabi/lib/thumb/v7e-m+fp/hard\libc_nano.a(libc_a-findfp.o)
                0x20025fe0                __sf
 .bss.__stdio_exit_handler
                0x20026118        0x4 C:/ST/STM32CubeIDE_1.16.0/STM32CubeIDE/plugins/com.st.stm32cube.ide.mcu.externaltools.gnu-tools-for-stm32.12.3.rel1.win32_1.1.0.202410251130/tools/bin/../lib/gcc/arm-none-eabi/12.3.1/../../../../arm-none-eabi/lib/thumb/v7e-m+fp/hard\libc_nano.a(libc_a-findfp.o)
                0x20026118                __stdio_exit_handler
 .bss.errno     0x2002611c        0x4 C:/ST/STM32CubeIDE_1.16.0/STM32CubeIDE/plugins/com.st.stm32cube.ide.mcu.externaltools.gnu-tools-for-stm32.12.3.rel1.win32_1.1.0.202410251130/tools/bin/../lib/gcc/arm-none-eabi/12.3.1/../../../../arm-none-eabi/lib/thumb/v7e-m+fp/hard\libc_nano.a(libc_a-reent.o)
                0x2002611c                errno
 .bss.__lock___malloc_recursive_mutex
                0x20026120        0x1 C:/ST/STM32CubeIDE_1.16.0/STM32CubeIDE/plugins/com.st.stm32cube.ide.mcu.externaltools.gnu-tools-for-stm32.12.3.rel1.win32_1.1.0.202410251130/tools/bin/../lib/gcc/arm-none-eabi/12.3.1/../../../../arm-none-eabi/lib/thumb/v7e-m+fp/hard\libc_nano.a(libc_a-lock.o)
                0x20026120                __lock___malloc_recursive_mutex
 .bss.__lock___sfp_recursive_mutex
                0x20026121        0x1 C:/ST/STM32CubeIDE_1.16.0/STM32CubeIDE/plugins/com.st.stm32cube.ide.mcu.externaltools.gnu-tools-for-stm32.12.3.rel1.win32_1.1.0.202410251130/tools/bin/../lib/gcc/arm-none-eabi/12.3.1/../../../../arm-none-eabi/lib/thumb/v7e-m+fp/hard\libc_nano.a(libc_a-lock.o)
                0x20026121                __lock___sfp_recursive_mutex
 *fill*         0x20026122        0x2 
 .bss.__malloc_sbrk_start
                0x20026124        0x4 C:/ST/STM32CubeIDE_1.16.0/STM32CubeIDE/plugins/com.st.stm32cube.ide.mcu.externaltools.gnu-tools-for-stm32.12.3.rel1.win32_1.1.0.202410251130/tools/bin/../lib/gcc/arm-none-eabi/12.3.1/../../../../arm-none-eabi/lib/thumb/v7e-m+fp/hard\libc_nano.a(libc_a-mallocr.o)
                0x20026124                __malloc_sbrk_start
 .bss.__malloc_free_list
                0x20026128        0x4 C:/ST/STM32CubeIDE_1.16.0/STM32CubeIDE/plugins/com.st.stm32cube.ide.mcu.externaltools.gnu-tools-for-stm32.12.3.rel1.win32_1.1.0.202410251130/tools/bin/../lib/gcc/arm-none-eabi/12.3.1/../../../../arm-none-eabi/lib/thumb/v7e-m+fp/hard\libc_nano.a(libc_a-mallocr.o)
                0x20026128                __malloc_free_list
 *(COMMON)
                0x2002612c                        . = ALIGN (0x4)
                0x2002612c                        _ebss = .
                0x2002612c                        __bss_end__ = _ebss

._user_heap_stack
                0x2002612c      0x604
                0x20026130                        . = ALIGN (0x8)
 *fill*         0x2002612c        0x4 
                [!provide]                        PROVIDE (end = .)
                0x20026130                        PROVIDE (_end = .)
                0x20026330                        . = (. + _Min_Heap_Size)
 *fill*         0x20026130      0x200 
                0x20026730                        . = (. + _Min_Stack_Size)
 *fill*         0x20026330      0x400 
                0x20026730                        . = ALIGN (0x8)

/DISCARD/
 libc.a(*)
 libm.a(*)
 libgcc.a(*)

.ARM.attributes
                0x00000000       0x30
 *(.ARM.attributes)
 .ARM.attributes
                0x00000000       0x22 C:/ST/STM32CubeIDE_1.16.0/STM32CubeIDE/plugins/com.st.stm32cube.ide.mcu.externaltools.gnu-tools-for-stm32.12.3.rel1.win32_1.1.0.202410251130/tools/bin/../lib/gcc/arm-none-eabi/12.3.1/thumb/v7e-m+fp/hard/crti.o
 .ARM.attributes
                0x00000022       0x34 C:/ST/STM32CubeIDE_1.16.0/STM32CubeIDE/plugins/com.st.stm32cube.ide.mcu.externaltools.gnu-tools-for-stm32.12.3.rel1.win32_1.1.0.202410251130/tools/bin/../lib/gcc/arm-none-eabi/12.3.1/thumb/v7e-m+fp/hard/crtbegin.o
 .ARM.attributes
                0x00000056       0x34 ./Core/Src/ApplicationCode.o
 .ARM.attributes
                0x0000008a       0x34 ./Core/Src/LCD_Driver.o
 .ARM.attributes
                0x000000be       0x34 ./Core/Src/draw.o
 .ARM.attributes
                0x000000f2       0x34 ./Core/Src/fonts.o
 .ARM.attributes
                0x00000126       0x34 ./Core/Src/game.o
 .ARM.attributes
                0x0000015a       0x34 ./Core/Src/gameBoard.o
 .ARM.attributes
                0x0000018e       0x34 ./Core/Src/ili9341.o
 .ARM.attributes
                0x000001c2       0x34 ./Core/Src/main.o
 .ARM.attributes
                0x000001f6       0x34 ./Core/Src/pieces.o
 .ARM.attributes
                0x0000022a       0x34 ./Core/Src/rand.o
 .ARM.attributes
                0x0000025e       0x34 ./Core/Src/screens.o
 .ARM.attributes
                0x00000292       0x34 ./Core/Src/stm32f4xx_hal_msp.o
 .ARM.attributes
                0x000002c6       0x34 ./Core/Src/stm32f4xx_it.o
 .ARM.attributes
                0x000002fa       0x34 ./Core/Src/stmpe811.o
 .ARM.attributes
                0x0000032e       0x34 ./Core/Src/syscalls.o
 .ARM.attributes
                0x00000362       0x34 ./Core/Src/sysmem.o
 .ARM.attributes
                0x00000396       0x34 ./Core/Src/system_stm32f4xx.o
 .ARM.attributes
                0x000003ca       0x21 ./Core/Startup/startup_stm32f429zitx.o
 .ARM.attributes
                0x000003eb       0x34 ./Drivers/STM32F4xx_HAL_Driver/Src/stm32f4xx_hal.o
 .ARM.attributes
                0x0000041f       0x34 ./Drivers/STM32F4xx_HAL_Driver/Src/stm32f4xx_hal_cortex.o
 .ARM.attributes
                0x00000453       0x34 ./Drivers/STM32F4xx_HAL_Driver/Src/stm32f4xx_hal_exti.o
 .ARM.attributes
                0x00000487       0x34 ./Drivers/STM32F4xx_HAL_Driver/Src/stm32f4xx_hal_gpio.o
 .ARM.attributes
                0x000004bb       0x34 ./Drivers/STM32F4xx_HAL_Driver/Src/stm32f4xx_hal_i2c.o
 .ARM.attributes
                0x000004ef       0x34 ./Drivers/STM32F4xx_HAL_Driver/Src/stm32f4xx_hal_ltdc.o
 .ARM.attributes
                0x00000523       0x34 ./Drivers/STM32F4xx_HAL_Driver/Src/stm32f4xx_hal_rcc.o
 .ARM.attributes
                0x00000557       0x34 ./Drivers/STM32F4xx_HAL_Driver/Src/stm32f4xx_hal_rcc_ex.o
 .ARM.attributes
                0x0000058b       0x34 ./Drivers/STM32F4xx_HAL_Driver/Src/stm32f4xx_hal_spi.o
 .ARM.attributes
                0x000005bf       0x34 C:/ST/STM32CubeIDE_1.16.0/STM32CubeIDE/plugins/com.st.stm32cube.ide.mcu.externaltools.gnu-tools-for-stm32.12.3.rel1.win32_1.1.0.202410251130/tools/bin/../lib/gcc/arm-none-eabi/12.3.1/../../../../arm-none-eabi/lib/thumb/v7e-m+fp/hard\libc_nano.a(libc_a-findfp.o)
 .ARM.attributes
                0x000005f3       0x34 C:/ST/STM32CubeIDE_1.16.0/STM32CubeIDE/plugins/com.st.stm32cube.ide.mcu.externaltools.gnu-tools-for-stm32.12.3.rel1.win32_1.1.0.202410251130/tools/bin/../lib/gcc/arm-none-eabi/12.3.1/../../../../arm-none-eabi/lib/thumb/v7e-m+fp/hard\libc_nano.a(libc_a-fwalk.o)
 .ARM.attributes
                0x00000627       0x34 C:/ST/STM32CubeIDE_1.16.0/STM32CubeIDE/plugins/com.st.stm32cube.ide.mcu.externaltools.gnu-tools-for-stm32.12.3.rel1.win32_1.1.0.202410251130/tools/bin/../lib/gcc/arm-none-eabi/12.3.1/../../../../arm-none-eabi/lib/thumb/v7e-m+fp/hard\libc_nano.a(libc_a-printf.o)
 .ARM.attributes
                0x0000065b       0x34 C:/ST/STM32CubeIDE_1.16.0/STM32CubeIDE/plugins/com.st.stm32cube.ide.mcu.externaltools.gnu-tools-for-stm32.12.3.rel1.win32_1.1.0.202410251130/tools/bin/../lib/gcc/arm-none-eabi/12.3.1/../../../../arm-none-eabi/lib/thumb/v7e-m+fp/hard\libc_nano.a(libc_a-stdio.o)
 .ARM.attributes
                0x0000068f       0x34 C:/ST/STM32CubeIDE_1.16.0/STM32CubeIDE/plugins/com.st.stm32cube.ide.mcu.externaltools.gnu-tools-for-stm32.12.3.rel1.win32_1.1.0.202410251130/tools/bin/../lib/gcc/arm-none-eabi/12.3.1/../../../../arm-none-eabi/lib/thumb/v7e-m+fp/hard\libc_nano.a(libc_a-wbuf.o)
 .ARM.attributes
                0x000006c3       0x34 C:/ST/STM32CubeIDE_1.16.0/STM32CubeIDE/plugins/com.st.stm32cube.ide.mcu.externaltools.gnu-tools-for-stm32.12.3.rel1.win32_1.1.0.202410251130/tools/bin/../lib/gcc/arm-none-eabi/12.3.1/../../../../arm-none-eabi/lib/thumb/v7e-m+fp/hard\libc_nano.a(libc_a-wsetup.o)
 .ARM.attributes
                0x000006f7       0x34 C:/ST/STM32CubeIDE_1.16.0/STM32CubeIDE/plugins/com.st.stm32cube.ide.mcu.externaltools.gnu-tools-for-stm32.12.3.rel1.win32_1.1.0.202410251130/tools/bin/../lib/gcc/arm-none-eabi/12.3.1/../../../../arm-none-eabi/lib/thumb/v7e-m+fp/hard\libc_nano.a(libc_a-memset.o)
 .ARM.attributes
                0x0000072b       0x34 C:/ST/STM32CubeIDE_1.16.0/STM32CubeIDE/plugins/com.st.stm32cube.ide.mcu.externaltools.gnu-tools-for-stm32.12.3.rel1.win32_1.1.0.202410251130/tools/bin/../lib/gcc/arm-none-eabi/12.3.1/../../../../arm-none-eabi/lib/thumb/v7e-m+fp/hard\libc_nano.a(libc_a-closer.o)
 .ARM.attributes
                0x0000075f       0x34 C:/ST/STM32CubeIDE_1.16.0/STM32CubeIDE/plugins/com.st.stm32cube.ide.mcu.externaltools.gnu-tools-for-stm32.12.3.rel1.win32_1.1.0.202410251130/tools/bin/../lib/gcc/arm-none-eabi/12.3.1/../../../../arm-none-eabi/lib/thumb/v7e-m+fp/hard\libc_nano.a(libc_a-reent.o)
 .ARM.attributes
                0x00000793       0x34 C:/ST/STM32CubeIDE_1.16.0/STM32CubeIDE/plugins/com.st.stm32cube.ide.mcu.externaltools.gnu-tools-for-stm32.12.3.rel1.win32_1.1.0.202410251130/tools/bin/../lib/gcc/arm-none-eabi/12.3.1/../../../../arm-none-eabi/lib/thumb/v7e-m+fp/hard\libc_nano.a(libc_a-impure.o)
 .ARM.attributes
                0x000007c7       0x34 C:/ST/STM32CubeIDE_1.16.0/STM32CubeIDE/plugins/com.st.stm32cube.ide.mcu.externaltools.gnu-tools-for-stm32.12.3.rel1.win32_1.1.0.202410251130/tools/bin/../lib/gcc/arm-none-eabi/12.3.1/../../../../arm-none-eabi/lib/thumb/v7e-m+fp/hard\libc_nano.a(libc_a-lseekr.o)
 .ARM.attributes
                0x000007fb       0x34 C:/ST/STM32CubeIDE_1.16.0/STM32CubeIDE/plugins/com.st.stm32cube.ide.mcu.externaltools.gnu-tools-for-stm32.12.3.rel1.win32_1.1.0.202410251130/tools/bin/../lib/gcc/arm-none-eabi/12.3.1/../../../../arm-none-eabi/lib/thumb/v7e-m+fp/hard\libc_nano.a(libc_a-readr.o)
 .ARM.attributes
                0x0000082f       0x34 C:/ST/STM32CubeIDE_1.16.0/STM32CubeIDE/plugins/com.st.stm32cube.ide.mcu.externaltools.gnu-tools-for-stm32.12.3.rel1.win32_1.1.0.202410251130/tools/bin/../lib/gcc/arm-none-eabi/12.3.1/../../../../arm-none-eabi/lib/thumb/v7e-m+fp/hard\libc_nano.a(libc_a-writer.o)
 .ARM.attributes
                0x00000863       0x34 C:/ST/STM32CubeIDE_1.16.0/STM32CubeIDE/plugins/com.st.stm32cube.ide.mcu.externaltools.gnu-tools-for-stm32.12.3.rel1.win32_1.1.0.202410251130/tools/bin/../lib/gcc/arm-none-eabi/12.3.1/../../../../arm-none-eabi/lib/thumb/v7e-m+fp/hard\libc_nano.a(libc_a-errno.o)
 .ARM.attributes
                0x00000897       0x34 C:/ST/STM32CubeIDE_1.16.0/STM32CubeIDE/plugins/com.st.stm32cube.ide.mcu.externaltools.gnu-tools-for-stm32.12.3.rel1.win32_1.1.0.202410251130/tools/bin/../lib/gcc/arm-none-eabi/12.3.1/../../../../arm-none-eabi/lib/thumb/v7e-m+fp/hard\libc_nano.a(libc_a-init.o)
 .ARM.attributes
                0x000008cb       0x34 C:/ST/STM32CubeIDE_1.16.0/STM32CubeIDE/plugins/com.st.stm32cube.ide.mcu.externaltools.gnu-tools-for-stm32.12.3.rel1.win32_1.1.0.202410251130/tools/bin/../lib/gcc/arm-none-eabi/12.3.1/../../../../arm-none-eabi/lib/thumb/v7e-m+fp/hard\libc_nano.a(libc_a-lock.o)
 .ARM.attributes
                0x000008ff       0x34 C:/ST/STM32CubeIDE_1.16.0/STM32CubeIDE/plugins/com.st.stm32cube.ide.mcu.externaltools.gnu-tools-for-stm32.12.3.rel1.win32_1.1.0.202410251130/tools/bin/../lib/gcc/arm-none-eabi/12.3.1/../../../../arm-none-eabi/lib/thumb/v7e-m+fp/hard\libc_nano.a(libc_a-memcpy-stub.o)
 .ARM.attributes
                0x00000933       0x34 C:/ST/STM32CubeIDE_1.16.0/STM32CubeIDE/plugins/com.st.stm32cube.ide.mcu.externaltools.gnu-tools-for-stm32.12.3.rel1.win32_1.1.0.202410251130/tools/bin/../lib/gcc/arm-none-eabi/12.3.1/../../../../arm-none-eabi/lib/thumb/v7e-m+fp/hard\libc_nano.a(libc_a-freer.o)
 .ARM.attributes
                0x00000967       0x34 C:/ST/STM32CubeIDE_1.16.0/STM32CubeIDE/plugins/com.st.stm32cube.ide.mcu.externaltools.gnu-tools-for-stm32.12.3.rel1.win32_1.1.0.202410251130/tools/bin/../lib/gcc/arm-none-eabi/12.3.1/../../../../arm-none-eabi/lib/thumb/v7e-m+fp/hard\libc_nano.a(libc_a-mallocr.o)
 .ARM.attributes
                0x0000099b       0x34 C:/ST/STM32CubeIDE_1.16.0/STM32CubeIDE/plugins/com.st.stm32cube.ide.mcu.externaltools.gnu-tools-for-stm32.12.3.rel1.win32_1.1.0.202410251130/tools/bin/../lib/gcc/arm-none-eabi/12.3.1/../../../../arm-none-eabi/lib/thumb/v7e-m+fp/hard\libc_nano.a(libc_a-mlock.o)
 .ARM.attributes
                0x000009cf       0x34 C:/ST/STM32CubeIDE_1.16.0/STM32CubeIDE/plugins/com.st.stm32cube.ide.mcu.externaltools.gnu-tools-for-stm32.12.3.rel1.win32_1.1.0.202410251130/tools/bin/../lib/gcc/arm-none-eabi/12.3.1/../../../../arm-none-eabi/lib/thumb/v7e-m+fp/hard\libc_nano.a(libc_a-nano-vfprintf.o)
 .ARM.attributes
                0x00000a03       0x34 C:/ST/STM32CubeIDE_1.16.0/STM32CubeIDE/plugins/com.st.stm32cube.ide.mcu.externaltools.gnu-tools-for-stm32.12.3.rel1.win32_1.1.0.202410251130/tools/bin/../lib/gcc/arm-none-eabi/12.3.1/../../../../arm-none-eabi/lib/thumb/v7e-m+fp/hard\libc_nano.a(libc_a-nano-vfprintf_i.o)
 .ARM.attributes
                0x00000a37       0x34 C:/ST/STM32CubeIDE_1.16.0/STM32CubeIDE/plugins/com.st.stm32cube.ide.mcu.externaltools.gnu-tools-for-stm32.12.3.rel1.win32_1.1.0.202410251130/tools/bin/../lib/gcc/arm-none-eabi/12.3.1/../../../../arm-none-eabi/lib/thumb/v7e-m+fp/hard\libc_nano.a(libc_a-fflush.o)
 .ARM.attributes
                0x00000a6b       0x34 C:/ST/STM32CubeIDE_1.16.0/STM32CubeIDE/plugins/com.st.stm32cube.ide.mcu.externaltools.gnu-tools-for-stm32.12.3.rel1.win32_1.1.0.202410251130/tools/bin/../lib/gcc/arm-none-eabi/12.3.1/../../../../arm-none-eabi/lib/thumb/v7e-m+fp/hard\libc_nano.a(libc_a-makebuf.o)
 .ARM.attributes
                0x00000a9f       0x34 C:/ST/STM32CubeIDE_1.16.0/STM32CubeIDE/plugins/com.st.stm32cube.ide.mcu.externaltools.gnu-tools-for-stm32.12.3.rel1.win32_1.1.0.202410251130/tools/bin/../lib/gcc/arm-none-eabi/12.3.1/../../../../arm-none-eabi/lib/thumb/v7e-m+fp/hard\libc_nano.a(libc_a-fstatr.o)
 .ARM.attributes
                0x00000ad3       0x34 C:/ST/STM32CubeIDE_1.16.0/STM32CubeIDE/plugins/com.st.stm32cube.ide.mcu.externaltools.gnu-tools-for-stm32.12.3.rel1.win32_1.1.0.202410251130/tools/bin/../lib/gcc/arm-none-eabi/12.3.1/../../../../arm-none-eabi/lib/thumb/v7e-m+fp/hard\libc_nano.a(libc_a-isattyr.o)
 .ARM.attributes
                0x00000b07       0x34 C:/ST/STM32CubeIDE_1.16.0/STM32CubeIDE/plugins/com.st.stm32cube.ide.mcu.externaltools.gnu-tools-for-stm32.12.3.rel1.win32_1.1.0.202410251130/tools/bin/../lib/gcc/arm-none-eabi/12.3.1/../../../../arm-none-eabi/lib/thumb/v7e-m+fp/hard\libc_nano.a(libc_a-sbrkr.o)
 .ARM.attributes
                0x00000b3b       0x1c C:/ST/STM32CubeIDE_1.16.0/STM32CubeIDE/plugins/com.st.stm32cube.ide.mcu.externaltools.gnu-tools-for-stm32.12.3.rel1.win32_1.1.0.202410251130/tools/bin/../lib/gcc/arm-none-eabi/12.3.1/../../../../arm-none-eabi/lib/thumb/v7e-m+fp/hard\libc_nano.a(libc_a-memchr.o)
 .ARM.attributes
                0x00000b57       0x22 C:/ST/STM32CubeIDE_1.16.0/STM32CubeIDE/plugins/com.st.stm32cube.ide.mcu.externaltools.gnu-tools-for-stm32.12.3.rel1.win32_1.1.0.202410251130/tools/bin/../lib/gcc/arm-none-eabi/12.3.1/thumb/v7e-m+fp/hard\libgcc.a(_aeabi_uldivmod.o)
 .ARM.attributes
                0x00000b79       0x34 C:/ST/STM32CubeIDE_1.16.0/STM32CubeIDE/plugins/com.st.stm32cube.ide.mcu.externaltools.gnu-tools-for-stm32.12.3.rel1.win32_1.1.0.202410251130/tools/bin/../lib/gcc/arm-none-eabi/12.3.1/thumb/v7e-m+fp/hard\libgcc.a(_udivmoddi4.o)
 .ARM.attributes
                0x00000bad       0x22 C:/ST/STM32CubeIDE_1.16.0/STM32CubeIDE/plugins/com.st.stm32cube.ide.mcu.externaltools.gnu-tools-for-stm32.12.3.rel1.win32_1.1.0.202410251130/tools/bin/../lib/gcc/arm-none-eabi/12.3.1/thumb/v7e-m+fp/hard\libgcc.a(_dvmd_tls.o)
 .ARM.attributes
                0x00000bcf       0x22 C:/ST/STM32CubeIDE_1.16.0/STM32CubeIDE/plugins/com.st.stm32cube.ide.mcu.externaltools.gnu-tools-for-stm32.12.3.rel1.win32_1.1.0.202410251130/tools/bin/../lib/gcc/arm-none-eabi/12.3.1/thumb/v7e-m+fp/hard/crtn.o
OUTPUT(PHindesFinal.elf elf32-littlearm)
LOAD linker stubs
LOAD C:/ST/STM32CubeIDE_1.16.0/STM32CubeIDE/plugins/com.st.stm32cube.ide.mcu.externaltools.gnu-tools-for-stm32.12.3.rel1.win32_1.1.0.202410251130/tools/bin/../lib/gcc/arm-none-eabi/12.3.1/../../../../arm-none-eabi/lib/thumb/v7e-m+fp/hard\libc.a
LOAD C:/ST/STM32CubeIDE_1.16.0/STM32CubeIDE/plugins/com.st.stm32cube.ide.mcu.externaltools.gnu-tools-for-stm32.12.3.rel1.win32_1.1.0.202410251130/tools/bin/../lib/gcc/arm-none-eabi/12.3.1/../../../../arm-none-eabi/lib/thumb/v7e-m+fp/hard\libm.a
LOAD C:/ST/STM32CubeIDE_1.16.0/STM32CubeIDE/plugins/com.st.stm32cube.ide.mcu.externaltools.gnu-tools-for-stm32.12.3.rel1.win32_1.1.0.202410251130/tools/bin/../lib/gcc/arm-none-eabi/12.3.1/thumb/v7e-m+fp/hard\libgcc.a

.debug_info     0x00000000     0xf844
 .debug_info    0x00000000      0xb6d ./Core/Src/ApplicationCode.o
 .debug_info    0x00000b6d     0x11d7 ./Core/Src/LCD_Driver.o
 .debug_info    0x00001d44      0x72c ./Core/Src/draw.o
 .debug_info    0x00002470      0x145 ./Core/Src/fonts.o
 .debug_info    0x000025b5      0x42d ./Core/Src/game.o
 .debug_info    0x000029e2      0x2c4 ./Core/Src/gameBoard.o
 .debug_info    0x00002ca6      0xc85 ./Core/Src/ili9341.o
 .debug_info    0x0000392b      0x524 ./Core/Src/main.o
 .debug_info    0x00003e4f      0x1ef ./Core/Src/pieces.o
 .debug_info    0x0000403e       0x9f ./Core/Src/rand.o
 .debug_info    0x000040dd      0x321 ./Core/Src/screens.o
 .debug_info    0x000043fe     0x17b6 ./Core/Src/stm32f4xx_hal_msp.o
 .debug_info    0x00005bb4      0x112 ./Core/Src/stm32f4xx_it.o
 .debug_info    0x00005cc6     0x124f ./Core/Src/stmpe811.o
 .debug_info    0x00006f15      0x6a3 ./Core/Src/syscalls.o
 .debug_info    0x000075b8      0x168 ./Core/Src/sysmem.o
 .debug_info    0x00007720      0x52e ./Core/Src/system_stm32f4xx.o
 .debug_info    0x00007c4e       0x30 ./Core/Startup/startup_stm32f429zitx.o
 .debug_info    0x00007c7e      0x9ba ./Drivers/STM32F4xx_HAL_Driver/Src/stm32f4xx_hal.o
 .debug_info    0x00008638      0xdc2 ./Drivers/STM32F4xx_HAL_Driver/Src/stm32f4xx_hal_cortex.o
 .debug_info    0x000093fa      0x4f4 ./Drivers/STM32F4xx_HAL_Driver/Src/stm32f4xx_hal_exti.o
 .debug_info    0x000098ee      0x6db ./Drivers/STM32F4xx_HAL_Driver/Src/stm32f4xx_hal_gpio.o
 .debug_info    0x00009fc9     0x2421 ./Drivers/STM32F4xx_HAL_Driver/Src/stm32f4xx_hal_i2c.o
 .debug_info    0x0000c3ea     0x1022 ./Drivers/STM32F4xx_HAL_Driver/Src/stm32f4xx_hal_ltdc.o
 .debug_info    0x0000d40c      0x8c7 ./Drivers/STM32F4xx_HAL_Driver/Src/stm32f4xx_hal_rcc.o
 .debug_info    0x0000dcd3      0x64c ./Drivers/STM32F4xx_HAL_Driver/Src/stm32f4xx_hal_rcc_ex.o
 .debug_info    0x0000e31f     0x1525 ./Drivers/STM32F4xx_HAL_Driver/Src/stm32f4xx_hal_spi.o

.debug_abbrev   0x00000000     0x3083
 .debug_abbrev  0x00000000      0x250 ./Core/Src/ApplicationCode.o
 .debug_abbrev  0x00000250      0x326 ./Core/Src/LCD_Driver.o
 .debug_abbrev  0x00000576      0x175 ./Core/Src/draw.o
 .debug_abbrev  0x000006eb       0xc6 ./Core/Src/fonts.o
 .debug_abbrev  0x000007b1      0x1b2 ./Core/Src/game.o
 .debug_abbrev  0x00000963      0x137 ./Core/Src/gameBoard.o
 .debug_abbrev  0x00000a9a      0x2c9 ./Core/Src/ili9341.o
 .debug_abbrev  0x00000d63      0x1f0 ./Core/Src/main.o
 .debug_abbrev  0x00000f53      0x14f ./Core/Src/pieces.o
 .debug_abbrev  0x000010a2       0x54 ./Core/Src/rand.o
 .debug_abbrev  0x000010f6      0x17f ./Core/Src/screens.o
 .debug_abbrev  0x00001275      0x25c ./Core/Src/stm32f4xx_hal_msp.o
 .debug_abbrev  0x000014d1       0x73 ./Core/Src/stm32f4xx_it.o
 .debug_abbrev  0x00001544      0x303 ./Core/Src/stmpe811.o
 .debug_abbrev  0x00001847      0x1b6 ./Core/Src/syscalls.o
 .debug_abbrev  0x000019fd       0xbc ./Core/Src/sysmem.o
 .debug_abbrev  0x00001ab9      0x11a ./Core/Src/system_stm32f4xx.o
 .debug_abbrev  0x00001bd3       0x24 ./Core/Startup/startup_stm32f429zitx.o
 .debug_abbrev  0x00001bf7      0x214 ./Drivers/STM32F4xx_HAL_Driver/Src/stm32f4xx_hal.o
 .debug_abbrev  0x00001e0b      0x31d ./Drivers/STM32F4xx_HAL_Driver/Src/stm32f4xx_hal_cortex.o
 .debug_abbrev  0x00002128      0x1c6 ./Drivers/STM32F4xx_HAL_Driver/Src/stm32f4xx_hal_exti.o
 .debug_abbrev  0x000022ee      0x1d4 ./Drivers/STM32F4xx_HAL_Driver/Src/stm32f4xx_hal_gpio.o
 .debug_abbrev  0x000024c2      0x2ad ./Drivers/STM32F4xx_HAL_Driver/Src/stm32f4xx_hal_i2c.o
 .debug_abbrev  0x0000276f      0x233 ./Drivers/STM32F4xx_HAL_Driver/Src/stm32f4xx_hal_ltdc.o
 .debug_abbrev  0x000029a2      0x2b7 ./Drivers/STM32F4xx_HAL_Driver/Src/stm32f4xx_hal_rcc.o
 .debug_abbrev  0x00002c59      0x1b0 ./Drivers/STM32F4xx_HAL_Driver/Src/stm32f4xx_hal_rcc_ex.o
 .debug_abbrev  0x00002e09      0x27a ./Drivers/STM32F4xx_HAL_Driver/Src/stm32f4xx_hal_spi.o

.debug_aranges  0x00000000      0xf80
 .debug_aranges
                0x00000000       0x40 ./Core/Src/ApplicationCode.o
 .debug_aranges
                0x00000040       0xd0 ./Core/Src/LCD_Driver.o
 .debug_aranges
                0x00000110       0x68 ./Core/Src/draw.o
 .debug_aranges
                0x00000178       0x18 ./Core/Src/fonts.o
 .debug_aranges
                0x00000190       0x58 ./Core/Src/game.o
 .debug_aranges
                0x000001e8       0x30 ./Core/Src/gameBoard.o
 .debug_aranges
                0x00000218       0x98 ./Core/Src/ili9341.o
 .debug_aranges
                0x000002b0       0x38 ./Core/Src/main.o
 .debug_aranges
                0x000002e8       0x28 ./Core/Src/pieces.o
 .debug_aranges
                0x00000310       0x20 ./Core/Src/rand.o
 .debug_aranges
                0x00000330       0x38 ./Core/Src/screens.o
 .debug_aranges
                0x00000368       0x70 ./Core/Src/stm32f4xx_hal_msp.o
 .debug_aranges
                0x000003d8       0x60 ./Core/Src/stm32f4xx_it.o
 .debug_aranges
                0x00000438       0x98 ./Core/Src/stmpe811.o
 .debug_aranges
                0x000004d0       0xa8 ./Core/Src/syscalls.o
 .debug_aranges
                0x00000578       0x20 ./Core/Src/sysmem.o
 .debug_aranges
                0x00000598       0x28 ./Core/Src/system_stm32f4xx.o
 .debug_aranges
                0x000005c0       0x28 ./Core/Startup/startup_stm32f429zitx.o
 .debug_aranges
                0x000005e8      0x100 ./Drivers/STM32F4xx_HAL_Driver/Src/stm32f4xx_hal.o
 .debug_aranges
                0x000006e8      0x130 ./Drivers/STM32F4xx_HAL_Driver/Src/stm32f4xx_hal_cortex.o
 .debug_aranges
                0x00000818       0x60 ./Drivers/STM32F4xx_HAL_Driver/Src/stm32f4xx_hal_exti.o
 .debug_aranges
                0x00000878       0x58 ./Drivers/STM32F4xx_HAL_Driver/Src/stm32f4xx_hal_gpio.o
 .debug_aranges
                0x000008d0      0x2a8 ./Drivers/STM32F4xx_HAL_Driver/Src/stm32f4xx_hal_i2c.o
 .debug_aranges
                0x00000b78      0x158 ./Drivers/STM32F4xx_HAL_Driver/Src/stm32f4xx_hal_ltdc.o
 .debug_aranges
                0x00000cd0       0x88 ./Drivers/STM32F4xx_HAL_Driver/Src/stm32f4xx_hal_rcc.o
 .debug_aranges
                0x00000d58       0x58 ./Drivers/STM32F4xx_HAL_Driver/Src/stm32f4xx_hal_rcc_ex.o
 .debug_aranges
                0x00000db0      0x1d0 ./Drivers/STM32F4xx_HAL_Driver/Src/stm32f4xx_hal_spi.o

.debug_rnglists
                0x00000000      0xbad
 .debug_rnglists
                0x00000000       0x2d ./Core/Src/ApplicationCode.o
 .debug_rnglists
                0x0000002d       0x9d ./Core/Src/LCD_Driver.o
 .debug_rnglists
                0x000000ca       0x52 ./Core/Src/draw.o
 .debug_rnglists
                0x0000011c       0x41 ./Core/Src/game.o
 .debug_rnglists
                0x0000015d       0x21 ./Core/Src/gameBoard.o
 .debug_rnglists
                0x0000017e       0x6f ./Core/Src/ili9341.o
 .debug_rnglists
                0x000001ed       0x27 ./Core/Src/main.o
 .debug_rnglists
                0x00000214       0x1a ./Core/Src/pieces.o
 .debug_rnglists
                0x0000022e       0x13 ./Core/Src/rand.o
 .debug_rnglists
                0x00000241       0x26 ./Core/Src/screens.o
 .debug_rnglists
                0x00000267       0x53 ./Core/Src/stm32f4xx_hal_msp.o
 .debug_rnglists
                0x000002ba       0x43 ./Core/Src/stm32f4xx_it.o
 .debug_rnglists
                0x000002fd       0x73 ./Core/Src/stmpe811.o
 .debug_rnglists
                0x00000370       0x79 ./Core/Src/syscalls.o
 .debug_rnglists
                0x000003e9       0x13 ./Core/Src/sysmem.o
 .debug_rnglists
                0x000003fc       0x1a ./Core/Src/system_stm32f4xx.o
 .debug_rnglists
                0x00000416       0x19 ./Core/Startup/startup_stm32f429zitx.o
 .debug_rnglists
                0x0000042f       0xbb ./Drivers/STM32F4xx_HAL_Driver/Src/stm32f4xx_hal.o
 .debug_rnglists
                0x000004ea       0xe0 ./Drivers/STM32F4xx_HAL_Driver/Src/stm32f4xx_hal_cortex.o
 .debug_rnglists
                0x000005ca       0x46 ./Drivers/STM32F4xx_HAL_Driver/Src/stm32f4xx_hal_exti.o
 .debug_rnglists
                0x00000610       0x3f ./Drivers/STM32F4xx_HAL_Driver/Src/stm32f4xx_hal_gpio.o
 .debug_rnglists
                0x0000064f      0x23c ./Drivers/STM32F4xx_HAL_Driver/Src/stm32f4xx_hal_i2c.o
 .debug_rnglists
                0x0000088b      0x10a ./Drivers/STM32F4xx_HAL_Driver/Src/stm32f4xx_hal_ltdc.o
 .debug_rnglists
                0x00000995       0x66 ./Drivers/STM32F4xx_HAL_Driver/Src/stm32f4xx_hal_rcc.o
 .debug_rnglists
                0x000009fb       0x43 ./Drivers/STM32F4xx_HAL_Driver/Src/stm32f4xx_hal_rcc_ex.o
 .debug_rnglists
                0x00000a3e      0x16f ./Drivers/STM32F4xx_HAL_Driver/Src/stm32f4xx_hal_spi.o

.debug_macro    0x00000000    0x271d6
 .debug_macro   0x00000000      0x3a8 ./Core/Src/ApplicationCode.o
 .debug_macro   0x000003a8      0xab4 ./Core/Src/ApplicationCode.o
 .debug_macro   0x00000e5c      0x2ad ./Core/Src/ApplicationCode.o
 .debug_macro   0x00001109       0x2e ./Core/Src/ApplicationCode.o
 .debug_macro   0x00001137       0x28 ./Core/Src/ApplicationCode.o
 .debug_macro   0x0000115f       0x22 ./Core/Src/ApplicationCode.o
 .debug_macro   0x00001181       0x8e ./Core/Src/ApplicationCode.o
 .debug_macro   0x0000120f       0x51 ./Core/Src/ApplicationCode.o
 .debug_macro   0x00001260      0x103 ./Core/Src/ApplicationCode.o
 .debug_macro   0x00001363       0x6a ./Core/Src/ApplicationCode.o
 .debug_macro   0x000013cd      0x1df ./Core/Src/ApplicationCode.o
 .debug_macro   0x000015ac       0x1c ./Core/Src/ApplicationCode.o
 .debug_macro   0x000015c8       0x22 ./Core/Src/ApplicationCode.o
 .debug_macro   0x000015ea       0xfb ./Core/Src/ApplicationCode.o
 .debug_macro   0x000016e5     0x1011 ./Core/Src/ApplicationCode.o
 .debug_macro   0x000026f6      0x11f ./Core/Src/ApplicationCode.o
 .debug_macro   0x00002815    0x17fd8 ./Core/Src/ApplicationCode.o
 .debug_macro   0x0001a7ed       0x6d ./Core/Src/ApplicationCode.o
 .debug_macro   0x0001a85a     0x3711 ./Core/Src/ApplicationCode.o
 .debug_macro   0x0001df6b      0x189 ./Core/Src/ApplicationCode.o
 .debug_macro   0x0001e0f4       0x5c ./Core/Src/ApplicationCode.o
 .debug_macro   0x0001e150      0xcba ./Core/Src/ApplicationCode.o
 .debug_macro   0x0001ee0a      0x9e9 ./Core/Src/ApplicationCode.o
 .debug_macro   0x0001f7f3      0x115 ./Core/Src/ApplicationCode.o
 .debug_macro   0x0001f908      0x156 ./Core/Src/ApplicationCode.o
 .debug_macro   0x0001fa5e       0xa5 ./Core/Src/ApplicationCode.o
 .debug_macro   0x0001fb03      0x182 ./Core/Src/ApplicationCode.o
 .debug_macro   0x0001fc85      0x287 ./Core/Src/ApplicationCode.o
 .debug_macro   0x0001ff0c       0x5f ./Core/Src/ApplicationCode.o
 .debug_macro   0x0001ff6b      0x236 ./Core/Src/ApplicationCode.o
 .debug_macro   0x000201a1      0x132 ./Core/Src/ApplicationCode.o
 .debug_macro   0x000202d3      0x41d ./Core/Src/ApplicationCode.o
 .debug_macro   0x000206f0       0x2e ./Core/Src/ApplicationCode.o
 .debug_macro   0x0002071e      0x1b5 ./Core/Src/ApplicationCode.o
 .debug_macro   0x000208d3       0x22 ./Core/Src/ApplicationCode.o
 .debug_macro   0x000208f5       0xd6 ./Core/Src/ApplicationCode.o
 .debug_macro   0x000209cb      0x198 ./Core/Src/ApplicationCode.o
 .debug_macro   0x00020b63       0xd6 ./Core/Src/ApplicationCode.o
 .debug_macro   0x00020c39      0x127 ./Core/Src/ApplicationCode.o
 .debug_macro   0x00020d60       0xe2 ./Core/Src/ApplicationCode.o
 .debug_macro   0x00020e42       0x89 ./Core/Src/ApplicationCode.o
 .debug_macro   0x00020ecb       0xa4 ./Core/Src/ApplicationCode.o
 .debug_macro   0x00020f6f      0x225 ./Core/Src/ApplicationCode.o
 .debug_macro   0x00021194      0x8ed ./Core/Src/ApplicationCode.o
 .debug_macro   0x00021a81       0x4d ./Core/Src/ApplicationCode.o
 .debug_macro   0x00021ace      0x134 ./Core/Src/ApplicationCode.o
 .debug_macro   0x00021c02      0x332 ./Core/Src/ApplicationCode.o
 .debug_macro   0x00021f34       0x22 ./Core/Src/ApplicationCode.o
 .debug_macro   0x00021f56      0x17f ./Core/Src/ApplicationCode.o
 .debug_macro   0x000220d5       0x88 ./Core/Src/ApplicationCode.o
 .debug_macro   0x0002215d       0x61 ./Core/Src/ApplicationCode.o
 .debug_macro   0x000221be       0x2a ./Core/Src/ApplicationCode.o
 .debug_macro   0x000221e8       0x43 ./Core/Src/ApplicationCode.o
 .debug_macro   0x0002222b       0x34 ./Core/Src/ApplicationCode.o
 .debug_macro   0x0002225f       0x16 ./Core/Src/ApplicationCode.o
 .debug_macro   0x00022275       0x35 ./Core/Src/ApplicationCode.o
 .debug_macro   0x000222aa      0x369 ./Core/Src/ApplicationCode.o
 .debug_macro   0x00022613       0x10 ./Core/Src/ApplicationCode.o
 .debug_macro   0x00022623       0x16 ./Core/Src/ApplicationCode.o
 .debug_macro   0x00022639       0x43 ./Core/Src/ApplicationCode.o
 .debug_macro   0x0002267c       0x34 ./Core/Src/ApplicationCode.o
 .debug_macro   0x000226b0       0x10 ./Core/Src/ApplicationCode.o
 .debug_macro   0x000226c0       0x58 ./Core/Src/ApplicationCode.o
 .debug_macro   0x00022718       0x8e ./Core/Src/ApplicationCode.o
 .debug_macro   0x000227a6       0x1c ./Core/Src/ApplicationCode.o
 .debug_macro   0x000227c2      0x177 ./Core/Src/ApplicationCode.o
 .debug_macro   0x00022939       0x16 ./Core/Src/ApplicationCode.o
 .debug_macro   0x0002294f       0x16 ./Core/Src/ApplicationCode.o
 .debug_macro   0x00022965      0x146 ./Core/Src/ApplicationCode.o
 .debug_macro   0x00022aab       0x1c ./Core/Src/ApplicationCode.o
 .debug_macro   0x00022ac7       0x16 ./Core/Src/ApplicationCode.o
 .debug_macro   0x00022add       0x20 ./Core/Src/ApplicationCode.o
 .debug_macro   0x00022afd      0x245 ./Core/Src/LCD_Driver.o
 .debug_macro   0x00022d42      0x288 ./Core/Src/draw.o