../Core/Src/LCD_Driver.c:292:6:LCD_Clear.part.0	0	static
../Core/Src/LCD_Driver.c:33:6:LCD_GPIO_Init	64	static
../Core/Src/LCD_Driver.c:116:6:LTCD_Layer_Init	64	static,ignoring_inline_asm
../Core/Src/LCD_Driver.c:143:6:clearScreen	0	static
../Core/Src/LCD_Driver.c:148:6:LTCD__Init	16	static,ignoring_inline_asm
../Core/Src/LCD_Driver.c:207:6:LCD_Draw_Pixel	0	static
../Core/Src/LCD_Driver.c:231:6:LCD_Draw_Circle_Fill	40	static
../Core/Src/LCD_Driver.c:245:6:LCD_Draw_Rectangle_Fill	32	static
../Core/Src/LCD_Driver.c:266:6:Draw_BottomLeft_to_TopRight_Triangle_Fill	24	static
../Core/Src/LCD_Driver.c:274:6:Draw_TopRight_to_BottomLeft_Triangle_Fill	24	static
../Core/Src/LCD_Driver.c:284:6:LCD_Draw_Vertical_Line	16	static
../Core/Src/LCD_Driver.c:292:6:LCD_Clear	0	static
../Core/Src/LCD_Driver.c:303:6:LCD_SetTextColor	0	static
../Core/Src/LCD_Driver.c:309:6:LCD_SetFont	0	static
../Core/Src/LCD_Driver.c:315:6:LCD_Draw_Char	40	static
../Core/Src/LCD_Driver.c:335:6:LCD_DisplayChar	4	static
../Core/Src/LCD_Driver.c:341:6:LCD_DisplayString	16	static
../Core/Src/LCD_Driver.c:352:6:visualDemo	8	static
../Core/Src/LCD_Driver.c:402:6:LCD_Error_Handler	0	static,ignoring_inline_asm
../Core/Src/LCD_Driver.c:417:6:InitializeLCDTouch	8	static
../Core/Src/LCD_Driver.c:425:18:returnTouchStateAndLocation	0	static
../Core/Src/LCD_Driver.c:430:6:DetermineTouchPosition	0	static
../Core/Src/LCD_Driver.c:435:9:ReadRegisterFromTouchModule	0	static
../Core/Src/LCD_Driver.c:440:6:WriteDataToTouchModule	0	static
