../Core/Src/ApplicationCode.c:23:6:ApplicationInit	8	static
../Core/Src/ApplicationCode.c:44:6:Draw_Arrow_Up	32	static
../Core/Src/ApplicationCode.c:58:6:Draw_Arrow_Down	32	static
../Core/Src/ApplicationCode.c:72:6:Draw_Arrow_Left	32	static
../Core/Src/ApplicationCode.c:86:6:Draw_Arrow_Right	32	static
../Core/Src/ApplicationCode.c:103:6:Draw_Arrows_On_Screen	16	static
../Core/Src/ApplicationCode.c:111:6:Draw_Tetris_Block	40	static
../Core/Src/ApplicationCode.c:137:6:Fill_Tetris_Board	48	static
../Core/Src/ApplicationCode.c:158:6:LCD_Visual_Demo	808	static
../Core/Src/ApplicationCode.c:178:6:LCD_Touch_Polling_Demo	8	static
../Core/Src/ApplicationCode.c:195:9:Determine_Touch_Quadrant	24	static
../Core/Src/ApplicationCode.c:223:6:LCDTouchScreenInterruptGPIOInit	32	static
../Core/Src/ApplicationCode.c:247:6:EXTI15_10_IRQHandler	16	static
