../Core/Src/LCD_Driver.c:33:6:LCD_GPIO_Init	56	static
../Core/Src/LCD_Driver.c:116:6:LTCD_Layer_Init	72	static
../Core/Src/LCD_Driver.c:143:6:clearScreen	8	static
../Core/Src/LCD_Driver.c:148:6:LTCD__Init	8	static
../Core/Src/LCD_Driver.c:207:6:LCD_Draw_Pixel	16	static
../Core/Src/LCD_Driver.c:220:6:LCD_Draw_Circle_Fill	32	static
../Core/Src/LCD_Driver.c:234:6:LCD_Draw_Rectangle_Fill	32	static
../Core/Src/LCD_Driver.c:255:6:Draw_BottomLeft_to_TopRight_Triangle_Fill	32	static
../Core/Src/LCD_Driver.c:263:6:Draw_TopRight_to_BottomLeft_Triangle_Fill	32	static
../Core/Src/LCD_Driver.c:273:6:LCD_Draw_Vertical_Line	32	static
../Core/Src/LCD_Driver.c:281:6:LCD_Clear	24	static
../Core/Src/LCD_Driver.c:292:6:LCD_SetTextColor	16	static
../Core/Src/LCD_Driver.c:298:6:LCD_SetFont	16	static
../Core/Src/LCD_Driver.c:304:6:LCD_Draw_Char	24	static
../Core/Src/LCD_Driver.c:324:6:LCD_DisplayChar	16	static
../Core/Src/LCD_Driver.c:330:6:LCD_DisplayString	40	static
../Core/Src/LCD_Driver.c:341:6:visualDemo	16	static
../Core/Src/LCD_Driver.c:391:6:LCD_Error_Handler	4	static,ignoring_inline_asm
../Core/Src/LCD_Driver.c:406:6:InitializeLCDTouch	8	static
../Core/Src/LCD_Driver.c:414:18:returnTouchStateAndLocation	16	static
../Core/Src/LCD_Driver.c:419:6:DetermineTouchPosition	16	static
../Core/Src/LCD_Driver.c:424:9:ReadRegisterFromTouchModule	16	static
../Core/Src/LCD_Driver.c:429:6:WriteDataToTouchModule	16	static
