../Core/Src/main.c:79:5:main	8	static
../Core/Src/main.c:135:6:SystemClock_Config	88	static
../Core/Src/main.c:181:13:MX_I2C3_Init	8	static
../Core/Src/main.c:229:13:MX_LTDC_Init	112	static
../Core/Src/main.c:311:13:MX_RNG_Init	8	static
../Core/Src/main.c:337:13:MX_SPI5_Init	8	static
../Core/Src/main.c:375:13:MX_TIM5_Init	16	static
../Core/Src/main.c:414:13:MX_GPIO_Init	64	static
../Core/Src/main.c:581:6:SystemClockOverride	80	static
../Core/Src/main.c:615:6:Error_Handler	4	static,ignoring_inline_asm
